Archive member included to satisfy reference by file (symbol)

/home/thorsten/workspace/canbox_nxp_LPC546xx/LPC54616J512_Project/libs/libpower_hardabi.a(fsl_power_lib.o)
                              ./drivers/fsl_clock.o (POWER_SetVoltageForFreq)
/storage/local/mcuxpressoide-10.2.1_795/ide/tools/bin/../lib/gcc/arm-none-eabi/7.2.1/../../../../arm-none-eabi/lib/thumb/v7e-m/fpv4-sp/hard/libc.a(lib_a-assert.o)
                              ./utilities/fsl_debug_console.o (__assert_func)
/storage/local/mcuxpressoide-10.2.1_795/ide/tools/bin/../lib/gcc/arm-none-eabi/7.2.1/../../../../arm-none-eabi/lib/thumb/v7e-m/fpv4-sp/hard/libc.a(lib_a-fiprintf.o)
                              /storage/local/mcuxpressoide-10.2.1_795/ide/tools/bin/../lib/gcc/arm-none-eabi/7.2.1/../../../../arm-none-eabi/lib/thumb/v7e-m/fpv4-sp/hard/libc.a(lib_a-assert.o) (fiprintf)
/storage/local/mcuxpressoide-10.2.1_795/ide/tools/bin/../lib/gcc/arm-none-eabi/7.2.1/../../../../arm-none-eabi/lib/thumb/v7e-m/fpv4-sp/hard/libc.a(lib_a-impure.o)
                              /storage/local/mcuxpressoide-10.2.1_795/ide/tools/bin/../lib/gcc/arm-none-eabi/7.2.1/../../../../arm-none-eabi/lib/thumb/v7e-m/fpv4-sp/hard/libc.a(lib_a-assert.o) (_impure_ptr)
/storage/local/mcuxpressoide-10.2.1_795/ide/tools/bin/../lib/gcc/arm-none-eabi/7.2.1/../../../../arm-none-eabi/lib/thumb/v7e-m/fpv4-sp/hard/libc.a(lib_a-malloc.o)
                              ./drivers/fsl_common.o (malloc)
/storage/local/mcuxpressoide-10.2.1_795/ide/tools/bin/../lib/gcc/arm-none-eabi/7.2.1/../../../../arm-none-eabi/lib/thumb/v7e-m/fpv4-sp/hard/libc.a(lib_a-mallocr.o)
                              /storage/local/mcuxpressoide-10.2.1_795/ide/tools/bin/../lib/gcc/arm-none-eabi/7.2.1/../../../../arm-none-eabi/lib/thumb/v7e-m/fpv4-sp/hard/libc.a(lib_a-malloc.o) (_malloc_r)
/storage/local/mcuxpressoide-10.2.1_795/ide/tools/bin/../lib/gcc/arm-none-eabi/7.2.1/../../../../arm-none-eabi/lib/thumb/v7e-m/fpv4-sp/hard/libc.a(lib_a-memcpy.o)
                              ./drivers/fsl_mcan.o (memcpy)
/storage/local/mcuxpressoide-10.2.1_795/ide/tools/bin/../lib/gcc/arm-none-eabi/7.2.1/../../../../arm-none-eabi/lib/thumb/v7e-m/fpv4-sp/hard/libc.a(lib_a-memset.o)
                              ./drivers/fsl_dma.o (memset)
/storage/local/mcuxpressoide-10.2.1_795/ide/tools/bin/../lib/gcc/arm-none-eabi/7.2.1/../../../../arm-none-eabi/lib/thumb/v7e-m/fpv4-sp/hard/libc.a(lib_a-mlock.o)
                              /storage/local/mcuxpressoide-10.2.1_795/ide/tools/bin/../lib/gcc/arm-none-eabi/7.2.1/../../../../arm-none-eabi/lib/thumb/v7e-m/fpv4-sp/hard/libc.a(lib_a-mallocr.o) (__malloc_lock)
/storage/local/mcuxpressoide-10.2.1_795/ide/tools/bin/../lib/gcc/arm-none-eabi/7.2.1/../../../../arm-none-eabi/lib/thumb/v7e-m/fpv4-sp/hard/libc.a(lib_a-printf.o)
                              ./source/LPC54616J512_Project.o (printf)
/storage/local/mcuxpressoide-10.2.1_795/ide/tools/bin/../lib/gcc/arm-none-eabi/7.2.1/../../../../arm-none-eabi/lib/thumb/v7e-m/fpv4-sp/hard/libc.a(lib_a-sbrkr.o)
                              /storage/local/mcuxpressoide-10.2.1_795/ide/tools/bin/../lib/gcc/arm-none-eabi/7.2.1/../../../../arm-none-eabi/lib/thumb/v7e-m/fpv4-sp/hard/libc.a(lib_a-mallocr.o) (_sbrk_r)
/storage/local/mcuxpressoide-10.2.1_795/ide/tools/bin/../lib/gcc/arm-none-eabi/7.2.1/../../../../arm-none-eabi/lib/thumb/v7e-m/fpv4-sp/hard/libc.a(lib_a-strlen.o)
                              ./utilities/fsl_str.o (strlen)
/storage/local/mcuxpressoide-10.2.1_795/ide/tools/bin/../lib/gcc/arm-none-eabi/7.2.1/../../../../arm-none-eabi/lib/thumb/v7e-m/fpv4-sp/hard/libc.a(lib_a-vfiprintf.o)
                              /storage/local/mcuxpressoide-10.2.1_795/ide/tools/bin/../lib/gcc/arm-none-eabi/7.2.1/../../../../arm-none-eabi/lib/thumb/v7e-m/fpv4-sp/hard/libc.a(lib_a-fiprintf.o) (_vfiprintf_r)
/storage/local/mcuxpressoide-10.2.1_795/ide/tools/bin/../lib/gcc/arm-none-eabi/7.2.1/../../../../arm-none-eabi/lib/thumb/v7e-m/fpv4-sp/hard/libc.a(lib_a-vfprintf.o)
                              /storage/local/mcuxpressoide-10.2.1_795/ide/tools/bin/../lib/gcc/arm-none-eabi/7.2.1/../../../../arm-none-eabi/lib/thumb/v7e-m/fpv4-sp/hard/libc.a(lib_a-printf.o) (_vfprintf_r)
/storage/local/mcuxpressoide-10.2.1_795/ide/tools/bin/../lib/gcc/arm-none-eabi/7.2.1/../../../../arm-none-eabi/lib/thumb/v7e-m/fpv4-sp/hard/libc.a(lib_a-wsetup.o)
                              /storage/local/mcuxpressoide-10.2.1_795/ide/tools/bin/../lib/gcc/arm-none-eabi/7.2.1/../../../../arm-none-eabi/lib/thumb/v7e-m/fpv4-sp/hard/libc.a(lib_a-vfiprintf.o) (__swsetup_r)
/storage/local/mcuxpressoide-10.2.1_795/ide/tools/bin/../lib/gcc/arm-none-eabi/7.2.1/../../../../arm-none-eabi/lib/thumb/v7e-m/fpv4-sp/hard/libc.a(lib_a-abort.o)
                              /storage/local/mcuxpressoide-10.2.1_795/ide/tools/bin/../lib/gcc/arm-none-eabi/7.2.1/../../../../arm-none-eabi/lib/thumb/v7e-m/fpv4-sp/hard/libc.a(lib_a-assert.o) (abort)
[...]
Memory Configuration

Name             Origin             Length             Attributes
PROGRAM_FLASH    0x0000000000000000 0x0000000000080000 xr
SRAM_0_1_2_3     0x0000000020000000 0x0000000000028000 xrw
SRAMX            0x0000000004000000 0x0000000000008000 xrw
USB_RAM          0x0000000040100000 0x0000000000002000 xrw
*default*        0x0000000000000000 0xffffffffffffffff

Linker script and memory map

LOAD ./utilities/fsl_debug_console.o
LOAD ./utilities/fsl_io.o
LOAD ./utilities/fsl_log.o
LOAD ./utilities/fsl_str.o
LOAD ./startup/startup_lpc54616.o
LOAD ./source/LPC54616J512_Project.o
LOAD ./source/semihost_hardfault.o
LOAD ./drivers/fsl_adc.o
LOAD ./drivers/fsl_clock.o
LOAD ./drivers/fsl_common.o
LOAD ./drivers/fsl_ctimer.o
LOAD ./drivers/fsl_dma.o
LOAD ./drivers/fsl_flexcomm.o
LOAD ./drivers/fsl_gpio.o
LOAD ./drivers/fsl_i2c.o
LOAD ./drivers/fsl_i2c_dma.o
LOAD ./drivers/fsl_inputmux.o
LOAD ./drivers/fsl_mcan.o
LOAD ./drivers/fsl_pint.o
LOAD ./drivers/fsl_power.o
LOAD ./drivers/fsl_reset.o
LOAD ./drivers/fsl_sctimer.o
LOAD ./drivers/fsl_spi.o
LOAD ./drivers/fsl_spi_dma.o
LOAD ./drivers/fsl_usart.o
LOAD ./drivers/fsl_usart_cmsis.o
LOAD ./drivers/fsl_usart_dma.o
LOAD ./drivers/fsl_utick.o
LOAD ./board/board.o
LOAD ./board/clock_config.o
LOAD ./board/peripherals.o
LOAD ./board/pin_mux.o
LOAD ./CMSIS/system_LPC54616.o
LOAD /home/thorsten/workspace/canbox_nxp_LPC546xx/LPC54616J512_Project/libs/libpower_hardabi.a
LOAD /home/thorsten/workspace/canbox_nxp_LPC546xx/LPC54616J512_Project/libs/libarm_cortexM4lf_math.a
LOAD /storage/local/mcuxpressoide-10.2.1_795/ide/tools/bin/../lib/gcc/arm-none-eabi/7.2.1/../../../../arm-none-eabi/lib/thumb/v7e-m/fpv4-sp/hard/libc.a
START GROUP
LOAD /storage/local/mcuxpressoide-10.2.1_795/ide/tools/bin/../lib/gcc/arm-none-eabi/7.2.1/thumb/v7e-m/fpv4-sp/hard/libgcc.a
LOAD /storage/local/mcuxpressoide-10.2.1_795/ide/tools/bin/../lib/gcc/arm-none-eabi/7.2.1/../../../../arm-none-eabi/lib/thumb/v7e-m/fpv4-sp/hard/libc.a
LOAD /storage/local/mcuxpressoide-10.2.1_795/ide/tools/bin/../lib/gcc/arm-none-eabi/7.2.1/../../../../arm-none-eabi/lib/thumb/v7e-m/fpv4-sp/hard/libm.a
LOAD /storage/local/mcuxpressoide-10.2.1_795/ide/tools/bin/../lib/gcc/arm-none-eabi/7.2.1/../../../../arm-none-eabi/lib/thumb/v7e-m/fpv4-sp/hard/libcr_newlib_nohost.a
END GROUP
                0x0000000000000000                __base_PROGRAM_FLASH = 0x0
                0x0000000000000000                __base_Flash = 0x0
                0x0000000000080000                __top_PROGRAM_FLASH = 0x80000
                0x0000000000080000                __top_Flash = 0x80000
                0x0000000020000000                __base_SRAM_0_1_2_3 = 0x20000000
                0x0000000020000000                __base_RAM = 0x20000000
                0x0000000020028000                __top_SRAM_0_1_2_3 = 0x20028000
                0x0000000020028000                __top_RAM = 0x20028000
                0x0000000004000000                __base_SRAMX = 0x4000000
                0x0000000004000000                __base_RAM2 = 0x4000000
                0x0000000004008000                __top_SRAMX = 0x4008000
                0x0000000004008000                __top_RAM2 = 0x4008000
                0x0000000040100000                __base_USB_RAM = 0x40100000
                0x0000000040100000                __base_RAM3 = 0x40100000
                0x0000000040102000                __top_USB_RAM = 0x40102000
                0x0000000040102000                __top_RAM3 = 0x40102000

.text           0x0000000000000000     0xb98c
 FILL mask 0xff
                0x0000000000000000                __vectors_start__ = ABSOLUTE (.)
 *(SORT_BY_ALIGNMENT(.isr_vector))
 .isr_vector    0x0000000000000000      0x124 ./startup/startup_lpc54616.o
                0x0000000000000000                __Vectors
                0x0000000000000000                g_pfnVectors
                0x0000000000000124                . = ALIGN (0x4)
                0x0000000000000124                __section_table_start = .
                0x0000000000000124                __data_section_table = .
                0x0000000000000124        0x4 LONG 0xb994 LOADADDR (.data)
                0x0000000000000128        0x4 LONG 0x20000000 ADDR (.data)
                0x000000000000012c        0x4 LONG 0x9ac SIZEOF (.data)
                0x0000000000000130        0x4 LONG 0xb994 LOADADDR (.data_RAM2)
                0x0000000000000134        0x4 LONG 0x4000000 ADDR (.data_RAM2)
                0x0000000000000138        0x4 LONG 0x0 SIZEOF (.data_RAM2)
                0x000000000000013c        0x4 LONG 0xb994 LOADADDR (.data_RAM3)
                0x0000000000000140        0x4 LONG 0x40100000 ADDR (.data_RAM3)
                0x0000000000000144        0x4 LONG 0x0 SIZEOF (.data_RAM3)
                0x0000000000000148                __data_section_table_end = .
                0x0000000000000148                __bss_section_table = .
                0x0000000000000148        0x4 LONG 0x200009ac ADDR (.bss)
                0x000000000000014c        0x4 LONG 0x1ec SIZEOF (.bss)
                0x0000000000000150        0x4 LONG 0x4000000 ADDR (.bss_RAM2)
                0x0000000000000154        0x4 LONG 0x0 SIZEOF (.bss_RAM2)
                0x0000000000000158        0x4 LONG 0x40100000 ADDR (.bss_RAM3)
                0x000000000000015c        0x4 LONG 0x0 SIZEOF (.bss_RAM3)
                0x0000000000000160                __bss_section_table_end = .
                0x0000000000000160                __section_table_end = .
 *(SORT_BY_ALIGNMENT(.after_vectors*))
 .after_vectors.reset
                0x0000000000000160       0x58 ./startup/startup_lpc54616.o
                0x0000000000000160                ResetISR
 .after_vectors.init_data
                0x00000000000001b8       0x1e ./startup/startup_lpc54616.o
                0x00000000000001b8                data_init
 .after_vectors.init_bss
                0x00000000000001d6       0x12 ./startup/startup_lpc54616.o
                0x00000000000001d6                bss_init
 .after_vectors
                0x00000000000001e8       0x14 ./startup/startup_lpc54616.o
                0x00000000000001e8                NMI_Handler
                0x00000000000001ec                MemManage_Handler
                0x00000000000001ee                BusFault_Handler
                0x00000000000001f0                UsageFault_Handler
                0x00000000000001f2                SVC_Handler
                0x00000000000001f4                DebugMon_Handler
                0x00000000000001f6                PendSV_Handler
                0x00000000000001f8                SysTick_Handler
                0x00000000000001fa                EEPROM_DriverIRQHandler
                0x00000000000001fa                RIT_DriverIRQHandler
                0x00000000000001fa                ETHERNET_DriverIRQHandler
                0x00000000000001fa                SPIFI0_DriverIRQHandler
                0x00000000000001fa                IntDefaultHandler
                0x00000000000001fa                USB0_DriverIRQHandler
                0x00000000000001fa                MRT0_DriverIRQHandler
                0x00000000000001fa                DMIC0_DriverIRQHandler
                0x00000000000001fa                Reserved47_DriverIRQHandler
                0x00000000000001fa                ADC0_THCMP_DriverIRQHandler
                0x00000000000001fa                GINT1_DriverIRQHandler
                0x00000000000001fa                USB0_NEEDCLK_DriverIRQHandler
                0x00000000000001fa                ADC0_SEQB_DriverIRQHandler
                0x00000000000001fa                ETHERNET_MACLP_DriverIRQHandler
                0x00000000000001fa                HWVAD0_DriverIRQHandler
                0x00000000000001fa                RTC_DriverIRQHandler
                0x00000000000001fa                LCD_DriverIRQHandler
                0x00000000000001fa                ETHERNET_PMT_DriverIRQHandler
                0x00000000000001fa                USB1_DriverIRQHandler
                0x00000000000001fa                ADC0_SEQA_DriverIRQHandler
                0x00000000000001fa                USB1_NEEDCLK_DriverIRQHandler
                0x00000000000001fa                SMARTCARD0_DriverIRQHandler
                0x00000000000001fa                SDIO_DriverIRQHandler
                0x00000000000001fa                SHA_DriverIRQHandler
                0x00000000000001fa                GINT0_DriverIRQHandler
                0x00000000000001fa                SMARTCARD1_DriverIRQHandler
                0x00000000000001fa                Reserved46_DriverIRQHandler
                0x00000000000001fa                WDT_BOD_DriverIRQHandler
                0x00000000000001fa                SCT0_DriverIRQHandler
 *(SORT_BY_ALIGNMENT(.text*))
 *fill*         0x00000000000001fc        0x4 ff
 .text          0x0000000000000200       0xdc /storage/local/mcuxpressoide-10.2.1_795/ide/tools/bin/../lib/gcc/arm-none-eabi/7.2.1/../../../../arm-none-eabi/lib/thumb/v7e-m/fpv4-sp/hard/libc.a(lib_a-strlen.o)
                0x0000000000000200                strlen
 *fill*         0x00000000000002dc        0x4 ff
 .text          0x00000000000002e0       0xa0 /storage/local/mcuxpressoide-10.2.1_795/ide/tools/bin/../lib/gcc/arm-none-eabi/7.2.1/../../../../arm-none-eabi/lib/thumb/v7e-m/fpv4-sp/hard/libc.a(lib_a-memchr.o)
                0x00000000000002e0                memchr
 .text._vfprintf_r
                0x0000000000000380     0x150c /storage/local/mcuxpressoide-10.2.1_795/ide/tools/bin/../lib/gcc/arm-none-eabi/7.2.1/../../../../arm-none-eabi/lib/thumb/v7e-m/fpv4-sp/hard/libc.a(lib_a-vfprintf.o)
                0x0000000000000380                _vfprintf_r
 *fill*         0x000000000000188c        0x4 ff
 .text._dtoa_r  0x0000000000001890      0xe28 /storage/local/mcuxpressoide-10.2.1_795/ide/tools/bin/../lib/gcc/arm-none-eabi/7.2.1/../../../../arm-none-eabi/lib/thumb/v7e-m/fpv4-sp/hard/libc.a(lib_a-dtoa.o)
                0x0000000000001890                _dtoa_r
 .text.IO_Transfer
                0x00000000000026b8       0x5c ./utilities/fsl_io.o
                0x00000000000026b8                IO_Transfer
 .text.LOG_Push
                0x0000000000002714       0x3c ./utilities/fsl_log.o
                0x0000000000002714                LOG_Push
 .text.LOG_ReadLine
                0x0000000000002750       0xb8 ./utilities/fsl_log.o
                0x0000000000002750                LOG_ReadLine
 .text.main     0x0000000000002808       0x30 ./source/LPC54616J512_Project.o
                0x0000000000002808                main
 .text.CLOCK_EnableClock
                0x0000000000002838       0x54 ./drivers/fsl_adc.o
 .text.ADC_GetInstance
                0x000000000000288c       0x54 ./drivers/fsl_adc.o
 .text.ADC_Init
                0x00000000000028e0       0x9c ./drivers/fsl_adc.o
                0x00000000000028e0                ADC_Init
 .text.CLOCK_GetAsyncApbClkSrc
                0x000000000000297c       0x20 ./drivers/fsl_clock.o
 .text.CLOCK_AttachClk
                0x000000000000299c       0x98 ./drivers/fsl_clock.o
                0x000000000000299c                CLOCK_AttachClk
 .text.CLOCK_SetClkDiv
                0x0000000000002a34       0x5c ./drivers/fsl_clock.o
                0x0000000000002a34                CLOCK_SetClkDiv
 .text.CLOCK_SetupFROClocking
                0x0000000000002a90       0xc4 ./drivers/fsl_clock.o
                0x0000000000002a90                CLOCK_SetupFROClocking
 .text.CLOCK_GetClockOutClkFreq
                0x0000000000002b54       0x98 ./drivers/fsl_clock.o
                0x0000000000002b54                CLOCK_GetClockOutClkFreq
 .text.CLOCK_GetSpifiClkFreq
                0x0000000000002bec       0x88 ./drivers/fsl_clock.o
                0x0000000000002bec                CLOCK_GetSpifiClkFreq
 .text.CLOCK_GetAdcClkFreq
                0x0000000000002c74       0x80 ./drivers/fsl_clock.o
                0x0000000000002c74                CLOCK_GetAdcClkFreq
 .text.CLOCK_GetUsb0ClkFreq
                0x0000000000002cf4       0x78 ./drivers/fsl_clock.o
                0x0000000000002cf4                CLOCK_GetUsb0ClkFreq
 .text.CLOCK_GetUsb1ClkFreq
                0x0000000000002d6c       0x78 ./drivers/fsl_clock.o
                0x0000000000002d6c                CLOCK_GetUsb1ClkFreq
 .text.CLOCK_GetSctClkFreq
                0x0000000000002de4       0x80 ./drivers/fsl_clock.o
                0x0000000000002de4                CLOCK_GetSctClkFreq
 .text.CLOCK_GetSdioClkFreq
                0x0000000000002e64       0x88 ./drivers/fsl_clock.o
                0x0000000000002e64                CLOCK_GetSdioClkFreq
 .text.CLOCK_GetLcdClkFreq
                0x0000000000002eec       0x68 ./drivers/fsl_clock.o
                0x0000000000002eec                CLOCK_GetLcdClkFreq
 .text.CLOCK_GetFro12MFreq
                0x0000000000002f54       0x28 ./drivers/fsl_clock.o
                0x0000000000002f54                CLOCK_GetFro12MFreq
 .text.CLOCK_GetExtClkFreq
                0x0000000000002f7c       0x14 ./drivers/fsl_clock.o
                0x0000000000002f7c                CLOCK_GetExtClkFreq
 .text.CLOCK_GetWdtOscFreq
                0x0000000000002f90       0x68 ./drivers/fsl_clock.o
                0x0000000000002f90                CLOCK_GetWdtOscFreq
 .text.CLOCK_GetFroHfFreq
                0x0000000000002ff8       0x50 ./drivers/fsl_clock.o
                0x0000000000002ff8                CLOCK_GetFroHfFreq
 .text.CLOCK_GetPllOutFreq
                0x0000000000003048       0x18 ./drivers/fsl_clock.o
                0x0000000000003048                CLOCK_GetPllOutFreq
 .text.CLOCK_GetAudioPllOutFreq
                0x0000000000003060       0x18 ./drivers/fsl_clock.o
                0x0000000000003060                CLOCK_GetAudioPllOutFreq
 .text.CLOCK_GetUsbPllOutFreq
                0x0000000000003078       0x18 ./drivers/fsl_clock.o
                0x0000000000003078                CLOCK_GetUsbPllOutFreq
 .text.CLOCK_GetAsyncApbClkFreq
                0x0000000000003090       0x3c ./drivers/fsl_clock.o
                0x0000000000003090                CLOCK_GetAsyncApbClkFreq
 .text.CLOCK_GetFlexCommClkFreq
                0x00000000000030cc       0x6c ./drivers/fsl_clock.o
                0x00000000000030cc                CLOCK_GetFlexCommClkFreq
 .text.CLOCK_GetFrgClkFreq
                0x0000000000003138       0x58 ./drivers/fsl_clock.o
                0x0000000000003138                CLOCK_GetFrgClkFreq
 .text.CLOCK_GetDmicClkFreq
                0x0000000000003190       0x80 ./drivers/fsl_clock.o
                0x0000000000003190                CLOCK_GetDmicClkFreq
 .text.CLOCK_GetFreq
                0x0000000000003210      0x228 ./drivers/fsl_clock.o
                0x0000000000003210                CLOCK_GetFreq
 .text.CLOCK_SetFLASHAccessCyclesForFreq
                0x0000000000003438       0xb8 ./drivers/fsl_clock.o
                0x0000000000003438                CLOCK_SetFLASHAccessCyclesForFreq
 .text.CLOCK_GetUsbPLLOutFromSetupUpdate
                0x00000000000034f0       0x20 ./drivers/fsl_clock.o
 .text.CLOCK_SetPLLFreq
                0x0000000000003510      0x12c ./drivers/fsl_clock.o
                0x0000000000003510                CLOCK_SetPLLFreq
 .text.CLOCK_SetUsbPLLFreq
                0x000000000000363c      0x160 ./drivers/fsl_clock.o
                0x000000000000363c                CLOCK_SetUsbPLLFreq
 .text.CTIMER_GenericIRQHandler
                0x000000000000379c       0xb8 ./drivers/fsl_ctimer.o
                0x000000000000379c                CTIMER_GenericIRQHandler
 .text.DMA_GetInstance
                0x0000000000003854       0x54 ./drivers/fsl_dma.o
 .text.DMA_IRQHandle
                0x00000000000038a8      0x168 ./drivers/fsl_dma.o
                0x00000000000038a8                DMA_IRQHandle
 .text.DMA0_DriverIRQHandler
                0x0000000000003a10       0x18 ./drivers/fsl_dma.o
                0x0000000000003a10                DMA0_DriverIRQHandler
 .text.CLOCK_EnableClock
                0x0000000000003a28       0x54 ./drivers/fsl_flexcomm.o
 .text.FLEXCOMM_GetInstance
                0x0000000000003a7c       0x50 ./drivers/fsl_flexcomm.o
                0x0000000000003a7c                FLEXCOMM_GetInstance
 .text.FLEXCOMM_Init
                0x0000000000003acc       0x48 ./drivers/fsl_flexcomm.o
                0x0000000000003acc                FLEXCOMM_Init
 .text.FLEXCOMM0_DriverIRQHandler
                0x0000000000003b14       0x48 ./drivers/fsl_flexcomm.o
                0x0000000000003b14                FLEXCOMM0_DriverIRQHandler
 .text.FLEXCOMM1_DriverIRQHandler
                0x0000000000003b5c       0x48 ./drivers/fsl_flexcomm.o
                0x0000000000003b5c                FLEXCOMM1_DriverIRQHandler
 .text.FLEXCOMM2_DriverIRQHandler
                0x0000000000003ba4       0x48 ./drivers/fsl_flexcomm.o
                0x0000000000003ba4                FLEXCOMM2_DriverIRQHandler
 .text.FLEXCOMM3_DriverIRQHandler
                0x0000000000003bec       0x48 ./drivers/fsl_flexcomm.o
                0x0000000000003bec                FLEXCOMM3_DriverIRQHandler
 .text.FLEXCOMM4_DriverIRQHandler
                0x0000000000003c34       0x48 ./drivers/fsl_flexcomm.o
                0x0000000000003c34                FLEXCOMM4_DriverIRQHandler
 .text.FLEXCOMM5_DriverIRQHandler
                0x0000000000003c7c       0x48 ./drivers/fsl_flexcomm.o
                0x0000000000003c7c                FLEXCOMM5_DriverIRQHandler
 .text.FLEXCOMM6_DriverIRQHandler
                0x0000000000003cc4       0x4c ./drivers/fsl_flexcomm.o
                0x0000000000003cc4                FLEXCOMM6_DriverIRQHandler
 .text.FLEXCOMM7_DriverIRQHandler
                0x0000000000003d10       0x4c ./drivers/fsl_flexcomm.o
                0x0000000000003d10                FLEXCOMM7_DriverIRQHandler
 .text.FLEXCOMM8_DriverIRQHandler
                0x0000000000003d5c       0x4c ./drivers/fsl_flexcomm.o
                0x0000000000003d5c                FLEXCOMM8_DriverIRQHandler
 .text.FLEXCOMM9_DriverIRQHandler
                0x0000000000003da8       0x4c ./drivers/fsl_flexcomm.o
                0x0000000000003da8                FLEXCOMM9_DriverIRQHandler
 .text.CAN0_IRQ0_DriverIRQHandler
                0x0000000000003df4       0x48 ./drivers/fsl_mcan.o
                0x0000000000003df4                CAN0_IRQ0_DriverIRQHandler
 .text.CAN0_IRQ1_DriverIRQHandler
                0x0000000000003e3c       0x48 ./drivers/fsl_mcan.o
                0x0000000000003e3c                CAN0_IRQ1_DriverIRQHandler
 .text.CAN1_IRQ0_DriverIRQHandler
                0x0000000000003e84       0x48 ./drivers/fsl_mcan.o
                0x0000000000003e84                CAN1_IRQ0_DriverIRQHandler
 .text.CAN1_IRQ1_DriverIRQHandler
                0x0000000000003ecc       0x48 ./drivers/fsl_mcan.o
                0x0000000000003ecc                CAN1_IRQ1_DriverIRQHandler
 .text.PIN_INT0_DriverIRQHandler
                0x0000000000003f14       0x4c ./drivers/fsl_pint.o
                0x0000000000003f14                PIN_INT0_DriverIRQHandler
 .text.PIN_INT1_DriverIRQHandler
                0x0000000000003f60       0x4c ./drivers/fsl_pint.o
                0x0000000000003f60                PIN_INT1_DriverIRQHandler
 .text.PIN_INT2_DriverIRQHandler
                0x0000000000003fac       0x4c ./drivers/fsl_pint.o
                0x0000000000003fac                PIN_INT2_DriverIRQHandler
 .text.PIN_INT3_DriverIRQHandler
                0x0000000000003ff8       0x4c ./drivers/fsl_pint.o
                0x0000000000003ff8                PIN_INT3_DriverIRQHandler
 .text.PIN_INT4_DriverIRQHandler
                0x0000000000004044       0x4c ./drivers/fsl_pint.o
                0x0000000000004044                PIN_INT4_DriverIRQHandler
 .text.PIN_INT5_DriverIRQHandler
                0x0000000000004090       0x4c ./drivers/fsl_pint.o
                0x0000000000004090                PIN_INT5_DriverIRQHandler
 .text.PIN_INT6_DriverIRQHandler
                0x00000000000040dc       0x4c ./drivers/fsl_pint.o
                0x00000000000040dc                PIN_INT6_DriverIRQHandler
 .text.PIN_INT7_DriverIRQHandler
                0x0000000000004128       0x4c ./drivers/fsl_pint.o
                0x0000000000004128                PIN_INT7_DriverIRQHandler
 .text.RESET_SetPeripheralReset
                0x0000000000004174       0x88 ./drivers/fsl_reset.o
                0x0000000000004174                RESET_SetPeripheralReset
 .text.RESET_ClearPeripheralReset
                0x00000000000041fc       0x8c ./drivers/fsl_reset.o
                0x00000000000041fc                RESET_ClearPeripheralReset
 .text.CLOCK_EnableClock
                0x0000000000004288       0x54 ./drivers/fsl_sctimer.o
 .text.SCTIMER_SetupOutputSetAction
                0x00000000000042dc       0x54 ./drivers/fsl_sctimer.o
 .text.SCTIMER_SetupOutputClearAction
                0x0000000000004330       0x58 ./drivers/fsl_sctimer.o
 .text.SCTIMER_GetInstance
                0x0000000000004388       0x5c ./drivers/fsl_sctimer.o
 .text.SCTIMER_Init
                0x00000000000043e4      0x11c ./drivers/fsl_sctimer.o
                0x00000000000043e4                SCTIMER_Init
 .text.SCTIMER_SetupPwm
                0x0000000000004500      0x268 ./drivers/fsl_sctimer.o
                0x0000000000004500                SCTIMER_SetupPwm
 .text.SCTIMER_CreateAndScheduleEvent
                0x0000000000004768      0x1d4 ./drivers/fsl_sctimer.o
                0x0000000000004768                SCTIMER_CreateAndScheduleEvent
 .text.SCTIMER_EventHandleIRQ
                0x000000000000493c       0x7c ./drivers/fsl_sctimer.o
                0x000000000000493c                SCTIMER_EventHandleIRQ
 .text.SCT0_IRQHandler
                0x00000000000049b8       0x1c ./drivers/fsl_sctimer.o
                0x00000000000049b8                SCT0_IRQHandler
 .text.SPI_SetTransferDelay
                0x00000000000049d4       0x78 ./drivers/fsl_spi.o
 .text.SPI_GetInstance
                0x0000000000004a4c       0x50 ./drivers/fsl_spi.o
                0x0000000000004a4c                SPI_GetInstance
 .text.SPI_SetDummyData
                0x0000000000004a9c       0x2c ./drivers/fsl_spi.o
                0x0000000000004a9c                SPI_SetDummyData
 .text.SPI_MasterInit
                0x0000000000004ac8      0x1d0 ./drivers/fsl_spi.o
                0x0000000000004ac8                SPI_MasterInit
 .text.SPI_MasterSetBaud
                0x0000000000004c98       0x94 ./drivers/fsl_spi.o
                0x0000000000004c98                SPI_MasterSetBaud
 .text.USART_Init
                0x0000000000004d2c      0x158 ./drivers/fsl_usart.o
                0x0000000000004d2c                USART_Init
 .text.USART_SetBaudRate
                0x0000000000004e84       0xf4 ./drivers/fsl_usart.o
                0x0000000000004e84                USART_SetBaudRate
 .text.USART_WriteBlocking
                0x0000000000004f78       0x98 ./drivers/fsl_usart.o
                0x0000000000004f78                USART_WriteBlocking
 .text.USART_ReadBlocking
                0x0000000000005010      0x11c ./drivers/fsl_usart.o
                0x0000000000005010                USART_ReadBlocking
 .text.UTICK0_DriverIRQHandler
                0x000000000000512c       0x28 ./drivers/fsl_utick.o
                0x000000000000512c                UTICK0_DriverIRQHandler
 .text.BOARD_BootClockRUN
                0x0000000000005154      0x1a4 ./board/clock_config.o
                0x0000000000005154                BOARD_BootClockRUN
 .text.USART_1_init
                0x00000000000052f8       0x2c ./board/peripherals.o
                0x00000000000052f8                USART_1_init
 .text.ADC_1_init
                0x0000000000005324       0x18 ./board/peripherals.o
                0x0000000000005324                ADC_1_init
 .text.SPI_1_init
                0x000000000000533c       0x2c ./board/peripherals.o
                0x000000000000533c                SPI_1_init
 .text.SPI_2_init
                0x0000000000005368       0x2c ./board/peripherals.o
                0x0000000000005368                SPI_2_init
 .text.SPI_3_init
                0x0000000000005394       0x2c ./board/peripherals.o
                0x0000000000005394                SPI_3_init
 .text.I2C_1_init
                0x00000000000053c0       0x2c ./board/peripherals.o
                0x00000000000053c0                I2C_1_init
 .text.SCTimer_1_init
                0x00000000000053ec       0x48 ./board/peripherals.o
                0x00000000000053ec                SCTimer_1_init
 .text.CLOCK_EnableClock
                0x0000000000005434       0x54 ./board/pin_mux.o
 .text.BOARD_InitPins
                0x0000000000005488      0x678 ./board/pin_mux.o
                0x0000000000005488                BOARD_InitPins
 .text.SystemInit
                0x0000000000005b00       0x40 ./CMSIS/system_LPC54616.o
                0x0000000000005b00                SystemInit
 .text.POWER_SetVoltageForFreq
                0x0000000000005b40       0x44 /home/thorsten/workspace/canbox_nxp_LPC546xx/LPC54616J512_Project/libs/libpower_hardabi.a(fsl_power_lib.o)
                0x0000000000005b40                POWER_SetVoltageForFreq
 .text.POWER_SetPLL
                0x0000000000005b84       0x1c /home/thorsten/workspace/canbox_nxp_LPC546xx/LPC54616J512_Project/libs/libpower_hardabi.a(fsl_power_lib.o)
                0x0000000000005b84                POWER_SetPLL
 .text.POWER_SetUsbPhy
                0x0000000000005ba0       0x1c /home/thorsten/workspace/canbox_nxp_LPC546xx/LPC54616J512_Project/libs/libpower_hardabi.a(fsl_power_lib.o)
                0x0000000000005ba0                POWER_SetUsbPhy
 .text.__assert_func
                0x0000000000005bbc       0x3c /storage/local/mcuxpressoide-10.2.1_795/ide/tools/bin/../lib/gcc/arm-none-eabi/7.2.1/../../../../arm-none-eabi/lib/thumb/v7e-m/fpv4-sp/hard/libc.a(lib_a-assert.o)
                0x0000000000005bbc                __assert_func
 .text.fiprintf
                0x0000000000005bf8       0x28 /storage/local/mcuxpressoide-10.2.1_795/ide/tools/bin/../lib/gcc/arm-none-eabi/7.2.1/../../../../arm-none-eabi/lib/thumb/v7e-m/fpv4-sp/hard/libc.a(lib_a-fiprintf.o)
                0x0000000000005bf8                fiprintf
 .text._malloc_r
                0x0000000000005c20      0x548 /storage/local/mcuxpressoide-10.2.1_795/ide/tools/bin/../lib/gcc/arm-none-eabi/7.2.1/../../../../arm-none-eabi/lib/thumb/v7e-m/fpv4-sp/hard/libc.a(lib_a-mallocr.o)
                0x0000000000005c20                _malloc_r
 .text          0x0000000000006168      0x134 /storage/local/mcuxpressoide-10.2.1_795/ide/tools/bin/../lib/gcc/arm-none-eabi/7.2.1/../../../../arm-none-eabi/lib/thumb/v7e-m/fpv4-sp/hard/libc.a(lib_a-memcpy.o)
                0x0000000000006168                memcpy
 .text.memset   0x000000000000629c       0x94 /storage/local/mcuxpressoide-10.2.1_795/ide/tools/bin/../lib/gcc/arm-none-eabi/7.2.1/../../../../arm-none-eabi/lib/thumb/v7e-m/fpv4-sp/hard/libc.a(lib_a-memset.o)
                0x000000000000629c                memset
 .text.__malloc_lock
                0x0000000000006330        0xc /storage/local/mcuxpressoide-10.2.1_795/ide/tools/bin/../lib/gcc/arm-none-eabi/7.2.1/../../../../arm-none-eabi/lib/thumb/v7e-m/fpv4-sp/hard/libc.a(lib_a-mlock.o)
                0x0000000000006330                __malloc_lock
 .text.__malloc_unlock
                0x000000000000633c        0xc /storage/local/mcuxpressoide-10.2.1_795/ide/tools/bin/../lib/gcc/arm-none-eabi/7.2.1/../../../../arm-none-eabi/lib/thumb/v7e-m/fpv4-sp/hard/libc.a(lib_a-mlock.o)
                0x000000000000633c                __malloc_unlock
 .text.printf   0x0000000000006348       0x28 /storage/local/mcuxpressoide-10.2.1_795/ide/tools/bin/../lib/gcc/arm-none-eabi/7.2.1/../../../../arm-none-eabi/lib/thumb/v7e-m/fpv4-sp/hard/libc.a(lib_a-printf.o)
                0x0000000000006348                printf
 .text._sbrk_r  0x0000000000006370       0x24 /storage/local/mcuxpressoide-10.2.1_795/ide/tools/bin/../lib/gcc/arm-none-eabi/7.2.1/../../../../arm-none-eabi/lib/thumb/v7e-m/fpv4-sp/hard/libc.a(lib_a-sbrkr.o)
                0x0000000000006370                _sbrk_r
 .text.__sprint_r.part.0
                0x0000000000006394       0x78 /storage/local/mcuxpressoide-10.2.1_795/ide/tools/bin/../lib/gcc/arm-none-eabi/7.2.1/../../../../arm-none-eabi/lib/thumb/v7e-m/fpv4-sp/hard/libc.a(lib_a-vfiprintf.o)
 .text.__sprint_r
                0x000000000000640c       0x14 /storage/local/mcuxpressoide-10.2.1_795/ide/tools/bin/../lib/gcc/arm-none-eabi/7.2.1/../../../../arm-none-eabi/lib/thumb/v7e-m/fpv4-sp/hard/libc.a(lib_a-vfiprintf.o)
                0x000000000000640c                __sprint_r
 .text._vfiprintf_r
                0x0000000000006420      0xc24 /storage/local/mcuxpressoide-10.2.1_795/ide/tools/bin/../lib/gcc/arm-none-eabi/7.2.1/../../../../arm-none-eabi/lib/thumb/v7e-m/fpv4-sp/hard/libc.a(lib_a-vfiprintf.o)
                0x0000000000006420                _vfiprintf_r
 .text.__sbprintf
                0x0000000000007044       0x84 /storage/local/mcuxpressoide-10.2.1_795/ide/tools/bin/../lib/gcc/arm-none-eabi/7.2.1/../../../../arm-none-eabi/lib/thumb/v7e-m/fpv4-sp/hard/libc.a(lib_a-vfiprintf.o)
 .text.__sbprintf
                0x00000000000070c8       0x84 /storage/local/mcuxpressoide-10.2.1_795/ide/tools/bin/../lib/gcc/arm-none-eabi/7.2.1/../../../../arm-none-eabi/lib/thumb/v7e-m/fpv4-sp/hard/libc.a(lib_a-vfprintf.o)
 .text.__swsetup_r
                0x000000000000714c       0xcc /storage/local/mcuxpressoide-10.2.1_795/ide/tools/bin/../lib/gcc/arm-none-eabi/7.2.1/../../../../arm-none-eabi/lib/thumb/v7e-m/fpv4-sp/hard/libc.a(lib_a-wsetup.o)
                0x000000000000714c                __swsetup_r
 .text.abort    0x0000000000007218       0x10 /storage/local/mcuxpressoide-10.2.1_795/ide/tools/bin/../lib/gcc/arm-none-eabi/7.2.1/../../../../arm-none-eabi/lib/thumb/v7e-m/fpv4-sp/hard/libc.a(lib_a-abort.o)
                0x0000000000007218                abort
 .text.quorem   0x0000000000007228      0x124 /storage/local/mcuxpressoide-10.2.1_795/ide/tools/bin/../lib/gcc/arm-none-eabi/7.2.1/../../../../arm-none-eabi/lib/thumb/v7e-m/fpv4-sp/hard/libc.a(lib_a-dtoa.o)
 .text.__sflush_r
                0x000000000000734c      0x154 /storage/local/mcuxpressoide-10.2.1_795/ide/tools/bin/../lib/gcc/arm-none-eabi/7.2.1/../../../../arm-none-eabi/lib/thumb/v7e-m/fpv4-sp/hard/libc.a(lib_a-fflush.o)
                0x000000000000734c                __sflush_r
 .text._fflush_r
                0x00000000000074a0       0x5c /storage/local/mcuxpressoide-10.2.1_795/ide/tools/bin/../lib/gcc/arm-none-eabi/7.2.1/../../../../arm-none-eabi/lib/thumb/v7e-m/fpv4-sp/hard/libc.a(lib_a-fflush.o)
                0x00000000000074a0                _fflush_r
 .text.std      0x00000000000074fc       0x50 /storage/local/mcuxpressoide-10.2.1_795/ide/tools/bin/../lib/gcc/arm-none-eabi/7.2.1/../../../../arm-none-eabi/lib/thumb/v7e-m/fpv4-sp/hard/libc.a(lib_a-findfp.o)
 .text._cleanup_r
                0x000000000000754c        0xc /storage/local/mcuxpressoide-10.2.1_795/ide/tools/bin/../lib/gcc/arm-none-eabi/7.2.1/../../../../arm-none-eabi/lib/thumb/v7e-m/fpv4-sp/hard/libc.a(lib_a-findfp.o)
                0x000000000000754c                _cleanup_r
 .text.__sinit  0x0000000000007558       0x58 /storage/local/mcuxpressoide-10.2.1_795/ide/tools/bin/../lib/gcc/arm-none-eabi/7.2.1/../../../../arm-none-eabi/lib/thumb/v7e-m/fpv4-sp/hard/libc.a(lib_a-findfp.o)
                0x0000000000007558                __sinit
 .text.__sfp_lock_acquire
                0x00000000000075b0        0xc /storage/local/mcuxpressoide-10.2.1_795/ide/tools/bin/../lib/gcc/arm-none-eabi/7.2.1/../../../../arm-none-eabi/lib/thumb/v7e-m/fpv4-sp/hard/libc.a(lib_a-findfp.o)
                0x00000000000075b0                __sfp_lock_acquire
 .text.__sfp_lock_release
                0x00000000000075bc        0xc /storage/local/mcuxpressoide-10.2.1_795/ide/tools/bin/../lib/gcc/arm-none-eabi/7.2.1/../../../../arm-none-eabi/lib/thumb/v7e-m/fpv4-sp/hard/libc.a(lib_a-findfp.o)
                0x00000000000075bc                __sfp_lock_release
 .text.__fputwc
                0x00000000000075c8       0xa0 /storage/local/mcuxpressoide-10.2.1_795/ide/tools/bin/../lib/gcc/arm-none-eabi/7.2.1/../../../../arm-none-eabi/lib/thumb/v7e-m/fpv4-sp/hard/libc.a(lib_a-fputwc.o)
                0x00000000000075c8                __fputwc
 .text._fputwc_r
                0x0000000000007668       0x64 /storage/local/mcuxpressoide-10.2.1_795/ide/tools/bin/../lib/gcc/arm-none-eabi/7.2.1/../../../../arm-none-eabi/lib/thumb/v7e-m/fpv4-sp/hard/libc.a(lib_a-fputwc.o)
                0x0000000000007668                _fputwc_r
 .text._malloc_trim_r
                0x00000000000076cc       0xa0 /storage/local/mcuxpressoide-10.2.1_795/ide/tools/bin/../lib/gcc/arm-none-eabi/7.2.1/../../../../arm-none-eabi/lib/thumb/v7e-m/fpv4-sp/hard/libc.a(lib_a-freer.o)
                0x00000000000076cc                _malloc_trim_r
 .text._free_r  0x000000000000776c      0x1e8 /storage/local/mcuxpressoide-10.2.1_795/ide/tools/bin/../lib/gcc/arm-none-eabi/7.2.1/../../../../arm-none-eabi/lib/thumb/v7e-m/fpv4-sp/hard/libc.a(lib_a-freer.o)
                0x000000000000776c                _free_r
 .text.__sfvwrite_r
                0x0000000000007954      0x2fc /storage/local/mcuxpressoide-10.2.1_795/ide/tools/bin/../lib/gcc/arm-none-eabi/7.2.1/../../../../arm-none-eabi/lib/thumb/v7e-m/fpv4-sp/hard/libc.a(lib_a-fvwrite.o)
                0x0000000000007954                __sfvwrite_r
 .text._fwalk_reent
                0x0000000000007c50       0x54 /storage/local/mcuxpressoide-10.2.1_795/ide/tools/bin/../lib/gcc/arm-none-eabi/7.2.1/../../../../arm-none-eabi/lib/thumb/v7e-m/fpv4-sp/hard/libc.a(lib_a-fwalk.o)
                0x0000000000007c50                _fwalk_reent
 .text.__locale_mb_cur_max
                0x0000000000007ca4       0x1c /storage/local/mcuxpressoide-10.2.1_795/ide/tools/bin/../lib/gcc/arm-none-eabi/7.2.1/../../../../arm-none-eabi/lib/thumb/v7e-m/fpv4-sp/hard/libc.a(lib_a-locale.o)
                0x0000000000007ca4                __locale_mb_cur_max
 .text._localeconv_r
                0x0000000000007cc0       0x1c /storage/local/mcuxpressoide-10.2.1_795/ide/tools/bin/../lib/gcc/arm-none-eabi/7.2.1/../../../../arm-none-eabi/lib/thumb/v7e-m/fpv4-sp/hard/libc.a(lib_a-localeconv.o)
                0x0000000000007cc0                _localeconv_r
 .text.__retarget_lock_init_recursive
                0x0000000000007cdc        0x4 /storage/local/mcuxpressoide-10.2.1_795/ide/tools/bin/../lib/gcc/arm-none-eabi/7.2.1/../../../../arm-none-eabi/lib/thumb/v7e-m/fpv4-sp/hard/libc.a(lib_a-lock.o)
                0x0000000000007cdc                __retarget_lock_init_recursive
 .text.__retarget_lock_close_recursive
                0x0000000000007ce0        0x4 /storage/local/mcuxpressoide-10.2.1_795/ide/tools/bin/../lib/gcc/arm-none-eabi/7.2.1/../../../../arm-none-eabi/lib/thumb/v7e-m/fpv4-sp/hard/libc.a(lib_a-lock.o)
                0x0000000000007ce0                __retarget_lock_close_recursive
 .text.__retarget_lock_acquire_recursive
                0x0000000000007ce4        0x4 /storage/local/mcuxpressoide-10.2.1_795/ide/tools/bin/../lib/gcc/arm-none-eabi/7.2.1/../../../../arm-none-eabi/lib/thumb/v7e-m/fpv4-sp/hard/libc.a(lib_a-lock.o)
                0x0000000000007ce4                __retarget_lock_acquire_recursive
 .text.__retarget_lock_release_recursive
                0x0000000000007ce8        0x4 /storage/local/mcuxpressoide-10.2.1_795/ide/tools/bin/../lib/gcc/arm-none-eabi/7.2.1/../../../../arm-none-eabi/lib/thumb/v7e-m/fpv4-sp/hard/libc.a(lib_a-lock.o)
                0x0000000000007ce8                __retarget_lock_release_recursive
 .text.__swhatbuf_r
                0x0000000000007cec       0x5c /storage/local/mcuxpressoide-10.2.1_795/ide/tools/bin/../lib/gcc/arm-none-eabi/7.2.1/../../../../arm-none-eabi/lib/thumb/v7e-m/fpv4-sp/hard/libc.a(lib_a-makebuf.o)
                0x0000000000007cec                __swhatbuf_r
 .text.__smakebuf_r
                0x0000000000007d48       0x94 /storage/local/mcuxpressoide-10.2.1_795/ide/tools/bin/../lib/gcc/arm-none-eabi/7.2.1/../../../../arm-none-eabi/lib/thumb/v7e-m/fpv4-sp/hard/libc.a(lib_a-makebuf.o)
                0x0000000000007d48                __smakebuf_r
 .text.__ascii_mbtowc
                0x0000000000007ddc       0x2c /storage/local/mcuxpressoide-10.2.1_795/ide/tools/bin/../lib/gcc/arm-none-eabi/7.2.1/../../../../arm-none-eabi/lib/thumb/v7e-m/fpv4-sp/hard/libc.a(lib_a-mbtowc_r.o)
                0x0000000000007ddc                __ascii_mbtowc
 .text.memmove  0x0000000000007e08       0xc8 /storage/local/mcuxpressoide-10.2.1_795/ide/tools/bin/../lib/gcc/arm-none-eabi/7.2.1/../../../../arm-none-eabi/lib/thumb/v7e-m/fpv4-sp/hard/libc.a(lib_a-memmove.o)
                0x0000000000007e08                memmove
 .text._Balloc  0x0000000000007ed0       0x4c /storage/local/mcuxpressoide-10.2.1_795/ide/tools/bin/../lib/gcc/arm-none-eabi/7.2.1/../../../../arm-none-eabi/lib/thumb/v7e-m/fpv4-sp/hard/libc.a(lib_a-mprec.o)
                0x0000000000007ed0                _Balloc
 .text._Bfree   0x0000000000007f1c       0x14 /storage/local/mcuxpressoide-10.2.1_795/ide/tools/bin/../lib/gcc/arm-none-eabi/7.2.1/../../../../arm-none-eabi/lib/thumb/v7e-m/fpv4-sp/hard/libc.a(lib_a-mprec.o)
                0x0000000000007f1c                _Bfree
 .text.__multadd
                0x0000000000007f30       0x80 /storage/local/mcuxpressoide-10.2.1_795/ide/tools/bin/../lib/gcc/arm-none-eabi/7.2.1/../../../../arm-none-eabi/lib/thumb/v7e-m/fpv4-sp/hard/libc.a(lib_a-mprec.o)
                0x0000000000007f30                __multadd
 .text.__hi0bits
                0x0000000000007fb0       0x40 /storage/local/mcuxpressoide-10.2.1_795/ide/tools/bin/../lib/gcc/arm-none-eabi/7.2.1/../../../../arm-none-eabi/lib/thumb/v7e-m/fpv4-sp/hard/libc.a(lib_a-mprec.o)
                0x0000000000007fb0                __hi0bits
 .text.__lo0bits
                0x0000000000007ff0       0x60 /storage/local/mcuxpressoide-10.2.1_795/ide/tools/bin/../lib/gcc/arm-none-eabi/7.2.1/../../../../arm-none-eabi/lib/thumb/v7e-m/fpv4-sp/hard/libc.a(lib_a-mprec.o)
                0x0000000000007ff0                __lo0bits
 .text.__i2b    0x0000000000008050       0x14 /storage/local/mcuxpressoide-10.2.1_795/ide/tools/bin/../lib/gcc/arm-none-eabi/7.2.1/../../../../arm-none-eabi/lib/thumb/v7e-m/fpv4-sp/hard/libc.a(lib_a-mprec.o)
                0x0000000000008050                __i2b
 .text.__multiply
                0x0000000000008064      0x14c /storage/local/mcuxpressoide-10.2.1_795/ide/tools/bin/../lib/gcc/arm-none-eabi/7.2.1/../../../../arm-none-eabi/lib/thumb/v7e-m/fpv4-sp/hard/libc.a(lib_a-mprec.o)
                0x0000000000008064                __multiply
 .text.__pow5mult
                0x00000000000081b0       0xa0 /storage/local/mcuxpressoide-10.2.1_795/ide/tools/bin/../lib/gcc/arm-none-eabi/7.2.1/../../../../arm-none-eabi/lib/thumb/v7e-m/fpv4-sp/hard/libc.a(lib_a-mprec.o)
                0x00000000000081b0                __pow5mult
 .text.__lshift
                0x0000000000008250       0xac /storage/local/mcuxpressoide-10.2.1_795/ide/tools/bin/../lib/gcc/arm-none-eabi/7.2.1/../../../../arm-none-eabi/lib/thumb/v7e-m/fpv4-sp/hard/libc.a(lib_a-mprec.o)
                0x0000000000008250                __lshift
 .text.__mcmp   0x00000000000082fc       0x38 /storage/local/mcuxpressoide-10.2.1_795/ide/tools/bin/../lib/gcc/arm-none-eabi/7.2.1/../../../../arm-none-eabi/lib/thumb/v7e-m/fpv4-sp/hard/libc.a(lib_a-mprec.o)
                0x00000000000082fc                __mcmp
 .text.__mdiff  0x0000000000008334       0xec /storage/local/mcuxpressoide-10.2.1_795/ide/tools/bin/../lib/gcc/arm-none-eabi/7.2.1/../../../../arm-none-eabi/lib/thumb/v7e-m/fpv4-sp/hard/libc.a(lib_a-mprec.o)
                0x0000000000008334                __mdiff
 .text.__d2b    0x0000000000008420       0xc4 /storage/local/mcuxpressoide-10.2.1_795/ide/tools/bin/../lib/gcc/arm-none-eabi/7.2.1/../../../../arm-none-eabi/lib/thumb/v7e-m/fpv4-sp/hard/libc.a(lib_a-mprec.o)
                0x0000000000008420                __d2b
 .text._realloc_r
                0x00000000000084e4      0x35c /storage/local/mcuxpressoide-10.2.1_795/ide/tools/bin/../lib/gcc/arm-none-eabi/7.2.1/../../../../arm-none-eabi/lib/thumb/v7e-m/fpv4-sp/hard/libc.a(lib_a-reallocr.o)
                0x00000000000084e4                _realloc_r
 .text._raise_r
                0x0000000000008840       0x58 /storage/local/mcuxpressoide-10.2.1_795/ide/tools/bin/../lib/gcc/arm-none-eabi/7.2.1/../../../../arm-none-eabi/lib/thumb/v7e-m/fpv4-sp/hard/libc.a(lib_a-signal.o)
                0x0000000000008840                _raise_r
 .text.raise    0x0000000000008898       0x10 /storage/local/mcuxpressoide-10.2.1_795/ide/tools/bin/../lib/gcc/arm-none-eabi/7.2.1/../../../../arm-none-eabi/lib/thumb/v7e-m/fpv4-sp/hard/libc.a(lib_a-signal.o)
                0x0000000000008898                raise
 .text._kill_r  0x00000000000088a8       0x28 /storage/local/mcuxpressoide-10.2.1_795/ide/tools/bin/../lib/gcc/arm-none-eabi/7.2.1/../../../../arm-none-eabi/lib/thumb/v7e-m/fpv4-sp/hard/libc.a(lib_a-signalr.o)
                0x00000000000088a8                _kill_r
 .text._getpid_r
                0x00000000000088d0        0x4 /storage/local/mcuxpressoide-10.2.1_795/ide/tools/bin/../lib/gcc/arm-none-eabi/7.2.1/../../../../arm-none-eabi/lib/thumb/v7e-m/fpv4-sp/hard/libc.a(lib_a-signalr.o)
                0x00000000000088d0                _getpid_r
 .text.__sread  0x00000000000088d4       0x24 /storage/local/mcuxpressoide-10.2.1_795/ide/tools/bin/../lib/gcc/arm-none-eabi/7.2.1/../../../../arm-none-eabi/lib/thumb/v7e-m/fpv4-sp/hard/libc.a(lib_a-stdio.o)
                0x00000000000088d4                __sread
 .text.__swrite
                0x00000000000088f8       0x3c /storage/local/mcuxpressoide-10.2.1_795/ide/tools/bin/../lib/gcc/arm-none-eabi/7.2.1/../../../../arm-none-eabi/lib/thumb/v7e-m/fpv4-sp/hard/libc.a(lib_a-stdio.o)
                0x00000000000088f8                __swrite
 .text.__sseek  0x0000000000008934       0x20 /storage/local/mcuxpressoide-10.2.1_795/ide/tools/bin/../lib/gcc/arm-none-eabi/7.2.1/../../../../arm-none-eabi/lib/thumb/v7e-m/fpv4-sp/hard/libc.a(lib_a-stdio.o)
                0x0000000000008934                __sseek
 .text.__sclose
                0x0000000000008954        0x8 /storage/local/mcuxpressoide-10.2.1_795/ide/tools/bin/../lib/gcc/arm-none-eabi/7.2.1/../../../../arm-none-eabi/lib/thumb/v7e-m/fpv4-sp/hard/libc.a(lib_a-stdio.o)
                0x0000000000008954                __sclose
 .text.__swbuf_r
                0x000000000000895c       0xb0 /storage/local/mcuxpressoide-10.2.1_795/ide/tools/bin/../lib/gcc/arm-none-eabi/7.2.1/../../../../arm-none-eabi/lib/thumb/v7e-m/fpv4-sp/hard/libc.a(lib_a-wbuf.o)
                0x000000000000895c                __swbuf_r
 .text._wcrtomb_r
                0x0000000000008a0c       0x50 /storage/local/mcuxpressoide-10.2.1_795/ide/tools/bin/../lib/gcc/arm-none-eabi/7.2.1/../../../../arm-none-eabi/lib/thumb/v7e-m/fpv4-sp/hard/libc.a(lib_a-wcrtomb.o)
                0x0000000000008a0c                _wcrtomb_r
 .text.__ascii_wctomb
                0x0000000000008a5c       0x1c /storage/local/mcuxpressoide-10.2.1_795/ide/tools/bin/../lib/gcc/arm-none-eabi/7.2.1/../../../../arm-none-eabi/lib/thumb/v7e-m/fpv4-sp/hard/libc.a(lib_a-wctomb_r.o)
                0x0000000000008a5c                __ascii_wctomb
 .text._write_r
                0x0000000000008a78       0x2c /storage/local/mcuxpressoide-10.2.1_795/ide/tools/bin/../lib/gcc/arm-none-eabi/7.2.1/../../../../arm-none-eabi/lib/thumb/v7e-m/fpv4-sp/hard/libc.a(lib_a-writer.o)
                0x0000000000008a78                _write_r
 .text._calloc_r
                0x0000000000008aa4       0x68 /storage/local/mcuxpressoide-10.2.1_795/ide/tools/bin/../lib/gcc/arm-none-eabi/7.2.1/../../../../arm-none-eabi/lib/thumb/v7e-m/fpv4-sp/hard/libc.a(lib_a-callocr.o)
                0x0000000000008aa4                _calloc_r
 .text._close_r
                0x0000000000008b0c       0x24 /storage/local/mcuxpressoide-10.2.1_795/ide/tools/bin/../lib/gcc/arm-none-eabi/7.2.1/../../../../arm-none-eabi/lib/thumb/v7e-m/fpv4-sp/hard/libc.a(lib_a-closer.o)
                0x0000000000008b0c                _close_r
 .text._fclose_r
                0x0000000000008b30       0xd0 /storage/local/mcuxpressoide-10.2.1_795/ide/tools/bin/../lib/gcc/arm-none-eabi/7.2.1/../../../../arm-none-eabi/lib/thumb/v7e-m/fpv4-sp/hard/libc.a(lib_a-fclose.o)
                0x0000000000008b30                _fclose_r
 .text._fstat_r
                0x0000000000008c00       0x28 /storage/local/mcuxpressoide-10.2.1_795/ide/tools/bin/../lib/gcc/arm-none-eabi/7.2.1/../../../../arm-none-eabi/lib/thumb/v7e-m/fpv4-sp/hard/libc.a(lib_a-fstatr.o)
                0x0000000000008c00                _fstat_r
 .text._isatty_r
                0x0000000000008c28       0x24 /storage/local/mcuxpressoide-10.2.1_795/ide/tools/bin/../lib/gcc/arm-none-eabi/7.2.1/../../../../arm-none-eabi/lib/thumb/v7e-m/fpv4-sp/hard/libc.a(lib_a-isattyr.o)
                0x0000000000008c28                _isatty_r
 .text._lseek_r
                0x0000000000008c4c       0x2c /storage/local/mcuxpressoide-10.2.1_795/ide/tools/bin/../lib/gcc/arm-none-eabi/7.2.1/../../../../arm-none-eabi/lib/thumb/v7e-m/fpv4-sp/hard/libc.a(lib_a-lseekr.o)
                0x0000000000008c4c                _lseek_r
 .text._read_r  0x0000000000008c78       0x2c /storage/local/mcuxpressoide-10.2.1_795/ide/tools/bin/../lib/gcc/arm-none-eabi/7.2.1/../../../../arm-none-eabi/lib/thumb/v7e-m/fpv4-sp/hard/libc.a(lib_a-readr.o)
                0x0000000000008c78                _read_r
 .text          0x0000000000008ca4      0x378 /storage/local/mcuxpressoide-10.2.1_795/ide/tools/bin/../lib/gcc/arm-none-eabi/7.2.1/thumb/v7e-m/fpv4-sp/hard/libgcc.a(_arm_addsubdf3.o)
                0x0000000000008ca4                __aeabi_drsub
                0x0000000000008cac                __aeabi_dsub
                0x0000000000008cac                __subdf3
                0x0000000000008cb0                __adddf3
                0x0000000000008cb0                __aeabi_dadd
                0x0000000000008f28                __aeabi_ui2d
                0x0000000000008f28                __floatunsidf
                0x0000000000008f48                __floatsidf
                0x0000000000008f48                __aeabi_i2d
                0x0000000000008f6c                __extendsfdf2
                0x0000000000008f6c                __aeabi_f2d
                0x0000000000008fb0                __aeabi_ul2d
                0x0000000000008fb0                __floatundidf
                0x0000000000008fc0                __floatdidf
                0x0000000000008fc0                __aeabi_l2d
 .text          0x000000000000901c      0x424 /storage/local/mcuxpressoide-10.2.1_795/ide/tools/bin/../lib/gcc/arm-none-eabi/7.2.1/thumb/v7e-m/fpv4-sp/hard/libgcc.a(_arm_muldivdf3.o)
                0x000000000000901c                __aeabi_dmul
                0x000000000000901c                __muldf3
                0x0000000000009270                __aeabi_ddiv
                0x0000000000009270                __divdf3
 .text          0x0000000000009440      0x110 /storage/local/mcuxpressoide-10.2.1_795/ide/tools/bin/../lib/gcc/arm-none-eabi/7.2.1/thumb/v7e-m/fpv4-sp/hard/libgcc.a(_arm_cmpdf2.o)
                0x0000000000009440                __gtdf2
                0x0000000000009440                __gedf2
                0x0000000000009448                __ltdf2
                0x0000000000009448                __ledf2
                0x0000000000009450                __cmpdf2
                0x0000000000009450                __eqdf2
                0x0000000000009450                __nedf2
                0x00000000000094cc                __aeabi_cdrcmple
                0x00000000000094dc                __aeabi_cdcmple
                0x00000000000094dc                __aeabi_cdcmpeq
                0x00000000000094ec                __aeabi_dcmpeq
                0x0000000000009500                __aeabi_dcmplt
                0x0000000000009514                __aeabi_dcmple
                0x0000000000009528                __aeabi_dcmpge
                0x000000000000953c                __aeabi_dcmpgt
 .text          0x0000000000009550       0x2c /storage/local/mcuxpressoide-10.2.1_795/ide/tools/bin/../lib/gcc/arm-none-eabi/7.2.1/thumb/v7e-m/fpv4-sp/hard/libgcc.a(_arm_unorddf2.o)
                0x0000000000009550                __aeabi_dcmpun
                0x0000000000009550                __unorddf2
 .text          0x000000000000957c       0x50 /storage/local/mcuxpressoide-10.2.1_795/ide/tools/bin/../lib/gcc/arm-none-eabi/7.2.1/thumb/v7e-m/fpv4-sp/hard/libgcc.a(_arm_fixdfsi.o)
                0x000000000000957c                __fixdfsi
                0x000000000000957c                __aeabi_d2iz
 .text          0x00000000000095cc       0x30 /storage/local/mcuxpressoide-10.2.1_795/ide/tools/bin/../lib/gcc/arm-none-eabi/7.2.1/thumb/v7e-m/fpv4-sp/hard/libgcc.a(_aeabi_uldivmod.o)
                0x00000000000095cc                __aeabi_uldivmod
 .text          0x00000000000095fc      0x2cc /storage/local/mcuxpressoide-10.2.1_795/ide/tools/bin/../lib/gcc/arm-none-eabi/7.2.1/thumb/v7e-m/fpv4-sp/hard/libgcc.a(_udivmoddi4.o)
                0x00000000000095fc                __udivmoddi4
 .text          0x00000000000098c8        0x4 /storage/local/mcuxpressoide-10.2.1_795/ide/tools/bin/../lib/gcc/arm-none-eabi/7.2.1/thumb/v7e-m/fpv4-sp/hard/libgcc.a(_dvmd_tls.o)
                0x00000000000098c8                __aeabi_ldiv0
                0x00000000000098c8                __aeabi_idiv0
 .text._sbrk    0x00000000000098cc       0x3c /storage/local/mcuxpressoide-10.2.1_795/ide/tools/bin/../lib/gcc/arm-none-eabi/7.2.1/../../../../arm-none-eabi/lib/thumb/v7e-m/fpv4-sp/hard/libcr_newlib_nohost.a(_cr_sbrk.o)
                0x00000000000098cc                _sbrk
 .text._close   0x0000000000009908       0x10 /storage/local/mcuxpressoide-10.2.1_795/ide/tools/bin/../lib/gcc/arm-none-eabi/7.2.1/../../../../arm-none-eabi/lib/thumb/v7e-m/fpv4-sp/hard/libcr_newlib_nohost.a(close.o)
                0x0000000000009908                _close
 .text._fstat   0x0000000000009918       0x10 /storage/local/mcuxpressoide-10.2.1_795/ide/tools/bin/../lib/gcc/arm-none-eabi/7.2.1/../../../../arm-none-eabi/lib/thumb/v7e-m/fpv4-sp/hard/libcr_newlib_nohost.a(fstat.o)
                0x0000000000009918                _fstat
 .text._getpid  0x0000000000009928       0x10 /storage/local/mcuxpressoide-10.2.1_795/ide/tools/bin/../lib/gcc/arm-none-eabi/7.2.1/../../../../arm-none-eabi/lib/thumb/v7e-m/fpv4-sp/hard/libcr_newlib_nohost.a(getpid.o)
                0x0000000000009928                _getpid
 .text._isatty  0x0000000000009938       0x10 /storage/local/mcuxpressoide-10.2.1_795/ide/tools/bin/../lib/gcc/arm-none-eabi/7.2.1/../../../../arm-none-eabi/lib/thumb/v7e-m/fpv4-sp/hard/libcr_newlib_nohost.a(isatty.o)
                0x0000000000009938                _isatty
 .text._kill    0x0000000000009948       0x10 /storage/local/mcuxpressoide-10.2.1_795/ide/tools/bin/../lib/gcc/arm-none-eabi/7.2.1/../../../../arm-none-eabi/lib/thumb/v7e-m/fpv4-sp/hard/libcr_newlib_nohost.a(kill.o)
                0x0000000000009948                _kill
 .text._lseek   0x0000000000009958       0x10 /storage/local/mcuxpressoide-10.2.1_795/ide/tools/bin/../lib/gcc/arm-none-eabi/7.2.1/../../../../arm-none-eabi/lib/thumb/v7e-m/fpv4-sp/hard/libcr_newlib_nohost.a(lseek.o)
                0x0000000000009958                _lseek
 .text.__check_heap_overflow
                0x0000000000009968       0x18 /storage/local/mcuxpressoide-10.2.1_795/ide/tools/bin/../lib/gcc/arm-none-eabi/7.2.1/../../../../arm-none-eabi/lib/thumb/v7e-m/fpv4-sp/hard/libcr_newlib_nohost.a(_cr_check_heap.o)
                0x0000000000009968                __check_heap_overflow
 .text.__errno  0x0000000000009980        0xc /storage/local/mcuxpressoide-10.2.1_795/ide/tools/bin/../lib/gcc/arm-none-eabi/7.2.1/../../../../arm-none-eabi/lib/thumb/v7e-m/fpv4-sp/hard/libc.a(lib_a-errno.o)
                0x0000000000009980                __errno
 .text._write   0x000000000000998c       0x3e ./utilities/fsl_debug_console.o
                0x000000000000998c                _write
 .text._read    0x00000000000099ca       0x2c ./utilities/fsl_debug_console.o
                0x00000000000099ca                _read
 .text.LOG_Pop  0x00000000000099f6       0x42 ./utilities/fsl_log.o
                0x00000000000099f6                LOG_Pop
 .text.LOG_ReadOneCharacter
                0x0000000000009a38       0x26 ./utilities/fsl_log.o
 .text.WDT_BOD_IRQHandler
                0x0000000000009a5e        0x8 ./startup/startup_lpc54616.o
                0x0000000000009a5e                WDT_BOD_IRQHandler
 .text.DMA0_IRQHandler
                0x0000000000009a66        0x8 ./startup/startup_lpc54616.o
                0x0000000000009a66                DMA0_IRQHandler
 .text.GINT0_IRQHandler
                0x0000000000009a6e        0x8 ./startup/startup_lpc54616.o
                0x0000000000009a6e                GINT0_IRQHandler
 .text.GINT1_IRQHandler
                0x0000000000009a76        0x8 ./startup/startup_lpc54616.o
                0x0000000000009a76                GINT1_IRQHandler
 .text.PIN_INT0_IRQHandler
                0x0000000000009a7e        0x8 ./startup/startup_lpc54616.o
                0x0000000000009a7e                PIN_INT0_IRQHandler
 .text.PIN_INT1_IRQHandler
                0x0000000000009a86        0x8 ./startup/startup_lpc54616.o
                0x0000000000009a86                PIN_INT1_IRQHandler
 .text.PIN_INT2_IRQHandler
                0x0000000000009a8e        0x8 ./startup/startup_lpc54616.o
                0x0000000000009a8e                PIN_INT2_IRQHandler
 .text.PIN_INT3_IRQHandler
                0x0000000000009a96        0x8 ./startup/startup_lpc54616.o
                0x0000000000009a96                PIN_INT3_IRQHandler
 .text.UTICK0_IRQHandler
                0x0000000000009a9e        0x8 ./startup/startup_lpc54616.o
                0x0000000000009a9e                UTICK0_IRQHandler
 .text.MRT0_IRQHandler
                0x0000000000009aa6        0x8 ./startup/startup_lpc54616.o
                0x0000000000009aa6                MRT0_IRQHandler
 .text.CTIMER0_IRQHandler
                0x0000000000009aae        0x8 ./startup/startup_lpc54616.o
                0x0000000000009aae                CTIMER0_IRQHandler
 .text.CTIMER1_IRQHandler
                0x0000000000009ab6        0x8 ./startup/startup_lpc54616.o
                0x0000000000009ab6                CTIMER1_IRQHandler
 .text.CTIMER3_IRQHandler
                0x0000000000009abe        0x8 ./startup/startup_lpc54616.o
                0x0000000000009abe                CTIMER3_IRQHandler
 .text.FLEXCOMM0_IRQHandler
                0x0000000000009ac6        0x8 ./startup/startup_lpc54616.o
                0x0000000000009ac6                FLEXCOMM0_IRQHandler
 .text.FLEXCOMM1_IRQHandler
                0x0000000000009ace        0x8 ./startup/startup_lpc54616.o
                0x0000000000009ace                FLEXCOMM1_IRQHandler
 .text.FLEXCOMM2_IRQHandler
                0x0000000000009ad6        0x8 ./startup/startup_lpc54616.o
                0x0000000000009ad6                FLEXCOMM2_IRQHandler
 .text.FLEXCOMM3_IRQHandler
                0x0000000000009ade        0x8 ./startup/startup_lpc54616.o
                0x0000000000009ade                FLEXCOMM3_IRQHandler
 .text.FLEXCOMM4_IRQHandler
                0x0000000000009ae6        0x8 ./startup/startup_lpc54616.o
                0x0000000000009ae6                FLEXCOMM4_IRQHandler
 .text.FLEXCOMM5_IRQHandler
                0x0000000000009aee        0x8 ./startup/startup_lpc54616.o
                0x0000000000009aee                FLEXCOMM5_IRQHandler
 .text.FLEXCOMM6_IRQHandler
                0x0000000000009af6        0x8 ./startup/startup_lpc54616.o
                0x0000000000009af6                FLEXCOMM6_IRQHandler
 .text.FLEXCOMM7_IRQHandler
                0x0000000000009afe        0x8 ./startup/startup_lpc54616.o
                0x0000000000009afe                FLEXCOMM7_IRQHandler
 .text.ADC0_SEQA_IRQHandler
                0x0000000000009b06        0x8 ./startup/startup_lpc54616.o
                0x0000000000009b06                ADC0_SEQA_IRQHandler
 .text.ADC0_SEQB_IRQHandler
                0x0000000000009b0e        0x8 ./startup/startup_lpc54616.o
                0x0000000000009b0e                ADC0_SEQB_IRQHandler
 .text.ADC0_THCMP_IRQHandler
                0x0000000000009b16        0x8 ./startup/startup_lpc54616.o
                0x0000000000009b16                ADC0_THCMP_IRQHandler
 .text.DMIC0_IRQHandler
                0x0000000000009b1e        0x8 ./startup/startup_lpc54616.o
                0x0000000000009b1e                DMIC0_IRQHandler
 .text.HWVAD0_IRQHandler
                0x0000000000009b26        0x8 ./startup/startup_lpc54616.o
                0x0000000000009b26                HWVAD0_IRQHandler
 .text.USB0_NEEDCLK_IRQHandler
                0x0000000000009b2e        0x8 ./startup/startup_lpc54616.o
                0x0000000000009b2e                USB0_NEEDCLK_IRQHandler
 .text.USB0_IRQHandler
                0x0000000000009b36        0x8 ./startup/startup_lpc54616.o
                0x0000000000009b36                USB0_IRQHandler
 .text.RTC_IRQHandler
                0x0000000000009b3e        0x8 ./startup/startup_lpc54616.o
                0x0000000000009b3e                RTC_IRQHandler
 .text.Reserved46_IRQHandler
                0x0000000000009b46        0x8 ./startup/startup_lpc54616.o
                0x0000000000009b46                Reserved46_IRQHandler
 .text.Reserved47_IRQHandler
                0x0000000000009b4e        0x8 ./startup/startup_lpc54616.o
                0x0000000000009b4e                Reserved47_IRQHandler
 .text.PIN_INT4_IRQHandler
                0x0000000000009b56        0x8 ./startup/startup_lpc54616.o
                0x0000000000009b56                PIN_INT4_IRQHandler
 .text.PIN_INT5_IRQHandler
                0x0000000000009b5e        0x8 ./startup/startup_lpc54616.o
                0x0000000000009b5e                PIN_INT5_IRQHandler
 .text.PIN_INT6_IRQHandler
                0x0000000000009b66        0x8 ./startup/startup_lpc54616.o
                0x0000000000009b66                PIN_INT6_IRQHandler
 .text.PIN_INT7_IRQHandler
                0x0000000000009b6e        0x8 ./startup/startup_lpc54616.o
                0x0000000000009b6e                PIN_INT7_IRQHandler
 .text.CTIMER2_IRQHandler
                0x0000000000009b76        0x8 ./startup/startup_lpc54616.o
                0x0000000000009b76                CTIMER2_IRQHandler
 .text.CTIMER4_IRQHandler
                0x0000000000009b7e        0x8 ./startup/startup_lpc54616.o
                0x0000000000009b7e                CTIMER4_IRQHandler
 .text.RIT_IRQHandler
                0x0000000000009b86        0x8 ./startup/startup_lpc54616.o
                0x0000000000009b86                RIT_IRQHandler
 .text.SPIFI0_IRQHandler
                0x0000000000009b8e        0x8 ./startup/startup_lpc54616.o
                0x0000000000009b8e                SPIFI0_IRQHandler
 .text.FLEXCOMM8_IRQHandler
                0x0000000000009b96        0x8 ./startup/startup_lpc54616.o
                0x0000000000009b96                FLEXCOMM8_IRQHandler
 .text.FLEXCOMM9_IRQHandler
                0x0000000000009b9e        0x8 ./startup/startup_lpc54616.o
                0x0000000000009b9e                FLEXCOMM9_IRQHandler
 .text.SDIO_IRQHandler
                0x0000000000009ba6        0x8 ./startup/startup_lpc54616.o
                0x0000000000009ba6                SDIO_IRQHandler
 .text.CAN0_IRQ0_IRQHandler
                0x0000000000009bae        0x8 ./startup/startup_lpc54616.o
                0x0000000000009bae                CAN0_IRQ0_IRQHandler
 .text.CAN0_IRQ1_IRQHandler
                0x0000000000009bb6        0x8 ./startup/startup_lpc54616.o
                0x0000000000009bb6                CAN0_IRQ1_IRQHandler
 .text.CAN1_IRQ0_IRQHandler
                0x0000000000009bbe        0x8 ./startup/startup_lpc54616.o
                0x0000000000009bbe                CAN1_IRQ0_IRQHandler
 .text.CAN1_IRQ1_IRQHandler
                0x0000000000009bc6        0x8 ./startup/startup_lpc54616.o
                0x0000000000009bc6                CAN1_IRQ1_IRQHandler
 .text.USB1_IRQHandler
                0x0000000000009bce        0x8 ./startup/startup_lpc54616.o
                0x0000000000009bce                USB1_IRQHandler
 .text.USB1_NEEDCLK_IRQHandler
                0x0000000000009bd6        0x8 ./startup/startup_lpc54616.o
                0x0000000000009bd6                USB1_NEEDCLK_IRQHandler
 .text.ETHERNET_IRQHandler
                0x0000000000009bde        0x8 ./startup/startup_lpc54616.o
                0x0000000000009bde                ETHERNET_IRQHandler
 .text.ETHERNET_PMT_IRQHandler
                0x0000000000009be6        0x8 ./startup/startup_lpc54616.o
                0x0000000000009be6                ETHERNET_PMT_IRQHandler
 .text.ETHERNET_MACLP_IRQHandler
                0x0000000000009bee        0x8 ./startup/startup_lpc54616.o
                0x0000000000009bee                ETHERNET_MACLP_IRQHandler
 .text.EEPROM_IRQHandler
                0x0000000000009bf6        0x8 ./startup/startup_lpc54616.o
                0x0000000000009bf6                EEPROM_IRQHandler
 .text.LCD_IRQHandler
                0x0000000000009bfe        0x8 ./startup/startup_lpc54616.o
                0x0000000000009bfe                LCD_IRQHandler
 .text.SHA_IRQHandler
                0x0000000000009c06        0x8 ./startup/startup_lpc54616.o
                0x0000000000009c06                SHA_IRQHandler
 .text.SMARTCARD0_IRQHandler
                0x0000000000009c0e        0x8 ./startup/startup_lpc54616.o
                0x0000000000009c0e                SMARTCARD0_IRQHandler
 .text.SMARTCARD1_IRQHandler
                0x0000000000009c16        0x8 ./startup/startup_lpc54616.o
                0x0000000000009c16                SMARTCARD1_IRQHandler
 .text.HardFault_Handler
                0x0000000000009c1e       0x2c ./source/semihost_hardfault.o
                0x0000000000009c1e                HardFault_Handler
 .text.CLOCK_SetFLASHAccessCycles
                0x0000000000009c4a       0x34 ./drivers/fsl_clock.o
 .text.CLOCK_IsSystemPLLLocked
                0x0000000000009c7e       0x24 ./drivers/fsl_clock.o
 .text.CLOCK_IsUsbPLLLocked
                0x0000000000009ca2       0x24 ./drivers/fsl_clock.o
 .text.CLOCK_Enable_SysOsc
                0x0000000000009cc6       0x5c ./drivers/fsl_clock.o
 .text.POWER_EnablePD
                0x0000000000009d22       0x2e ./drivers/fsl_clock.o
 .text.POWER_DisablePD
                0x0000000000009d50       0x2e ./drivers/fsl_clock.o
 .text.CLOCK_GetMclkClkFreq
                0x0000000000009d7e       0x62 ./drivers/fsl_clock.o
                0x0000000000009d7e                CLOCK_GetMclkClkFreq
 .text.CLOCK_GetLcdClkIn
                0x0000000000009de0       0x10 ./drivers/fsl_clock.o
                0x0000000000009de0                CLOCK_GetLcdClkIn
 .text.CLOCK_GetOsc32KFreq
                0x0000000000009df0       0x12 ./drivers/fsl_clock.o
                0x0000000000009df0                CLOCK_GetOsc32KFreq
 .text.CLOCK_GetCoreSysClkFreq
                0x0000000000009e02       0x8c ./drivers/fsl_clock.o
                0x0000000000009e02                CLOCK_GetCoreSysClkFreq
 .text.CLOCK_GetI2SMClkFreq
                0x0000000000009e8e       0x10 ./drivers/fsl_clock.o
                0x0000000000009e8e                CLOCK_GetI2SMClkFreq
 .text.CLOCK_GetUsbPLLOutFromSetup
                0x0000000000009e9e       0x96 ./drivers/fsl_clock.o
                0x0000000000009e9e                CLOCK_GetUsbPLLOutFromSetup
 .text.CTIMER_GetStatusFlags
                0x0000000000009f34       0x18 ./drivers/fsl_ctimer.o
 .text.CTIMER_ClearStatusFlags
                0x0000000000009f4c       0x1c ./drivers/fsl_ctimer.o
 .text.CTIMER0_DriverIRQHandler
                0x0000000000009f68       0x12 ./drivers/fsl_ctimer.o
                0x0000000000009f68                CTIMER0_DriverIRQHandler
 .text.CTIMER1_DriverIRQHandler
                0x0000000000009f7a       0x12 ./drivers/fsl_ctimer.o
                0x0000000000009f7a                CTIMER1_DriverIRQHandler
 .text.CTIMER2_DriverIRQHandler
                0x0000000000009f8c       0x12 ./drivers/fsl_ctimer.o
                0x0000000000009f8c                CTIMER2_DriverIRQHandler
 .text.CTIMER3_DriverIRQHandler
                0x0000000000009f9e       0x12 ./drivers/fsl_ctimer.o
                0x0000000000009f9e                CTIMER3_DriverIRQHandler
 .text.CTIMER4_DriverIRQHandler
                0x0000000000009fb0       0x12 ./drivers/fsl_ctimer.o
                0x0000000000009fb0                CTIMER4_DriverIRQHandler
 .text.DMA_GetVirtualStartChannel
                0x0000000000009fc2       0x40 ./drivers/fsl_dma.o
 .text.FLEXCOMM_PeripheralIsPresent
                0x000000000000a002       0x64 ./drivers/fsl_flexcomm.o
 .text.FLEXCOMM_SetPeriph
                0x000000000000a066       0x74 ./drivers/fsl_flexcomm.o
 .text.I2C_MasterEnable
                0x000000000000a0da       0x44 ./drivers/fsl_i2c.o
 .text.I2C_MasterInit
                0x000000000000a11e       0x36 ./drivers/fsl_i2c.o
                0x000000000000a11e                I2C_MasterInit
 .text.I2C_MasterSetBaudRate
                0x000000000000a154       0xb2 ./drivers/fsl_i2c.o
                0x000000000000a154                I2C_MasterSetBaudRate
 .text.INPUTMUX_AttachSignal
                0x000000000000a206       0x36 ./drivers/fsl_inputmux.o
                0x000000000000a206                INPUTMUX_AttachSignal
 .text.PINT_PinInterruptClrStatus
                0x000000000000a23c       0x22 ./drivers/fsl_pint.o
 .text.PINT_PatternMatchResetDetectLogic
                0x000000000000a25e       0x36 ./drivers/fsl_pint.o
                0x000000000000a25e                PINT_PatternMatchResetDetectLogic
 .text.RESET_PeripheralReset
                0x000000000000a294       0x1c ./drivers/fsl_reset.o
                0x000000000000a294                RESET_PeripheralReset
 .text.SCTIMER_SetupCounterLimitAction
                0x000000000000a2b0       0x56 ./drivers/fsl_sctimer.o
 .text.SPI_Enable
                0x000000000000a306       0x40 ./drivers/fsl_spi.o
 .text.BOARD_InitDebugConsole
                0x000000000000a346        0xe ./board/board.o
                0x000000000000a346                BOARD_InitDebugConsole
 .text.POWER_DisablePD
                0x000000000000a354       0x2e ./board/clock_config.o
 .text.BOARD_InitBootClocks
                0x000000000000a382        0xc ./board/clock_config.o
                0x000000000000a382                BOARD_InitBootClocks
 .text.SCTIMER_StartTimer
                0x000000000000a38e       0x44 ./board/peripherals.o
 .text.GPIO_1_init
                0x000000000000a3d2        0xe ./board/peripherals.o
                0x000000000000a3d2                GPIO_1_init
 .text.BOARD_InitPeripherals
                0x000000000000a3e0       0x28 ./board/peripherals.o
                0x000000000000a3e0                BOARD_InitPeripherals
 .text.BOARD_InitBootPeripherals
                0x000000000000a408        0xc ./board/peripherals.o
                0x000000000000a408                BOARD_InitBootPeripherals
 .text.BOARD_InitBootPins
                0x000000000000a414        0xc ./board/pin_mux.o
                0x000000000000a414                BOARD_InitBootPins
 .text.SystemInitHook
                0x000000000000a420        0xe ./CMSIS/system_LPC54616.o
                0x000000000000a420                SystemInitHook
 .text._exit    0x000000000000a42e        0x2 /storage/local/mcuxpressoide-10.2.1_795/ide/tools/bin/../lib/gcc/arm-none-eabi/7.2.1/../../../../arm-none-eabi/lib/thumb/v7e-m/fpv4-sp/hard/libcr_newlib_nohost.a(_exit.o)
                0x000000000000a42e                _exit
 *(SORT_BY_ALIGNMENT(.rodata) SORT_BY_ALIGNMENT(.rodata.*) SORT_BY_ALIGNMENT(.constdata) SORT_BY_ALIGNMENT(.constdata.*))
 .rodata.__mprec_bigtens
                0x000000000000a430       0x28 /storage/local/mcuxpressoide-10.2.1_795/ide/tools/bin/../lib/gcc/arm-none-eabi/7.2.1/../../../../arm-none-eabi/lib/thumb/v7e-m/fpv4-sp/hard/libc.a(lib_a-mprec.o)
                0x000000000000a430                __mprec_bigtens
 .rodata.__mprec_tens
                0x000000000000a458       0xc8 /storage/local/mcuxpressoide-10.2.1_795/ide/tools/bin/../lib/gcc/arm-none-eabi/7.2.1/../../../../arm-none-eabi/lib/thumb/v7e-m/fpv4-sp/hard/libc.a(lib_a-mprec.o)
                0x000000000000a458                __mprec_tens
 .rodata        0x000000000000a520       0x2f ./utilities/fsl_log.o
 *fill*         0x000000000000a54f        0x1 ff
 .rodata.__func__.8167
                0x000000000000a550        0x9 ./utilities/fsl_log.o
 *fill*         0x000000000000a559        0x3 ff
 .rodata.__func__.8177
                0x000000000000a55c        0xd ./utilities/fsl_log.o
 *fill*         0x000000000000a569        0x3 ff
 .rodata        0x000000000000a56c        0xd ./source/LPC54616J512_Project.o
 *fill*         0x000000000000a579        0x3 ff
 .rodata        0x000000000000a57c       0x74 ./drivers/fsl_adc.o
 .rodata.__func__.8310
                0x000000000000a5f0       0x10 ./drivers/fsl_adc.o
 .rodata.__func__.8315
                0x000000000000a600        0x9 ./drivers/fsl_adc.o
 *fill*         0x000000000000a609        0x3 ff
 .rodata.wdtFreqLookup
                0x000000000000a60c       0x20 ./drivers/fsl_clock.o
 .rodata.s_ctimerBases
                0x000000000000a62c       0x14 ./drivers/fsl_ctimer.o
 .rodata        0x000000000000a640      0x495 ./drivers/fsl_dma.o
 *fill*         0x000000000000aad5        0x3 ff
 .rodata.__func__.8303
                0x000000000000aad8       0x10 ./drivers/fsl_dma.o
 .rodata.s_flexcommBaseAddrs
                0x000000000000aae8       0x28 ./drivers/fsl_flexcomm.o
 .rodata.s_flexcommClocks
                0x000000000000ab10       0x14 ./drivers/fsl_flexcomm.o
 .rodata        0x000000000000ab24      0x114 ./drivers/fsl_flexcomm.o
 .rodata.__func__.8151
                0x000000000000ac38       0x15 ./drivers/fsl_flexcomm.o
 *fill*         0x000000000000ac4d        0x3 ff
 .rodata.__func__.8171
                0x000000000000ac50       0x1b ./drivers/fsl_flexcomm.o
 *fill*         0x000000000000ac6b        0x1 ff
 .rodata.__func__.8175
                0x000000000000ac6c       0x1b ./drivers/fsl_flexcomm.o
 *fill*         0x000000000000ac87        0x1 ff
 .rodata.__func__.8179
                0x000000000000ac88       0x1b ./drivers/fsl_flexcomm.o
 *fill*         0x000000000000aca3        0x1 ff
 .rodata.__func__.8183
                0x000000000000aca4       0x1b ./drivers/fsl_flexcomm.o
 *fill*         0x000000000000acbf        0x1 ff
 .rodata.__func__.8187
                0x000000000000acc0       0x1b ./drivers/fsl_flexcomm.o
 *fill*         0x000000000000acdb        0x1 ff
 .rodata.__func__.8191
                0x000000000000acdc       0x1b ./drivers/fsl_flexcomm.o
 *fill*         0x000000000000acf7        0x1 ff
 .rodata.__func__.8195
                0x000000000000acf8       0x1b ./drivers/fsl_flexcomm.o
 *fill*         0x000000000000ad13        0x1 ff
 .rodata.__func__.8199
                0x000000000000ad14       0x1b ./drivers/fsl_flexcomm.o
 *fill*         0x000000000000ad2f        0x1 ff
 .rodata.__func__.8203
                0x000000000000ad30       0x1b ./drivers/fsl_flexcomm.o
 *fill*         0x000000000000ad4b        0x1 ff
 .rodata.__func__.8207
                0x000000000000ad4c       0x1b ./drivers/fsl_flexcomm.o
 *fill*         0x000000000000ad67        0x1 ff
 .rodata        0x000000000000ad68      0x150 ./drivers/fsl_mcan.o
 .rodata.__func__.8738
                0x000000000000aeb8       0x1b ./drivers/fsl_mcan.o
 *fill*         0x000000000000aed3        0x1 ff
 .rodata.__func__.8742
                0x000000000000aed4       0x1b ./drivers/fsl_mcan.o
 *fill*         0x000000000000aeef        0x1 ff
 .rodata.__func__.8746
                0x000000000000aef0       0x1b ./drivers/fsl_mcan.o
 *fill*         0x000000000000af0b        0x1 ff
 .rodata.__func__.8750
                0x000000000000af0c       0x1b ./drivers/fsl_mcan.o
 *fill*         0x000000000000af27        0x1 ff
 .rodata        0x000000000000af28       0x27 ./drivers/fsl_reset.o
 *fill*         0x000000000000af4f        0x1 ff
 .rodata.__func__.8113
                0x000000000000af50       0x19 ./drivers/fsl_reset.o
 *fill*         0x000000000000af69        0x3 ff
 .rodata.__func__.8126
                0x000000000000af6c       0x1b ./drivers/fsl_reset.o
 *fill*         0x000000000000af87        0x1 ff
 .rodata        0x000000000000af88      0x127 ./drivers/fsl_sctimer.o
 *fill*         0x000000000000b0af        0x1 ff
 .rodata.__func__.8385
                0x000000000000b0b0       0x14 ./drivers/fsl_sctimer.o
 .rodata.__func__.8390
                0x000000000000b0c4        0xd ./drivers/fsl_sctimer.o
 *fill*         0x000000000000b0d1        0x3 ff
 .rodata.__func__.8410
                0x000000000000b0d4       0x11 ./drivers/fsl_sctimer.o
 *fill*         0x000000000000b0e5        0x3 ff
 .rodata.__func__.8333
                0x000000000000b0e8       0x1f ./drivers/fsl_sctimer.o
 *fill*         0x000000000000b107        0x1 ff
 .rodata.__func__.8327
                0x000000000000b108       0x1d ./drivers/fsl_sctimer.o
 *fill*         0x000000000000b125        0x3 ff
 .rodata        0x000000000000b128      0x35f ./drivers/fsl_spi.o
 *fill*         0x000000000000b487        0x1 ff
 .rodata.s_spiBaseAddrs
                0x000000000000b488       0x28 ./drivers/fsl_spi.o
 .rodata.__func__.8408
                0x000000000000b4b0       0x10 ./drivers/fsl_spi.o
 .rodata.__func__.8430
                0x000000000000b4c0        0xf ./drivers/fsl_spi.o
 *fill*         0x000000000000b4cf        0x1 ff
 .rodata.__func__.8340
                0x000000000000b4d0       0x15 ./drivers/fsl_spi.o
 *fill*         0x000000000000b4e5        0x3 ff
 .rodata.__func__.8461
                0x000000000000b4e8       0x12 ./drivers/fsl_spi.o
 *fill*         0x000000000000b4fa        0x2 ff
 .rodata        0x000000000000b4fc      0x1cb ./drivers/fsl_usart.o
 *fill*         0x000000000000b6c7        0x1 ff
 .rodata.__func__.8362
                0x000000000000b6c8        0xb ./drivers/fsl_usart.o
 *fill*         0x000000000000b6d3        0x1 ff
 .rodata.__func__.8386
                0x000000000000b6d4       0x12 ./drivers/fsl_usart.o
 *fill*         0x000000000000b6e6        0x2 ff
 .rodata.__func__.8396
                0x000000000000b6e8       0x14 ./drivers/fsl_usart.o
 .rodata.__func__.8412
                0x000000000000b6fc       0x13 ./drivers/fsl_usart.o
 *fill*         0x000000000000b70f        0x1 ff
 .rodata        0x000000000000b710        0xc ./board/clock_config.o
 .rodata.USART_1_config
                0x000000000000b71c        0xc ./board/peripherals.o
                0x000000000000b71c                USART_1_config
 .rodata.ADC_1configStruct
                0x000000000000b728       0x10 ./board/peripherals.o
                0x000000000000b728                ADC_1configStruct
 .rodata.SPI_1_config
                0x000000000000b738       0x18 ./board/peripherals.o
                0x000000000000b738                SPI_1_config
 .rodata.SPI_2_config
                0x000000000000b750       0x18 ./board/peripherals.o
                0x000000000000b750                SPI_2_config
 .rodata.SPI_3_config
                0x000000000000b768       0x18 ./board/peripherals.o
                0x000000000000b768                SPI_3_config
 .rodata.I2C_1_config
                0x000000000000b780        0xc ./board/peripherals.o
                0x000000000000b780                I2C_1_config
 .rodata.SCTimer_1_initConfig
                0x000000000000b78c        0x8 ./board/peripherals.o
                0x000000000000b78c                SCTimer_1_initConfig
 .rodata.SCTimer_1_pwmSignalsConfig
                0x000000000000b794        0x3 ./board/peripherals.o
                0x000000000000b794                SCTimer_1_pwmSignalsConfig
 *fill*         0x000000000000b797        0x1 ff
 .rodata.__assert_func.str1.4
                0x000000000000b798       0x3f /storage/local/mcuxpressoide-10.2.1_795/ide/tools/bin/../lib/gcc/arm-none-eabi/7.2.1/../../../../arm-none-eabi/lib/thumb/v7e-m/fpv4-sp/hard/libc.a(lib_a-assert.o)
                                         0x43 (size before relaxing)
 *fill*         0x000000000000b7d7        0x1 ff
 .rodata._vfiprintf_r.str1.4
                0x000000000000b7d8       0x2f /storage/local/mcuxpressoide-10.2.1_795/ide/tools/bin/../lib/gcc/arm-none-eabi/7.2.1/../../../../arm-none-eabi/lib/thumb/v7e-m/fpv4-sp/hard/libc.a(lib_a-vfiprintf.o)
 *fill*         0x000000000000b807        0x1 ff
 .rodata.blanks.8545
                0x000000000000b808       0x10 /storage/local/mcuxpressoide-10.2.1_795/ide/tools/bin/../lib/gcc/arm-none-eabi/7.2.1/../../../../arm-none-eabi/lib/thumb/v7e-m/fpv4-sp/hard/libc.a(lib_a-vfiprintf.o)
 .rodata.zeroes.8546
                0x000000000000b818       0x10 /storage/local/mcuxpressoide-10.2.1_795/ide/tools/bin/../lib/gcc/arm-none-eabi/7.2.1/../../../../arm-none-eabi/lib/thumb/v7e-m/fpv4-sp/hard/libc.a(lib_a-vfiprintf.o)
 .rodata._vfprintf_r.str1.4
                0x000000000000b828       0x12 /storage/local/mcuxpressoide-10.2.1_795/ide/tools/bin/../lib/gcc/arm-none-eabi/7.2.1/../../../../arm-none-eabi/lib/thumb/v7e-m/fpv4-sp/hard/libc.a(lib_a-vfprintf.o)
                                         0x42 (size before relaxing)
 *fill*         0x000000000000b83a        0x2 ff
 .rodata.blanks.8566
                0x000000000000b83c       0x10 /storage/local/mcuxpressoide-10.2.1_795/ide/tools/bin/../lib/gcc/arm-none-eabi/7.2.1/../../../../arm-none-eabi/lib/thumb/v7e-m/fpv4-sp/hard/libc.a(lib_a-vfprintf.o)
 .rodata.zeroes.8567
                0x000000000000b84c       0x10 /storage/local/mcuxpressoide-10.2.1_795/ide/tools/bin/../lib/gcc/arm-none-eabi/7.2.1/../../../../arm-none-eabi/lib/thumb/v7e-m/fpv4-sp/hard/libc.a(lib_a-vfprintf.o)
 .rodata._dtoa_r.str1.4
                0x000000000000b85c       0x10 /storage/local/mcuxpressoide-10.2.1_795/ide/tools/bin/../lib/gcc/arm-none-eabi/7.2.1/../../../../arm-none-eabi/lib/thumb/v7e-m/fpv4-sp/hard/libc.a(lib_a-dtoa.o)
                                         0x12 (size before relaxing)
 .rodata._setlocale_r.str1.4
                0x000000000000b86c        0xa /storage/local/mcuxpressoide-10.2.1_795/ide/tools/bin/../lib/gcc/arm-none-eabi/7.2.1/../../../../arm-none-eabi/lib/thumb/v7e-m/fpv4-sp/hard/libc.a(lib_a-locale.o)
                                          0xd (size before relaxing)
 *fill*         0x000000000000b876        0x2 ff
 .rodata.str1.4
                0x000000000000b878        0x4 /storage/local/mcuxpressoide-10.2.1_795/ide/tools/bin/../lib/gcc/arm-none-eabi/7.2.1/../../../../arm-none-eabi/lib/thumb/v7e-m/fpv4-sp/hard/libc.a(lib_a-locale.o)
                                          0x2 (size before relaxing)
 .rodata.p05.7367
                0x000000000000b87c        0xc /storage/local/mcuxpressoide-10.2.1_795/ide/tools/bin/../lib/gcc/arm-none-eabi/7.2.1/../../../../arm-none-eabi/lib/thumb/v7e-m/fpv4-sp/hard/libc.a(lib_a-mprec.o)
 .rodata._ctype_
                0x000000000000b888      0x101 /storage/local/mcuxpressoide-10.2.1_795/ide/tools/bin/../lib/gcc/arm-none-eabi/7.2.1/../../../../arm-none-eabi/lib/thumb/v7e-m/fpv4-sp/hard/libc.a(lib_a-ctype_.o)
                0x000000000000b888                _ctype_
                0x000000000000b98c                . = ALIGN (0x4)
 *fill*         0x000000000000b989        0x3 ff

.glue_7         0x000000000000b98c        0x0
 .glue_7        0x000000000000b98c        0x0 linker stubs

.glue_7t        0x000000000000b98c        0x0
 .glue_7t       0x000000000000b98c        0x0 linker stubs

.vfp11_veneer   0x000000000000b98c        0x0
 .vfp11_veneer  0x000000000000b98c        0x0 linker stubs

.v4_bx          0x000000000000b98c        0x0
 .v4_bx         0x000000000000b98c        0x0 linker stubs

.iplt           0x000000000000b98c        0x0
 .iplt          0x000000000000b98c        0x0 ./utilities/fsl_debug_console.o

.ARM.extab
 *(SORT_BY_ALIGNMENT(.ARM.extab*) SORT_BY_ALIGNMENT(.gnu.linkonce.armextab.*))
                0x000000000000b98c                __exidx_start = .

.ARM.exidx      0x000000000000b98c        0x8
 *(SORT_BY_ALIGNMENT(.ARM.exidx*) SORT_BY_ALIGNMENT(.gnu.linkonce.armexidx.*))
 .ARM.exidx     0x000000000000b98c        0x8 /storage/local/mcuxpressoide-10.2.1_795/ide/tools/bin/../lib/gcc/arm-none-eabi/7.2.1/thumb/v7e-m/fpv4-sp/hard/libgcc.a(_udivmoddi4.o)
                0x000000000000b994                __exidx_end = .
                0x000000000000b994                _etext = .

.rel.dyn        0x000000000000b994        0x0
 .rel.iplt      0x000000000000b994        0x0 ./utilities/fsl_debug_console.o

.m_usb_data
 *(SORT_BY_ALIGNMENT(m_usb_global))

.data_RAM2      0x0000000004000000        0x0 load address 0x000000000000b994
 FILL mask 0xff
                [!provide]                        PROVIDE (__start_data_RAM2, .)
 *(SORT_BY_ALIGNMENT(.ramfunc.$RAM2))
 *(SORT_BY_ALIGNMENT(.ramfunc.$SRAMX))
 *(SORT_BY_ALIGNMENT(.data.$RAM2*))
 *(SORT_BY_ALIGNMENT(.data.$SRAMX*))
                0x0000000004000000                . = ALIGN (0x4)
                [!provide]                        PROVIDE (__end_data_RAM2, .)

.data_RAM3      0x0000000040100000        0x0 load address 0x000000000000b994
 FILL mask 0xff
                [!provide]                        PROVIDE (__start_data_RAM3, .)
 *(SORT_BY_ALIGNMENT(.ramfunc.$RAM3))
 *(SORT_BY_ALIGNMENT(.ramfunc.$USB_RAM))
 *(SORT_BY_ALIGNMENT(.data.$RAM3*))
 *(SORT_BY_ALIGNMENT(.data.$USB_RAM*))
                0x0000000040100000                . = ALIGN (0x4)
                [!provide]                        PROVIDE (__end_data_RAM3, .)

.uninit_RESERVED
                0x0000000020000000        0x0
 *(SORT_BY_ALIGNMENT(.bss.$RESERVED*))
                0x0000000020000000                . = ALIGN (0x4)
                0x0000000020000000                _end_uninit_RESERVED = .

.data           0x0000000020000000      0x9ac load address 0x000000000000b994
 FILL mask 0xff
                0x0000000020000000                _data = .
 *(SORT_BY_ALIGNMENT(vtable))
 *(SORT_BY_ALIGNMENT(.ramfunc*))
 *(SORT_BY_ALIGNMENT(.data*))
 .data.impure_data
                0x0000000020000000      0x428 /storage/local/mcuxpressoide-10.2.1_795/ide/tools/bin/../lib/gcc/arm-none-eabi/7.2.1/../../../../arm-none-eabi/lib/thumb/v7e-m/fpv4-sp/hard/libc.a(lib_a-impure.o)
 .data.SystemCoreClock
                0x0000000020000428        0x4 ./CMSIS/system_LPC54616.o
                0x0000000020000428                SystemCoreClock
 .data._impure_ptr
                0x000000002000042c        0x4 /storage/local/mcuxpressoide-10.2.1_795/ide/tools/bin/../lib/gcc/arm-none-eabi/7.2.1/../../../../arm-none-eabi/lib/thumb/v7e-m/fpv4-sp/hard/libc.a(lib_a-impure.o)
                0x000000002000042c                _impure_ptr
 .data.__malloc_av_
                0x0000000020000430      0x408 /storage/local/mcuxpressoide-10.2.1_795/ide/tools/bin/../lib/gcc/arm-none-eabi/7.2.1/../../../../arm-none-eabi/lib/thumb/v7e-m/fpv4-sp/hard/libc.a(lib_a-mallocr.o)
                0x0000000020000430                __malloc_av_
 .data.__malloc_sbrk_base
                0x0000000020000838        0x4 /storage/local/mcuxpressoide-10.2.1_795/ide/tools/bin/../lib/gcc/arm-none-eabi/7.2.1/../../../../arm-none-eabi/lib/thumb/v7e-m/fpv4-sp/hard/libc.a(lib_a-mallocr.o)
                0x0000000020000838                __malloc_sbrk_base
 .data.__malloc_trim_threshold
                0x000000002000083c        0x4 /storage/local/mcuxpressoide-10.2.1_795/ide/tools/bin/../lib/gcc/arm-none-eabi/7.2.1/../../../../arm-none-eabi/lib/thumb/v7e-m/fpv4-sp/hard/libc.a(lib_a-mallocr.o)
                0x000000002000083c                __malloc_trim_threshold
 .data.__global_locale
                0x0000000020000840      0x16c /storage/local/mcuxpressoide-10.2.1_795/ide/tools/bin/../lib/gcc/arm-none-eabi/7.2.1/../../../../arm-none-eabi/lib/thumb/v7e-m/fpv4-sp/hard/libc.a(lib_a-locale.o)
                0x0000000020000840                __global_locale
                0x00000000200009ac                . = ALIGN (0x4)
                0x00000000200009ac                _edata = .

.igot.plt       0x00000000200009ac        0x0 load address 0x000000000000c340
 .igot.plt      0x00000000200009ac        0x0 ./utilities/fsl_debug_console.o

.bss_RAM2       0x0000000004000000        0x0
                [!provide]                        PROVIDE (__start_bss_RAM2, .)
 *(SORT_BY_ALIGNMENT(.bss.$RAM2*))
 *(SORT_BY_ALIGNMENT(.bss.$SRAMX*))
                0x0000000004000000                . = ALIGN ((. != 0x0)?0x4:0x1)
                [!provide]                        PROVIDE (__end_bss_RAM2, .)

.bss_RAM3       0x0000000040100000        0x0
                [!provide]                        PROVIDE (__start_bss_RAM3, .)
 *(SORT_BY_ALIGNMENT(.bss.$RAM3*))
 *(SORT_BY_ALIGNMENT(.bss.$USB_RAM*))
                0x0000000040100000                . = ALIGN ((. != 0x0)?0x4:0x1)
                [!provide]                        PROVIDE (__end_bss_RAM3, .)

.bss            0x00000000200009ac      0x1ec
                0x00000000200009ac                _bss = .
 *(SORT_BY_ALIGNMENT(.bss*))
 .bss.s_debugConsoleIO
                0x00000000200009ac        0x8 ./utilities/fsl_io.o
 .bss.i.10024   0x00000000200009b4        0x4 ./source/LPC54616J512_Project.o
 .bss.s_Pll_Freq
                0x00000000200009b8        0x4 ./drivers/fsl_clock.o
 .bss.s_Usb_Pll_Freq
                0x00000000200009bc        0x4 ./drivers/fsl_clock.o
 .bss.s_Audio_Pll_Freq
                0x00000000200009c0        0x4 ./drivers/fsl_clock.o
 .bss.s_ctimerCallback
                0x00000000200009c4       0x14 ./drivers/fsl_ctimer.o
 .bss.ctimerCallbackType
                0x00000000200009d8        0x5 ./drivers/fsl_ctimer.o
 *fill*         0x00000000200009dd        0x3 
 .bss.s_DMAHandle
                0x00000000200009e0       0x78 ./drivers/fsl_dma.o
 .bss.s_flexcommIrqHandler
                0x0000000020000a58       0x28 ./drivers/fsl_flexcomm.o
 .bss.s_flexcommHandle
                0x0000000020000a80       0x28 ./drivers/fsl_flexcomm.o
 .bss.s_mcanHandle
                0x0000000020000aa8        0x8 ./drivers/fsl_mcan.o
 .bss.s_mcanIsr
                0x0000000020000ab0        0x4 ./drivers/fsl_mcan.o
 .bss.s_pintCallback
                0x0000000020000ab4       0x20 ./drivers/fsl_pint.o
 .bss.s_eventCallback
                0x0000000020000ad4       0x28 ./drivers/fsl_sctimer.o
 .bss.s_currentEvent
                0x0000000020000afc        0x4 ./drivers/fsl_sctimer.o
 .bss.s_currentState
                0x0000000020000b00        0x4 ./drivers/fsl_sctimer.o
 .bss.s_currentMatch
                0x0000000020000b04        0x4 ./drivers/fsl_sctimer.o
 .bss.s_sctimerIsr
                0x0000000020000b08        0x4 ./drivers/fsl_sctimer.o
 .bss.g_configs
                0x0000000020000b0c       0x14 ./drivers/fsl_spi.o
 .bss.s_dummyData
                0x0000000020000b20        0xa ./drivers/fsl_spi.o
                0x0000000020000b20                s_dummyData
 *fill*         0x0000000020000b2a        0x2 
 .bss.s_utickHandle
                0x0000000020000b2c        0x4 ./drivers/fsl_utick.o
 .bss.s_utickIsr
                0x0000000020000b30        0x4 ./drivers/fsl_utick.o
 .bss.SCTimer_1_pwmEvent
                0x0000000020000b34        0x4 ./board/peripherals.o
                0x0000000020000b34                SCTimer_1_pwmEvent
 .bss.__malloc_current_mallinfo
                0x0000000020000b38       0x28 /storage/local/mcuxpressoide-10.2.1_795/ide/tools/bin/../lib/gcc/arm-none-eabi/7.2.1/../../../../arm-none-eabi/lib/thumb/v7e-m/fpv4-sp/hard/libc.a(lib_a-mallocr.o)
                0x0000000020000b38                __malloc_current_mallinfo
 .bss.__malloc_max_sbrked_mem
                0x0000000020000b60        0x4 /storage/local/mcuxpressoide-10.2.1_795/ide/tools/bin/../lib/gcc/arm-none-eabi/7.2.1/../../../../arm-none-eabi/lib/thumb/v7e-m/fpv4-sp/hard/libc.a(lib_a-mallocr.o)
                0x0000000020000b60                __malloc_max_sbrked_mem
 .bss.__malloc_max_total_mem
                0x0000000020000b64        0x4 /storage/local/mcuxpressoide-10.2.1_795/ide/tools/bin/../lib/gcc/arm-none-eabi/7.2.1/../../../../arm-none-eabi/lib/thumb/v7e-m/fpv4-sp/hard/libc.a(lib_a-mallocr.o)
                0x0000000020000b64                __malloc_max_total_mem
 .bss.__malloc_top_pad
                0x0000000020000b68        0x4 /storage/local/mcuxpressoide-10.2.1_795/ide/tools/bin/../lib/gcc/arm-none-eabi/7.2.1/../../../../arm-none-eabi/lib/thumb/v7e-m/fpv4-sp/hard/libc.a(lib_a-mallocr.o)
                0x0000000020000b68                __malloc_top_pad
 .bss.__end_of_heap
                0x0000000020000b6c        0x4 /storage/local/mcuxpressoide-10.2.1_795/ide/tools/bin/../lib/gcc/arm-none-eabi/7.2.1/../../../../arm-none-eabi/lib/thumb/v7e-m/fpv4-sp/hard/libcr_newlib_nohost.a(_cr_sbrk.o)
                0x0000000020000b6c                __end_of_heap
 *(SORT_BY_ALIGNMENT(COMMON))
 COMMON         0x0000000020000b70       0x21 /storage/local/mcuxpressoide-10.2.1_795/ide/tools/bin/../lib/gcc/arm-none-eabi/7.2.1/../../../../arm-none-eabi/lib/thumb/v7e-m/fpv4-sp/hard/libc.a(lib_a-lock.o)
                0x0000000020000b70                __lock___atexit_recursive_mutex
                0x0000000020000b74                __lock___arc4random_mutex
                0x0000000020000b78                __lock___env_recursive_mutex
                0x0000000020000b7c                __lock___sinit_recursive_mutex
                0x0000000020000b80                __lock___malloc_recursive_mutex
                0x0000000020000b84                __lock___at_quick_exit_mutex
                0x0000000020000b88                __lock___dd_hash_mutex
                0x0000000020000b8c                __lock___tz_mutex
                0x0000000020000b90                __lock___sfp_recursive_mutex
 *fill*         0x0000000020000b91        0x3 
 COMMON         0x0000000020000b94        0x4 /storage/local/mcuxpressoide-10.2.1_795/ide/tools/bin/../lib/gcc/arm-none-eabi/7.2.1/../../../../arm-none-eabi/lib/thumb/v7e-m/fpv4-sp/hard/libc.a(lib_a-reent.o)
                0x0000000020000b94                errno
                0x0000000020000b98                . = ALIGN (0x4)
                0x0000000020000b98                _ebss = .
                [!provide]                        PROVIDE (end, .)

.noinit_RAM2    0x0000000004000000        0x0
 *(SORT_BY_ALIGNMENT(.noinit.$RAM2*))
 *(SORT_BY_ALIGNMENT(.noinit.$SRAMX*))
                0x0000000004000000                . = ALIGN (0x4)

.noinit_RAM3    0x0000000040100000        0x0
 *(SORT_BY_ALIGNMENT(.noinit.$RAM3*))
 *(SORT_BY_ALIGNMENT(.noinit.$USB_RAM*))
                0x0000000040100000                . = ALIGN (0x4)

.noinit         0x0000000020000b98        0x0
                0x0000000020000b98                _noinit = .
 *(SORT_BY_ALIGNMENT(.noinit*))
                0x0000000020000b98                . = ALIGN (0x4)
                0x0000000020000b98                _end_noinit = .
                0x0000000000001000                _HeapSize = 0x1000

.heap           0x0000000020000b98     0x1000
                0x0000000020000b98                _pvHeapStart = .
                0x0000000020001b98                . = (. + _HeapSize)
 *fill*         0x0000000020000b98     0x1000 
                0x0000000020001b98                . = ALIGN (0x4)
                0x0000000020001b98                _pvHeapLimit = .
                0x0000000000001000                _StackSize = 0x1000

.heap2stackfill
                0x0000000020001b98     0x1000
                0x0000000020002b98                . = (. + _StackSize)
 *fill*         0x0000000020001b98     0x1000 

.stack          0x0000000020027000        0x0
                0x0000000020027000                _vStackBase = .
                0x0000000020027000                . = ALIGN (0x4)
                0x0000000020028000                _vStackTop = (. + _StackSize)
                0xffffffffdffcdaca                PROVIDE (__valid_user_code_checksum, (0x0 - ((((((_vStackTop + (ResetISR + 0x1)) + (NMI_Handler + 0x1)) + (HardFault_Handler + 0x1)) + (DEFINED (MemManage_Handler)?MemManage_Handler:0x0 + 0x1)) + (DEFINED (BusFault_Handler)?BusFault_Handler:0x0 + 0x1)) + (DEFINED (UsageFault_Handler)?UsageFault_Handler:0x0 + 0x1))))
                0x0000000000000000                _image_start = LOADADDR (.text)
                0x000000000000c340                _image_end = (LOADADDR (.data) + SIZEOF (.data))
                0x000000000000c340                _image_size = (_image_end - _image_start)
OUTPUT(LPC54616J512_Project.axf elf32-littlearm)

.debug_info     0x0000000000000000    0x2ffef
 .debug_info    0x0000000000000000      0xa54 ./utilities/fsl_debug_console.o
 .debug_info    0x0000000000000a54     0x10da ./utilities/fsl_io.o
 .debug_info    0x0000000000001b2e      0xb82 ./utilities/fsl_log.o
 .debug_info    0x00000000000026b0      0x66d ./startup/startup_lpc54616.o
 .debug_info    0x0000000000002d1d     0x1329 ./source/LPC54616J512_Project.o
 .debug_info    0x0000000000004046       0x3b ./source/semihost_hardfault.o
 .debug_info    0x0000000000004081     0x1f27 ./drivers/fsl_adc.o
 .debug_info    0x0000000000005fa8     0x3663 ./drivers/fsl_clock.o
 .debug_info    0x000000000000960b     0x2801 ./drivers/fsl_ctimer.o
 .debug_info    0x000000000000be0c     0x2a08 ./drivers/fsl_dma.o
 .debug_info    0x000000000000e814     0x1f3e ./drivers/fsl_flexcomm.o
 .debug_info    0x0000000000010752     0x26e1 ./drivers/fsl_i2c.o
 .debug_info    0x0000000000012e33     0x1c59 ./drivers/fsl_inputmux.o