Archive member included to satisfy reference by file (symbol)

/storage/home/thorsten/workspace/canbox_nxp_LPC546xx/LPC54616J512_Project/libs/libpower_hardabi.a(fsl_power_lib.o)
                              ./drivers/fsl_clock.o (POWER_SetVoltageForFreq)
/storage/local/mcuxpressoide-11.0.0_2516/ide/plugins/com.nxp.mcuxpresso.tools.linux_11.0.0.201905131304/tools/bin/../lib/gcc/arm-none-eabi/8.2.1/../../../../arm-none-eabi/lib/thumb/v7e-m+fp/hard/libcr_semihost_nf.a(_cr__main.o)
                              ./startup/startup_lpc54616.o (__main)
/storage/local/mcuxpressoide-11.0.0_2516/ide/plugins/com.nxp.mcuxpresso.tools.linux_11.0.0.201905131304/tools/bin/../lib/gcc/arm-none-eabi/8.2.1/../../../../arm-none-eabi/lib/thumb/v7e-m+fp/hard/libcr_semihost_nf.a(_cr_assert.o)
                              ./drivers/fsl_adc.o (__assertion_failed)
/storage/local/mcuxpressoide-11.0.0_2516/ide/plugins/com.nxp.mcuxpresso.tools.linux_11.0.0.201905131304/tools/bin/../lib/gcc/arm-none-eabi/8.2.1/../../../../arm-none-eabi/lib/thumb/v7e-m+fp/hard/libcr_semihost_nf.a(__ciob.o)
                              /storage/local/mcuxpressoide-11.0.0_2516/ide/plugins/com.nxp.mcuxpresso.tools.linux_11.0.0.201905131304/tools/bin/../lib/gcc/arm-none-eabi/8.2.1/../../../../arm-none-eabi/lib/thumb/v7e-m+fp/hard/libcr_semihost_nf.a(_cr_assert.o) (__Ciob)
/storage/local/mcuxpressoide-11.0.0_2516/ide/plugins/com.nxp.mcuxpresso.tools.linux_11.0.0.201905131304/tools/bin/../lib/gcc/arm-none-eabi/8.2.1/../../../../arm-none-eabi/lib/thumb/v7e-m+fp/hard/libcr_semihost_nf.a(__sys_appexit.o)
                              /storage/local/mcuxpressoide-11.0.0_2516/ide/plugins/com.nxp.mcuxpresso.tools.linux_11.0.0.201905131304/tools/bin/../lib/gcc/arm-none-eabi/8.2.1/../../../../arm-none-eabi/lib/thumb/v7e-m+fp/hard/libcr_semihost_nf.a(_cr_assert.o) (__sys_appexit)
/storage/local/mcuxpressoide-11.0.0_2516/ide/plugins/com.nxp.mcuxpresso.tools.linux_11.0.0.201905131304/tools/bin/../lib/gcc/arm-none-eabi/8.2.1/../../../../arm-none-eabi/lib/thumb/v7e-m+fp/hard/libcr_c.a(memcpy.o)
                              ./drivers/fsl_mcan.o (memcpy)
/storage/local/mcuxpressoide-11.0.0_2516/ide/plugins/com.nxp.mcuxpresso.tools.linux_11.0.0.201905131304/tools/bin/../lib/gcc/arm-none-eabi/8.2.1/../../../../arm-none-eabi/lib/thumb/v7e-m+fp/hard/libcr_c.a(memset.o)
                              ./drivers/fsl_adc.o (memset)
/storage/local/mcuxpressoide-11.0.0_2516/ide/plugins/com.nxp.mcuxpresso.tools.linux_11.0.0.201905131304/tools/bin/../lib/gcc/arm-none-eabi/8.2.1/../../../../arm-none-eabi/lib/thumb/v7e-m+fp/hard/libcr_c.a(_deferredlazyseek.o)
                              /storage/local/mcuxpressoide-11.0.0_2516/ide/plugins/com.nxp.mcuxpresso.tools.linux_11.0.0.201905131304/tools/bin/../lib/gcc/arm-none-eabi/8.2.1/../../../../arm-none-eabi/lib/thumb/v7e-m+fp/hard/libcr_semihost_nf.a(_cr_assert.o) (__flsbuf)
/storage/local/mcuxpressoide-11.0.0_2516/ide/plugins/com.nxp.mcuxpresso.tools.linux_11.0.0.201905131304/tools/bin/../lib/gcc/arm-none-eabi/8.2.1/../../../../arm-none-eabi/lib/thumb/v7e-m+fp/hard/libcr_c.a(_fflush.o)
                              /storage/local/mcuxpressoide-11.0.0_2516/ide/plugins/com.nxp.mcuxpresso.tools.linux_11.0.0.201905131304/tools/bin/../lib/gcc/arm-none-eabi/8.2.1/../../../../arm-none-eabi/lib/thumb/v7e-m+fp/hard/libcr_c.a(_deferredlazyseek.o) (_fflush)
/storage/local/mcuxpressoide-11.0.0_2516/ide/plugins/com.nxp.mcuxpresso.tools.linux_11.0.0.201905131304/tools/bin/../lib/gcc/arm-none-eabi/8.2.1/../../../../arm-none-eabi/lib/thumb/v7e-m+fp/hard/libcr_c.a(_writebuf.o)
                              /storage/local/mcuxpressoide-11.0.0_2516/ide/plugins/com.nxp.mcuxpresso.tools.linux_11.0.0.201905131304/tools/bin/../lib/gcc/arm-none-eabi/8.2.1/../../../../arm-none-eabi/lib/thumb/v7e-m+fp/hard/libcr_c.a(_deferredlazyseek.o) (_Cwritebuf)
/storage/local/mcuxpressoide-11.0.0_2516/ide/plugins/com.nxp.mcuxpresso.tools.linux_11.0.0.201905131304/tools/bin/../lib/gcc/arm-none-eabi/8.2.1/../../../../arm-none-eabi/lib/thumb/v7e-m+fp/hard/libcr_c.a(alloc.o)
                              ./osa/usb_osa_bm.o (malloc)
/storage/local/mcuxpressoide-11.0.0_2516/ide/plugins/com.nxp.mcuxpresso.tools.linux_11.0.0.201905131304/tools/bin/../lib/gcc/arm-none-eabi/8.2.1/../../../../arm-none-eabi/lib/thumb/v7e-m+fp/hard/libcr_c.a(fputs.o)
                              /storage/local/mcuxpressoide-11.0.0_2516/ide/plugins/com.nxp.mcuxpresso.tools.linux_11.0.0.201905131304/tools/bin/../lib/gcc/arm-none-eabi/8.2.1/../../../../arm-none-eabi/lib/thumb/v7e-m+fp/hard/libcr_semihost_nf.a(_cr_assert.o) (fputs)
/storage/local/mcuxpressoide-11.0.0_2516/ide/plugins/com.nxp.mcuxpresso.tools.linux_11.0.0.201905131304/tools/bin/../lib/gcc/arm-none-eabi/8.2.1/../../../../arm-none-eabi/lib/thumb/v7e-m+fp/hard/libcr_c.a(fseek.o)
[...]
Memory Configuration

Name             Origin             Length             Attributes
PROGRAM_FLASH    0x0000000000000000 0x0000000000080000 xr
SRAM_0_1_2_3     0x0000000020000000 0x0000000000028000 xrw
SRAMX            0x0000000004000000 0x0000000000008000 xrw
USB_RAM          0x0000000040100000 0x0000000000002000 xrw
*default*        0x0000000000000000 0xffffffffffffffff

Linker script and memory map

LOAD ./usb/device/source/lpcip3511/usb_device_lpcip3511.o
LOAD ./usb/device/source/usb_device_ch9.o
LOAD ./usb/device/source/usb_device_dci.o
LOAD ./usb/device/class/cdc/usb_device_cdc_acm.o
LOAD ./usb/device/class/usb_device_class.o
LOAD ./startup/startup_lpc54616.o
LOAD ./source/semihost_hardfault.o
LOAD ./source/usb_device_descriptor.o
LOAD ./source/virtual_com.o
LOAD ./osa/usb_osa_bm.o
LOAD ./drivers/fsl_adc.o
LOAD ./drivers/fsl_clock.o
LOAD ./drivers/fsl_common.o
LOAD ./drivers/fsl_ctimer.o
LOAD ./drivers/fsl_flashiap.o
LOAD ./drivers/fsl_flexcomm.o
LOAD ./drivers/fsl_gpio.o
LOAD ./drivers/fsl_i2c.o
LOAD ./drivers/fsl_i2s.o
LOAD ./drivers/fsl_inputmux.o
LOAD ./drivers/fsl_mcan.o
LOAD ./drivers/fsl_pint.o
LOAD ./drivers/fsl_power.o
LOAD ./drivers/fsl_reset.o
LOAD ./drivers/fsl_sctimer.o
LOAD ./drivers/fsl_spi.o
LOAD ./drivers/fsl_usart.o
LOAD ./device/system_LPC54616.o
LOAD ./board/board.o
LOAD ./board/clock_config.o
LOAD ./board/peripherals.o
LOAD ./board/pin_mux.o
LOAD /storage/home/thorsten/workspace/canbox_nxp_LPC546xx/LPC54616J512_Project/libs/libpower_hardabi.a
START GROUP
LOAD /storage/local/mcuxpressoide-11.0.0_2516/ide/plugins/com.nxp.mcuxpresso.tools.linux_11.0.0.201905131304/tools/bin/../lib/gcc/arm-none-eabi/8.2.1/../../../../arm-none-eabi/lib/thumb/v7e-m+fp/hard/libcr_semihost_nf.a
LOAD /storage/local/mcuxpressoide-11.0.0_2516/ide/plugins/com.nxp.mcuxpresso.tools.linux_11.0.0.201905131304/tools/bin/../lib/gcc/arm-none-eabi/8.2.1/../../../../arm-none-eabi/lib/thumb/v7e-m+fp/hard/libcr_c.a
LOAD /storage/local/mcuxpressoide-11.0.0_2516/ide/plugins/com.nxp.mcuxpresso.tools.linux_11.0.0.201905131304/tools/bin/../lib/gcc/arm-none-eabi/8.2.1/thumb/v7e-m+fp/hard/libcr_eabihelpers.a
LOAD /storage/local/mcuxpressoide-11.0.0_2516/ide/plugins/com.nxp.mcuxpresso.tools.linux_11.0.0.201905131304/tools/bin/../lib/gcc/arm-none-eabi/8.2.1/thumb/v7e-m+fp/hard/libgcc.a
END GROUP
                0x0000000000000000                __base_PROGRAM_FLASH = 0x0
                0x0000000000000000                __base_Flash = 0x0
                0x0000000000080000                __top_PROGRAM_FLASH = 0x80000
                0x0000000000080000                __top_Flash = 0x80000
                0x0000000020000000                __base_SRAM_0_1_2_3 = 0x20000000
                0x0000000020000000                __base_RAM = 0x20000000
                0x0000000020028000                __top_SRAM_0_1_2_3 = 0x20028000
                0x0000000020028000                __top_RAM = 0x20028000
                0x0000000004000000                __base_SRAMX = 0x4000000
                0x0000000004000000                __base_RAM2 = 0x4000000
                0x0000000004008000                __top_SRAMX = 0x4008000
                0x0000000004008000                __top_RAM2 = 0x4008000
                0x0000000040100000                __base_USB_RAM = 0x40100000
                0x0000000040100000                __base_RAM3 = 0x40100000
                0x0000000040102000                __top_USB_RAM = 0x40102000
                0x0000000040102000                __top_RAM3 = 0x40102000

.text           0x0000000000000000     0xce94
 FILL mask 0xff
                0x0000000000000000                __vectors_start__ = ABSOLUTE (.)
 *(SORT_BY_ALIGNMENT(.isr_vector))
 .isr_vector    0x0000000000000000      0x124 ./startup/startup_lpc54616.o
                0x0000000000000000                __Vectors
                0x0000000000000000                g_pfnVectors
                0x0000000000000124                . = ALIGN (0x4)
                0x0000000000000124                __section_table_start = .
                0x0000000000000124                __data_section_table = .
                0x0000000000000124        0x4 LONG 0xce94 LOADADDR (.data)
                0x0000000000000128        0x4 LONG 0x20000000 ADDR (.data)
                0x000000000000012c        0x4 LONG 0x234 SIZEOF (.data)
                0x0000000000000130        0x4 LONG 0xce94 LOADADDR (.data_RAM2)
                0x0000000000000134        0x4 LONG 0x4000000 ADDR (.data_RAM2)
                0x0000000000000138        0x4 LONG 0x0 SIZEOF (.data_RAM2)
                0x000000000000013c        0x4 LONG 0xce94 LOADADDR (.data_RAM3)
                0x0000000000000140        0x4 LONG 0x40100000 ADDR (.data_RAM3)
                0x0000000000000144        0x4 LONG 0x0 SIZEOF (.data_RAM3)
                0x0000000000000148                __data_section_table_end = .
                0x0000000000000148                __bss_section_table = .
                0x0000000000000148        0x4 LONG 0x20010000 ADDR (.bss)
                0x000000000000014c        0x4 LONG 0x11fc4 SIZEOF (.bss)
                0x0000000000000150        0x4 LONG 0x4000000 ADDR (.bss_RAM2)
                0x0000000000000154        0x4 LONG 0x0 SIZEOF (.bss_RAM2)
                0x0000000000000158        0x4 LONG 0x40100000 ADDR (.bss_RAM3)
                0x000000000000015c        0x4 LONG 0x0 SIZEOF (.bss_RAM3)
                0x0000000000000160                __bss_section_table_end = .
                0x0000000000000160                __section_table_end = .
 *(SORT_BY_ALIGNMENT(.after_vectors*))
 .after_vectors.reset
                0x0000000000000160       0x58 ./startup/startup_lpc54616.o
                0x0000000000000160                ResetISR
 .after_vectors.init_data
                0x00000000000001b8       0x1e ./startup/startup_lpc54616.o
                0x00000000000001b8                data_init
 .after_vectors.init_bss
                0x00000000000001d6       0x12 ./startup/startup_lpc54616.o
                0x00000000000001d6                bss_init
 .after_vectors
                0x00000000000001e8       0x14 ./startup/startup_lpc54616.o
                0x00000000000001e8                NMI_Handler
                0x00000000000001ec                MemManage_Handler
                0x00000000000001ee                BusFault_Handler
                0x00000000000001f0                UsageFault_Handler
                0x00000000000001f2                SVC_Handler
                0x00000000000001f4                DebugMon_Handler
                0x00000000000001f6                PendSV_Handler
                0x00000000000001f8                SysTick_Handler
                0x00000000000001fa                DMA0_DriverIRQHandler
                0x00000000000001fa                EEPROM_DriverIRQHandler
                0x00000000000001fa                RIT_DriverIRQHandler
                0x00000000000001fa                ETHERNET_DriverIRQHandler
                0x00000000000001fa                SPIFI0_DriverIRQHandler
                0x00000000000001fa                IntDefaultHandler
                0x00000000000001fa                USB0_DriverIRQHandler
                0x00000000000001fa                MRT0_DriverIRQHandler
                0x00000000000001fa                UTICK0_DriverIRQHandler
                0x00000000000001fa                DMIC0_DriverIRQHandler
                0x00000000000001fa                Reserved47_DriverIRQHandler
                0x00000000000001fa                ADC0_THCMP_DriverIRQHandler
                0x00000000000001fa                GINT1_DriverIRQHandler
                0x00000000000001fa                USB0_NEEDCLK_DriverIRQHandler
                0x00000000000001fa                ADC0_SEQB_DriverIRQHandler
                0x00000000000001fa                ETHERNET_MACLP_DriverIRQHandler
                0x00000000000001fa                HWVAD0_DriverIRQHandler
                0x00000000000001fa                RTC_DriverIRQHandler
                0x00000000000001fa                LCD_DriverIRQHandler
                0x00000000000001fa                ETHERNET_PMT_DriverIRQHandler
                0x00000000000001fa                USB1_DriverIRQHandler
                0x00000000000001fa                ADC0_SEQA_DriverIRQHandler
                0x00000000000001fa                USB1_NEEDCLK_DriverIRQHandler
                0x00000000000001fa                SMARTCARD0_DriverIRQHandler
                0x00000000000001fa                SDIO_DriverIRQHandler
                0x00000000000001fa                SHA_DriverIRQHandler
                0x00000000000001fa                GINT0_DriverIRQHandler
                0x00000000000001fa                SMARTCARD1_DriverIRQHandler
                0x00000000000001fa                Reserved46_DriverIRQHandler
                0x00000000000001fa                WDT_BOD_DriverIRQHandler
 *(SORT_BY_ALIGNMENT(.text*))
 .text.USB_DeviceLpc3511IpSetDefaultState
                0x00000000000001fc       0xe0 ./usb/device/source/lpcip3511/usb_device_lpcip3511.o
 .text.USB_DeviceLpc3511IpInit
                0x00000000000002dc      0x19c ./usb/device/source/lpcip3511/usb_device_lpcip3511.o
                0x00000000000002dc                USB_DeviceLpc3511IpInit
 .text.USB_DeviceLpc3511IpDeinit
                0x0000000000000478       0x64 ./usb/device/source/lpcip3511/usb_device_lpcip3511.o
                0x0000000000000478                USB_DeviceLpc3511IpDeinit
 .text.USB_DeviceLpc3511IpControl
                0x00000000000004dc      0x248 ./usb/device/source/lpcip3511/usb_device_lpcip3511.o
                0x00000000000004dc                USB_DeviceLpc3511IpControl
 .text.USB_DeviceControlCallback
                0x0000000000000724      0x37c ./usb/device/source/usb_device_ch9.o
                0x0000000000000724                USB_DeviceControlCallback
 .text.USB_DeviceControlPipeInit
                0x0000000000000aa0       0x7c ./usb/device/source/usb_device_ch9.o
                0x0000000000000aa0                USB_DeviceControlPipeInit
 .text.USB_DeviceAllocateHandle
                0x0000000000000b1c       0xd0 ./usb/device/source/usb_device_dci.o
 .text.USB_DeviceGetControllerInterface
                0x0000000000000bec       0x38 ./usb/device/source/usb_device_dci.o
 .text.USB_DeviceGetStatus
                0x0000000000000c24       0xcc ./usb/device/source/usb_device_dci.o
                0x0000000000000c24                USB_DeviceGetStatus
 .text.USB_DeviceSetStatus
                0x0000000000000cf0      0x114 ./usb/device/source/usb_device_dci.o
                0x0000000000000cf0                USB_DeviceSetStatus
 .text.USB_DeviceCdcAcmAllocateHandle
                0x0000000000000e04       0x58 ./usb/device/class/cdc/usb_device_cdc_acm.o
 .text.USB_DeviceCdcAcmEndpointsInit
                0x0000000000000e5c      0x3a8 ./usb/device/class/cdc/usb_device_cdc_acm.o
                0x0000000000000e5c                USB_DeviceCdcAcmEndpointsInit
 .text.USB_DeviceCdcAcmEvent
                0x0000000000001204      0x640 ./usb/device/class/cdc/usb_device_cdc_acm.o
                0x0000000000001204                USB_DeviceCdcAcmEvent
 .text.USB_DeviceCdcAcmInit
                0x0000000000001844       0xc0 ./usb/device/class/cdc/usb_device_cdc_acm.o
                0x0000000000001844                USB_DeviceCdcAcmInit
 .text.USB_DeviceCdcAcmDeinit
                0x0000000000001904       0x7c ./usb/device/class/cdc/usb_device_cdc_acm.o
                0x0000000000001904                USB_DeviceCdcAcmDeinit
 .text.USB_DeviceClassAllocateHandle
                0x0000000000001980       0xc8 ./usb/device/class/usb_device_class.o
 .text.USB_DeviceClassFreeHandle
                0x0000000000001a48       0x90 ./usb/device/class/usb_device_class.o
 .text.USB_DeviceClassGetHandleByControllerId
                0x0000000000001ad8       0x78 ./usb/device/class/usb_device_class.o
 .text.USB_DeviceClassGetHandleByDeviceHandle
                0x0000000000001b50       0x64 ./usb/device/class/usb_device_class.o
 .text.USB_DeviceClassGetDeviceHandle
                0x0000000000001bb4       0x78 ./usb/device/class/usb_device_class.o
                0x0000000000001bb4                USB_DeviceClassGetDeviceHandle
 .text.USB_DeviceClassEvent
                0x0000000000001c2c       0xe0 ./usb/device/class/usb_device_class.o
                0x0000000000001c2c                USB_DeviceClassEvent
 .text.USB_DeviceClassInit
                0x0000000000001d0c      0x11c ./usb/device/class/usb_device_class.o
                0x0000000000001d0c                USB_DeviceClassInit
 .text.USB_DeviceGetDeviceDescriptor
                0x0000000000001e28       0x28 ./source/usb_device_descriptor.o
                0x0000000000001e28                USB_DeviceGetDeviceDescriptor
 .text.USB_DeviceGetConfigurationDescriptor
                0x0000000000001e50       0x34 ./source/usb_device_descriptor.o
                0x0000000000001e50                USB_DeviceGetConfigurationDescriptor
 .text.USB_DeviceGetStringDescriptor
                0x0000000000001e84       0xc0 ./source/usb_device_descriptor.o
                0x0000000000001e84                USB_DeviceGetStringDescriptor
 .text.USB_DeviceSetSpeed
                0x0000000000001f44      0x244 ./source/usb_device_descriptor.o
                0x0000000000001f44                USB_DeviceSetSpeed
 .text.__NVIC_EnableIRQ
                0x0000000000002188       0x3c ./source/virtual_com.o
 .text.__NVIC_SetPriority
                0x00000000000021c4       0x54 ./source/virtual_com.o
 .text.CLOCK_EnableClock
                0x0000000000002218       0x54 ./source/virtual_com.o
 .text.CLOCK_DisableClock
                0x000000000000226c       0x54 ./source/virtual_com.o
 .text.USB1_IRQHandler
                0x00000000000022c0       0x18 ./source/virtual_com.o
                0x00000000000022c0                USB1_IRQHandler
 .text.USB_DeviceCdcVcomCallback
                0x00000000000022d8      0x368 ./source/virtual_com.o
                0x00000000000022d8                USB_DeviceCdcVcomCallback
 .text.USB_DeviceCallback
                0x0000000000002640      0x184 ./source/virtual_com.o
                0x0000000000002640                USB_DeviceCallback
 .text.APPInit  0x00000000000027c4       0x94 ./source/virtual_com.o
                0x00000000000027c4                APPInit
 .text.APPTask  0x0000000000002858       0xa4 ./source/virtual_com.o
                0x0000000000002858                APPTask
 .text.main     0x00000000000028fc       0x30 ./source/virtual_com.o
                0x00000000000028fc                main
 .text.USB_OsaMutexCreate
                0x000000000000292c       0x2c ./osa/usb_osa_bm.o
                0x000000000000292c                USB_OsaMutexCreate
 .text.CLOCK_EnableClock
                0x0000000000002958       0x54 ./drivers/fsl_adc.o
 .text.ADC_GetInstance
                0x00000000000029ac       0x44 ./drivers/fsl_adc.o
 .text.ADC_Init
                0x00000000000029f0       0x8c ./drivers/fsl_adc.o
                0x00000000000029f0                ADC_Init
 .text.CLOCK_EnableClock
                0x0000000000002a7c       0x54 ./drivers/fsl_clock.o
 .text.CLOCK_DisableClock
                0x0000000000002ad0       0x54 ./drivers/fsl_clock.o
 .text.CLOCK_GetAsyncApbClkSrc
                0x0000000000002b24       0x20 ./drivers/fsl_clock.o
 .text.CLOCK_AttachClk
                0x0000000000002b44       0x94 ./drivers/fsl_clock.o
                0x0000000000002b44                CLOCK_AttachClk
 .text.CLOCK_SetClkDiv
                0x0000000000002bd8       0x5c ./drivers/fsl_clock.o
                0x0000000000002bd8                CLOCK_SetClkDiv
 .text.CLOCK_SetupFROClocking
                0x0000000000002c34       0xc4 ./drivers/fsl_clock.o
                0x0000000000002c34                CLOCK_SetupFROClocking
 .text.CLOCK_GetClockOutClkFreq
                0x0000000000002cf8       0x98 ./drivers/fsl_clock.o
                0x0000000000002cf8                CLOCK_GetClockOutClkFreq
 .text.CLOCK_GetSpifiClkFreq
                0x0000000000002d90       0x88 ./drivers/fsl_clock.o
                0x0000000000002d90                CLOCK_GetSpifiClkFreq
 .text.CLOCK_GetAdcClkFreq
                0x0000000000002e18       0x80 ./drivers/fsl_clock.o
                0x0000000000002e18                CLOCK_GetAdcClkFreq
 .text.CLOCK_GetUsb0ClkFreq
                0x0000000000002e98       0x78 ./drivers/fsl_clock.o
                0x0000000000002e98                CLOCK_GetUsb0ClkFreq
 .text.CLOCK_GetUsb1ClkFreq
                0x0000000000002f10       0x78 ./drivers/fsl_clock.o
                0x0000000000002f10                CLOCK_GetUsb1ClkFreq
 .text.CLOCK_GetSctClkFreq
                0x0000000000002f88       0x80 ./drivers/fsl_clock.o
                0x0000000000002f88                CLOCK_GetSctClkFreq
 .text.CLOCK_GetSdioClkFreq
                0x0000000000003008       0x88 ./drivers/fsl_clock.o
                0x0000000000003008                CLOCK_GetSdioClkFreq
 .text.CLOCK_GetLcdClkFreq
                0x0000000000003090       0x68 ./drivers/fsl_clock.o
                0x0000000000003090                CLOCK_GetLcdClkFreq
 .text.CLOCK_GetFro12MFreq
                0x00000000000030f8       0x28 ./drivers/fsl_clock.o
                0x00000000000030f8                CLOCK_GetFro12MFreq
 .text.CLOCK_GetExtClkFreq
                0x0000000000003120       0x14 ./drivers/fsl_clock.o
                0x0000000000003120                CLOCK_GetExtClkFreq
 .text.CLOCK_GetWdtOscFreq
                0x0000000000003134       0x68 ./drivers/fsl_clock.o
                0x0000000000003134                CLOCK_GetWdtOscFreq
 .text.CLOCK_GetFroHfFreq
                0x000000000000319c       0x50 ./drivers/fsl_clock.o
                0x000000000000319c                CLOCK_GetFroHfFreq
 .text.CLOCK_GetPllOutFreq
                0x00000000000031ec       0x18 ./drivers/fsl_clock.o
                0x00000000000031ec                CLOCK_GetPllOutFreq
 .text.CLOCK_GetAudioPllOutFreq
                0x0000000000003204       0x18 ./drivers/fsl_clock.o
                0x0000000000003204                CLOCK_GetAudioPllOutFreq
 .text.CLOCK_GetUsbPllOutFreq
                0x000000000000321c       0x18 ./drivers/fsl_clock.o
                0x000000000000321c                CLOCK_GetUsbPllOutFreq
 .text.CLOCK_GetAsyncApbClkFreq
                0x0000000000003234       0x3c ./drivers/fsl_clock.o
                0x0000000000003234                CLOCK_GetAsyncApbClkFreq
 .text.CLOCK_GetFlexCommClkFreq
                0x0000000000003270       0x80 ./drivers/fsl_clock.o
                0x0000000000003270                CLOCK_GetFlexCommClkFreq
 .text.CLOCK_GetFRGInputClock
                0x00000000000032f0       0x58 ./drivers/fsl_clock.o
                0x00000000000032f0                CLOCK_GetFRGInputClock
 .text.CLOCK_GetDmicClkFreq
                0x0000000000003348       0x80 ./drivers/fsl_clock.o
                0x0000000000003348                CLOCK_GetDmicClkFreq
 .text.CLOCK_GetFreq
                0x00000000000033c8      0x228 ./drivers/fsl_clock.o
                0x00000000000033c8                CLOCK_GetFreq
 .text.CLOCK_SetFLASHAccessCyclesForFreq
                0x00000000000035f0       0xb8 ./drivers/fsl_clock.o
                0x00000000000035f0                CLOCK_SetFLASHAccessCyclesForFreq
 .text.CLOCK_GetUsbPLLOutFromSetupUpdate
                0x00000000000036a8       0x20 ./drivers/fsl_clock.o
 .text.CLOCK_SetPLLFreq
                0x00000000000036c8      0x12c ./drivers/fsl_clock.o
                0x00000000000036c8                CLOCK_SetPLLFreq
 .text.CLOCK_SetUsbPLLFreq
                0x00000000000037f4      0x148 ./drivers/fsl_clock.o
                0x00000000000037f4                CLOCK_SetUsbPLLFreq
 .text.CLOCK_EnableUsbhs0DeviceClock
                0x000000000000393c       0xf4 ./drivers/fsl_clock.o
                0x000000000000393c                CLOCK_EnableUsbhs0DeviceClock
 .text.CLOCK_EnableClock
                0x0000000000003a30       0x54 ./drivers/fsl_ctimer.o
 .text.CTIMER_GetInstance
                0x0000000000003a84       0x54 ./drivers/fsl_ctimer.o
 .text.CTIMER_Init
                0x0000000000003ad8       0x74 ./drivers/fsl_ctimer.o
                0x0000000000003ad8                CTIMER_Init
 .text.CTIMER_GenericIRQHandler
                0x0000000000003b4c       0xb8 ./drivers/fsl_ctimer.o
                0x0000000000003b4c                CTIMER_GenericIRQHandler
 .text.CLOCK_EnableClock
                0x0000000000003c04       0x54 ./drivers/fsl_flexcomm.o
 .text.FLEXCOMM_GetInstance
                0x0000000000003c58       0x44 ./drivers/fsl_flexcomm.o
                0x0000000000003c58                FLEXCOMM_GetInstance
 .text.FLEXCOMM_Init
                0x0000000000003c9c       0x5c ./drivers/fsl_flexcomm.o
                0x0000000000003c9c                FLEXCOMM_Init
 .text.FLEXCOMM0_DriverIRQHandler
                0x0000000000003cf8       0x3c ./drivers/fsl_flexcomm.o
                0x0000000000003cf8                FLEXCOMM0_DriverIRQHandler
 .text.FLEXCOMM1_DriverIRQHandler
                0x0000000000003d34       0x3c ./drivers/fsl_flexcomm.o
                0x0000000000003d34                FLEXCOMM1_DriverIRQHandler
 .text.FLEXCOMM2_DriverIRQHandler
                0x0000000000003d70       0x3c ./drivers/fsl_flexcomm.o
                0x0000000000003d70                FLEXCOMM2_DriverIRQHandler
 .text.FLEXCOMM3_DriverIRQHandler
                0x0000000000003dac       0x3c ./drivers/fsl_flexcomm.o
                0x0000000000003dac                FLEXCOMM3_DriverIRQHandler
 .text.FLEXCOMM4_DriverIRQHandler
                0x0000000000003de8       0x3c ./drivers/fsl_flexcomm.o
                0x0000000000003de8                FLEXCOMM4_DriverIRQHandler
 .text.FLEXCOMM5_DriverIRQHandler
                0x0000000000003e24       0x3c ./drivers/fsl_flexcomm.o
                0x0000000000003e24                FLEXCOMM5_DriverIRQHandler
 .text.FLEXCOMM6_DriverIRQHandler
                0x0000000000003e60       0x3c ./drivers/fsl_flexcomm.o
                0x0000000000003e60                FLEXCOMM6_DriverIRQHandler
 .text.FLEXCOMM7_DriverIRQHandler
                0x0000000000003e9c       0x3c ./drivers/fsl_flexcomm.o
                0x0000000000003e9c                FLEXCOMM7_DriverIRQHandler
 .text.FLEXCOMM8_DriverIRQHandler
                0x0000000000003ed8       0x3c ./drivers/fsl_flexcomm.o
                0x0000000000003ed8                FLEXCOMM8_DriverIRQHandler
 .text.FLEXCOMM9_DriverIRQHandler
                0x0000000000003f14       0x3c ./drivers/fsl_flexcomm.o
                0x0000000000003f14                FLEXCOMM9_DriverIRQHandler
 .text.CLOCK_EnableClock
                0x0000000000003f50       0x54 ./drivers/fsl_mcan.o
 .text.MCAN_GetInstance
                0x0000000000003fa4       0x4c ./drivers/fsl_mcan.o
 .text.MCAN_Init
                0x0000000000003ff0      0x110 ./drivers/fsl_mcan.o
                0x0000000000003ff0                MCAN_Init
 .text.MCAN_SetDataTimingConfig
                0x0000000000004100       0x68 ./drivers/fsl_mcan.o
                0x0000000000004100                MCAN_SetDataTimingConfig
 .text.MCAN_SetArbitrationTimingConfig
                0x0000000000004168       0x64 ./drivers/fsl_mcan.o
                0x0000000000004168                MCAN_SetArbitrationTimingConfig
 .text.MCAN_SetTxBufferConfig
                0x00000000000041cc       0x7c ./drivers/fsl_mcan.o
                0x00000000000041cc                MCAN_SetTxBufferConfig
 .text.CAN0_IRQ0_DriverIRQHandler
                0x0000000000004248       0x38 ./drivers/fsl_mcan.o
                0x0000000000004248                CAN0_IRQ0_DriverIRQHandler
 .text.CAN0_IRQ1_DriverIRQHandler
                0x0000000000004280       0x38 ./drivers/fsl_mcan.o
                0x0000000000004280                CAN0_IRQ1_DriverIRQHandler
 .text.CAN1_IRQ0_DriverIRQHandler
                0x00000000000042b8       0x38 ./drivers/fsl_mcan.o
                0x00000000000042b8                CAN1_IRQ0_DriverIRQHandler
 .text.CAN1_IRQ1_DriverIRQHandler
                0x00000000000042f0       0x38 ./drivers/fsl_mcan.o
                0x00000000000042f0                CAN1_IRQ1_DriverIRQHandler
 .text.CLOCK_EnableClock
                0x0000000000004328       0x54 ./drivers/fsl_pint.o
 .text.PINT_Init
                0x000000000000437c       0x90 ./drivers/fsl_pint.o
                0x000000000000437c                PINT_Init
 .text.PINT_PinInterruptConfig
                0x000000000000440c       0xb8 ./drivers/fsl_pint.o
                0x000000000000440c                PINT_PinInterruptConfig
 .text.PIN_INT0_DriverIRQHandler
                0x00000000000044c4       0x4c ./drivers/fsl_pint.o
                0x00000000000044c4                PIN_INT0_DriverIRQHandler
 .text.PIN_INT1_DriverIRQHandler
                0x0000000000004510       0x4c ./drivers/fsl_pint.o
                0x0000000000004510                PIN_INT1_DriverIRQHandler
 .text.PIN_INT2_DriverIRQHandler
                0x000000000000455c       0x4c ./drivers/fsl_pint.o
                0x000000000000455c                PIN_INT2_DriverIRQHandler
 .text.PIN_INT3_DriverIRQHandler
                0x00000000000045a8       0x4c ./drivers/fsl_pint.o
                0x00000000000045a8                PIN_INT3_DriverIRQHandler
 .text.PIN_INT4_DriverIRQHandler
                0x00000000000045f4       0x4c ./drivers/fsl_pint.o
                0x00000000000045f4                PIN_INT4_DriverIRQHandler
 .text.PIN_INT5_DriverIRQHandler
                0x0000000000004640       0x4c ./drivers/fsl_pint.o
                0x0000000000004640                PIN_INT5_DriverIRQHandler
 .text.PIN_INT6_DriverIRQHandler
                0x000000000000468c       0x4c ./drivers/fsl_pint.o
                0x000000000000468c                PIN_INT6_DriverIRQHandler
 .text.PIN_INT7_DriverIRQHandler
                0x00000000000046d8       0x4c ./drivers/fsl_pint.o
                0x00000000000046d8                PIN_INT7_DriverIRQHandler
 .text.RESET_SetPeripheralReset
                0x0000000000004724       0x7c ./drivers/fsl_reset.o
                0x0000000000004724                RESET_SetPeripheralReset
 .text.RESET_ClearPeripheralReset
                0x00000000000047a0       0x80 ./drivers/fsl_reset.o
                0x00000000000047a0                RESET_ClearPeripheralReset
 .text.CLOCK_EnableClock
                0x0000000000004820       0x54 ./drivers/fsl_sctimer.o
 .text.SCTIMER_SetupOutputSetAction
                0x0000000000004874       0x44 ./drivers/fsl_sctimer.o
 .text.SCTIMER_SetupOutputClearAction
                0x00000000000048b8       0x48 ./drivers/fsl_sctimer.o
 .text.SCTIMER_GetInstance
                0x0000000000004900       0x4c ./drivers/fsl_sctimer.o
 .text.SCTIMER_Init
                0x000000000000494c      0x118 ./drivers/fsl_sctimer.o
                0x000000000000494c                SCTIMER_Init
 .text.SCTIMER_SetupPwm
                0x0000000000004a64      0x248 ./drivers/fsl_sctimer.o
                0x0000000000004a64                SCTIMER_SetupPwm
 .text.SCTIMER_CreateAndScheduleEvent
                0x0000000000004cac      0x1d4 ./drivers/fsl_sctimer.o
                0x0000000000004cac                SCTIMER_CreateAndScheduleEvent
 .text.SCTIMER_EventHandleIRQ
                0x0000000000004e80       0x7c ./drivers/fsl_sctimer.o
                0x0000000000004e80                SCTIMER_EventHandleIRQ
 .text.SCT0_DriverIRQHandler
                0x0000000000004efc       0x1c ./drivers/fsl_sctimer.o
                0x0000000000004efc                SCT0_DriverIRQHandler
 .text.SPI_SetTransferDelay
                0x0000000000004f18       0x60 ./drivers/fsl_spi.o
 .text.SPI_GetInstance
                0x0000000000004f78       0x44 ./drivers/fsl_spi.o
                0x0000000000004f78                SPI_GetInstance
 .text.SPI_SetDummyData
                0x0000000000004fbc       0x2c ./drivers/fsl_spi.o
                0x0000000000004fbc                SPI_SetDummyData
 .text.SPI_MasterInit
                0x0000000000004fe8      0x1b4 ./drivers/fsl_spi.o
                0x0000000000004fe8                SPI_MasterInit
 .text.SPI_MasterSetBaud
                0x000000000000519c       0x84 ./drivers/fsl_spi.o
                0x000000000000519c                SPI_MasterSetBaud
 .text.USART_Init
                0x0000000000005220      0x180 ./drivers/fsl_usart.o
                0x0000000000005220                USART_Init
 .text.USART_SetBaudRate
                0x00000000000053a0      0x110 ./drivers/fsl_usart.o
                0x00000000000053a0                USART_SetBaudRate
 .text.SystemInit
                0x00000000000054b0       0x40 ./device/system_LPC54616.o
                0x00000000000054b0                SystemInit
 .text.BOARD_BootClockRUN
                0x00000000000054f0      0x1a8 ./board/clock_config.o
                0x00000000000054f0                BOARD_BootClockRUN
 .text.MCAN_SetMsgRAMBase
                0x0000000000005698       0x50 ./board/peripherals.o
 .text.USART_1_init
                0x00000000000056e8       0x2c ./board/peripherals.o
                0x00000000000056e8                USART_1_init
 .text.ADC_1_init
                0x0000000000005714       0x18 ./board/peripherals.o
                0x0000000000005714                ADC_1_init
 .text.SPI_1_init
                0x000000000000572c       0x28 ./board/peripherals.o
                0x000000000000572c                SPI_1_init
 .text.SPI_2_init
                0x0000000000005754       0x28 ./board/peripherals.o
                0x0000000000005754                SPI_2_init
 .text.SPI_3_init
                0x000000000000577c       0x28 ./board/peripherals.o
                0x000000000000577c                SPI_3_init
 .text.SCTimer_1_init
                0x00000000000057a4       0x48 ./board/peripherals.o
                0x00000000000057a4                SCTimer_1_init
 .text.CAN_1_init
                0x00000000000057ec       0x9c ./board/peripherals.o
                0x00000000000057ec                CAN_1_init
 .text.PINT_1_init
                0x0000000000005888       0x24 ./board/peripherals.o
                0x0000000000005888                PINT_1_init
 .text.CAN_2_init
                0x00000000000058ac       0x9c ./board/peripherals.o
                0x00000000000058ac                CAN_2_init
 .text.CTIMER_1_init
                0x0000000000005948       0x18 ./board/peripherals.o
                0x0000000000005948                CTIMER_1_init
 .text.CTIMER_2_init
                0x0000000000005960       0x18 ./board/peripherals.o
                0x0000000000005960                CTIMER_2_init
 .text.CTIMER_3_init
                0x0000000000005978       0x18 ./board/peripherals.o
                0x0000000000005978                CTIMER_3_init
 .text.CLOCK_EnableClock
                0x0000000000005990       0x54 ./board/pin_mux.o
 .text.BOARD_InitPins
                0x00000000000059e4      0x640 ./board/pin_mux.o
                0x00000000000059e4                BOARD_InitPins
 .text.POWER_SetVoltageForFreq
                0x0000000000006024       0x44 /storage/home/thorsten/workspace/canbox_nxp_LPC546xx/LPC54616J512_Project/libs/libpower_hardabi.a(fsl_power_lib.o)
                0x0000000000006024                POWER_SetVoltageForFreq
 .text.POWER_SetPLL
                0x0000000000006068       0x1c /storage/home/thorsten/workspace/canbox_nxp_LPC546xx/LPC54616J512_Project/libs/libpower_hardabi.a(fsl_power_lib.o)
                0x0000000000006068                POWER_SetPLL
 .text.POWER_SetUsbPhy
                0x0000000000006084       0x1c /storage/home/thorsten/workspace/canbox_nxp_LPC546xx/LPC54616J512_Project/libs/libpower_hardabi.a(fsl_power_lib.o)
                0x0000000000006084                POWER_SetUsbPhy
 .text.__assertion_failed
                0x00000000000060a0       0x4c /storage/local/mcuxpressoide-11.0.0_2516/ide/plugins/com.nxp.mcuxpresso.tools.linux_11.0.0.201905131304/tools/bin/../lib/gcc/arm-none-eabi/8.2.1/../../../../arm-none-eabi/lib/thumb/v7e-m+fp/hard/libcr_semihost_nf.a(_cr_assert.o)
                0x00000000000060a0                __assertion_failed
 .text.__sys_appexit
                0x00000000000060ec        0xc /storage/local/mcuxpressoide-11.0.0_2516/ide/plugins/com.nxp.mcuxpresso.tools.linux_11.0.0.201905131304/tools/bin/../lib/gcc/arm-none-eabi/8.2.1/../../../../arm-none-eabi/lib/thumb/v7e-m+fp/hard/libcr_semihost_nf.a(__sys_appexit.o)
                0x00000000000060ec                __exit
                0x00000000000060ec                __sys_appexit
 .text._Cwritebuf
                0x00000000000060f8       0x6c /storage/local/mcuxpressoide-11.0.0_2516/ide/plugins/com.nxp.mcuxpresso.tools.linux_11.0.0.201905131304/tools/bin/../lib/gcc/arm-none-eabi/8.2.1/../../../../arm-none-eabi/lib/thumb/v7e-m+fp/hard/libcr_c.a(_writebuf.o)
                0x00000000000060f8                _Cwritebuf
 .text.malloc   0x0000000000006164       0xc8 /storage/local/mcuxpressoide-11.0.0_2516/ide/plugins/com.nxp.mcuxpresso.tools.linux_11.0.0.201905131304/tools/bin/../lib/gcc/arm-none-eabi/8.2.1/../../../../arm-none-eabi/lib/thumb/v7e-m+fp/hard/libcr_c.a(alloc.o)
                0x0000000000006164                malloc
 .text._Csys_alloc
                0x000000000000622c       0x20 /storage/local/mcuxpressoide-11.0.0_2516/ide/plugins/com.nxp.mcuxpresso.tools.linux_11.0.0.201905131304/tools/bin/../lib/gcc/arm-none-eabi/8.2.1/../../../../arm-none-eabi/lib/thumb/v7e-m+fp/hard/libcr_c.a(alloc.o)
                0x000000000000622c                _Csys_alloc
 .text.fseek    0x000000000000624c      0x100 /storage/local/mcuxpressoide-11.0.0_2516/ide/plugins/com.nxp.mcuxpresso.tools.linux_11.0.0.201905131304/tools/bin/../lib/gcc/arm-none-eabi/8.2.1/../../../../arm-none-eabi/lib/thumb/v7e-m+fp/hard/libcr_c.a(fseek.o)
                0x000000000000624c                fseek
 .text.ftell    0x000000000000634c       0x48 /storage/local/mcuxpressoide-11.0.0_2516/ide/plugins/com.nxp.mcuxpresso.tools.linux_11.0.0.201905131304/tools/bin/../lib/gcc/arm-none-eabi/8.2.1/../../../../arm-none-eabi/lib/thumb/v7e-m+fp/hard/libcr_c.a(ftell.o)
                0x000000000000634c                ftell
 .text._initio  0x0000000000006394       0x78 /storage/local/mcuxpressoide-11.0.0_2516/ide/plugins/com.nxp.mcuxpresso.tools.linux_11.0.0.201905131304/tools/bin/../lib/gcc/arm-none-eabi/8.2.1/../../../../arm-none-eabi/lib/thumb/v7e-m+fp/hard/libcr_c.a(initio.o)
                0x0000000000006394                _initio
 .text.__vfprintf
                0x000000000000640c      0xbe0 /storage/local/mcuxpressoide-11.0.0_2516/ide/plugins/com.nxp.mcuxpresso.tools.linux_11.0.0.201905131304/tools/bin/../lib/gcc/arm-none-eabi/8.2.1/../../../../arm-none-eabi/lib/thumb/v7e-m+fp/hard/libcr_c.a(printf.o)
                0x000000000000640c                __vfprintf
 .text._vsnprintf
                0x0000000000006fec       0x68 /storage/local/mcuxpressoide-11.0.0_2516/ide/plugins/com.nxp.mcuxpresso.tools.linux_11.0.0.201905131304/tools/bin/../lib/gcc/arm-none-eabi/8.2.1/../../../../arm-none-eabi/lib/thumb/v7e-m+fp/hard/libcr_c.a(printf.o)
                0x0000000000006fec                _vsnprintf
 .text._printf  0x0000000000007054       0x54 /storage/local/mcuxpressoide-11.0.0_2516/ide/plugins/com.nxp.mcuxpresso.tools.linux_11.0.0.201905131304/tools/bin/../lib/gcc/arm-none-eabi/8.2.1/../../../../arm-none-eabi/lib/thumb/v7e-m+fp/hard/libcr_c.a(printf.o)
                0x0000000000007054                _printf
 .text.setvbuf  0x00000000000070a8       0x40 /storage/local/mcuxpressoide-11.0.0_2516/ide/plugins/com.nxp.mcuxpresso.tools.linux_11.0.0.201905131304/tools/bin/../lib/gcc/arm-none-eabi/8.2.1/../../../../arm-none-eabi/lib/thumb/v7e-m+fp/hard/libcr_c.a(setvbuf.o)
                0x00000000000070a8                setvbuf
 .text._sbrk    0x00000000000070e8       0x3c /storage/local/mcuxpressoide-11.0.0_2516/ide/plugins/com.nxp.mcuxpresso.tools.linux_11.0.0.201905131304/tools/bin/../lib/gcc/arm-none-eabi/8.2.1/../../../../arm-none-eabi/lib/thumb/v7e-m+fp/hard/libcr_c.a(_cr_sbrk.o)
                0x00000000000070e8                _sbrk
 .text.fflush   0x0000000000007124       0x44 /storage/local/mcuxpressoide-11.0.0_2516/ide/plugins/com.nxp.mcuxpresso.tools.linux_11.0.0.201905131304/tools/bin/../lib/gcc/arm-none-eabi/8.2.1/../../../../arm-none-eabi/lib/thumb/v7e-m+fp/hard/libcr_c.a(fflush.o)
                0x0000000000007124                fflush
 .text.__check_heap_overflow
                0x0000000000007168       0x18 /storage/local/mcuxpressoide-11.0.0_2516/ide/plugins/com.nxp.mcuxpresso.tools.linux_11.0.0.201905131304/tools/bin/../lib/gcc/arm-none-eabi/8.2.1/../../../../arm-none-eabi/lib/thumb/v7e-m+fp/hard/libcr_c.a(_cr_check_heap.o)
                0x0000000000007168                __check_heap_overflow
 .text.USB_DeviceLpcIp3511MaxPacketNeedCopy
                0x0000000000007180       0x16 ./usb/device/source/lpcip3511/usb_device_lpcip3511.o
 .text.USB_DeviceLpcIp3511MallocMaxPacketBuffer
                0x0000000000007196       0xfe ./usb/device/source/lpcip3511/usb_device_lpcip3511.o
 .text.USB_DeviceLpcIp3511ReleaseMaxPacketBuffer
                0x0000000000007294       0xa4 ./usb/device/source/lpcip3511/usb_device_lpcip3511.o
 .text.USB_DeviceLpc3511IpGetEndpointStateStruct
                0x0000000000007338       0x34 ./usb/device/source/lpcip3511/usb_device_lpcip3511.o
 .text.USB_DeviceLpc3511IpEndpointPrime
                0x000000000000736c      0x150 ./usb/device/source/lpcip3511/usb_device_lpcip3511.o
 .text.USB_DeviceLpc3511IpEndpointInit
                0x00000000000074bc      0x1a8 ./usb/device/source/lpcip3511/usb_device_lpcip3511.o
 .text.USB_DeviceLpc3511IpEndpointDeinit
                0x0000000000007664       0xb8 ./usb/device/source/lpcip3511/usb_device_lpcip3511.o
 .text.USB_DeviceLpc3511IpEndpointStall
                0x000000000000771c       0xe6 ./usb/device/source/lpcip3511/usb_device_lpcip3511.o
 .text.USB_DeviceLpc3511IpEndpointUnstall
                0x0000000000007802      0x116 ./usb/device/source/lpcip3511/usb_device_lpcip3511.o
 .text.USB_DeviceLpc3511IpTokenUpdate
                0x0000000000007918      0x1ba ./usb/device/source/lpcip3511/usb_device_lpcip3511.o
 .text.USB_DeviceLpc3511IpInterruptToken
                0x0000000000007ad2      0x3a6 ./usb/device/source/lpcip3511/usb_device_lpcip3511.o
 .text.USB_DeviceLpc3511IpInterruptReset
                0x0000000000007e78       0x84 ./usb/device/source/lpcip3511/usb_device_lpcip3511.o
 .text.USB_DeviceLpc3511IpGetActualBufferAndPrime
                0x0000000000007efc      0x190 ./usb/device/source/lpcip3511/usb_device_lpcip3511.o
 .text.USB_DeviceLpc3511IpTransaction
                0x000000000000808c      0x1c6 ./usb/device/source/lpcip3511/usb_device_lpcip3511.o
 .text.USB_DeviceLpc3511IpSend
                0x0000000000008252       0x76 ./usb/device/source/lpcip3511/usb_device_lpcip3511.o
                0x0000000000008252                USB_DeviceLpc3511IpSend
 .text.USB_DeviceLpc3511IpRecv
                0x00000000000082c8       0x26 ./usb/device/source/lpcip3511/usb_device_lpcip3511.o
                0x00000000000082c8                USB_DeviceLpc3511IpRecv
 .text.USB_DeviceLpc3511IpCancel
                0x00000000000082ee      0x26a ./usb/device/source/lpcip3511/usb_device_lpcip3511.o
                0x00000000000082ee                USB_DeviceLpc3511IpCancel
 .text.USB_DeviceLpcIp3511IsrFunction
                0x0000000000008558      0x156 ./usb/device/source/lpcip3511/usb_device_lpcip3511.o
                0x0000000000008558                USB_DeviceLpcIp3511IsrFunction
 .text.USB_DeviceCh9GetStatus
                0x00000000000086ae       0xe8 ./usb/device/source/usb_device_ch9.o
 .text.USB_DeviceCh9SetClearFeature
                0x0000000000008796       0xf2 ./usb/device/source/usb_device_ch9.o
 .text.USB_DeviceCh9SetAddress
                0x0000000000008888       0x9c ./usb/device/source/usb_device_ch9.o
 .text.USB_DeviceCh9GetDescriptor
                0x0000000000008924       0xe2 ./usb/device/source/usb_device_ch9.o
 .text.USB_DeviceCh9GetConfiguration
                0x0000000000008a06       0x58 ./usb/device/source/usb_device_ch9.o
 .text.USB_DeviceCh9SetConfiguration
                0x0000000000008a5e       0x88 ./usb/device/source/usb_device_ch9.o
 .text.USB_DeviceCh9GetInterface
                0x0000000000008ae6       0x6e ./usb/device/source/usb_device_ch9.o
 .text.USB_DeviceCh9SetInterface
                0x0000000000008b54       0x6a ./usb/device/source/usb_device_ch9.o
 .text.USB_DeviceCh9SynchFrame
                0x0000000000008bbe       0x62 ./usb/device/source/usb_device_ch9.o
 .text.USB_DeviceControlCallbackFeedback
                0x0000000000008c20       0xb4 ./usb/device/source/usb_device_ch9.o
 .text.USB_DeviceFreeHandle
                0x0000000000008cd4       0x32 ./usb/device/source/usb_device_dci.o
 .text.USB_DeviceTransfer
                0x0000000000008d06      0x10e ./usb/device/source/usb_device_dci.o
 .text.USB_DeviceControl
                0x0000000000008e14       0x4c ./usb/device/source/usb_device_dci.o
 .text.USB_DeviceResetNotification
                0x0000000000008e60       0x98 ./usb/device/source/usb_device_dci.o
 .text.USB_DeviceNotification
                0x0000000000008ef8       0xfe ./usb/device/source/usb_device_dci.o
 .text.USB_DeviceNotificationTrigger
                0x0000000000008ff6       0x40 ./usb/device/source/usb_device_dci.o
                0x0000000000008ff6                USB_DeviceNotificationTrigger
 .text.USB_DeviceInit
                0x0000000000009036      0x166 ./usb/device/source/usb_device_dci.o
                0x0000000000009036                USB_DeviceInit
 .text.USB_DeviceRun
                0x000000000000919c       0x1c ./usb/device/source/usb_device_dci.o
                0x000000000000919c                USB_DeviceRun
 .text.USB_DeviceDeinit
                0x00000000000091b8       0x42 ./usb/device/source/usb_device_dci.o
                0x00000000000091b8                USB_DeviceDeinit
 .text.USB_DeviceSendRequest
                0x00000000000091fa       0x32 ./usb/device/source/usb_device_dci.o
                0x00000000000091fa                USB_DeviceSendRequest
 .text.USB_DeviceRecvRequest
                0x000000000000922c       0x2c ./usb/device/source/usb_device_dci.o
                0x000000000000922c                USB_DeviceRecvRequest
 .text.USB_DeviceInitEndpoint
                0x0000000000009258       0xbe ./usb/device/source/usb_device_dci.o
                0x0000000000009258                USB_DeviceInitEndpoint
 .text.USB_DeviceDeinitEndpoint
                0x0000000000009316       0xb0 ./usb/device/source/usb_device_dci.o
                0x0000000000009316                USB_DeviceDeinitEndpoint
 .text.USB_DeviceStallEndpoint
                0x00000000000093c6       0x30 ./usb/device/source/usb_device_dci.o
                0x00000000000093c6                USB_DeviceStallEndpoint
 .text.USB_DeviceUnstallEndpoint
                0x00000000000093f6       0x30 ./usb/device/source/usb_device_dci.o
                0x00000000000093f6                USB_DeviceUnstallEndpoint
 .text.USB_DeviceCdcAcmFreeHandle
                0x0000000000009426       0x32 ./usb/device/class/cdc/usb_device_cdc_acm.o
 .text.USB_DeviceCdcAcmInterruptIn
                0x0000000000009458       0x54 ./usb/device/class/cdc/usb_device_cdc_acm.o
                0x0000000000009458                USB_DeviceCdcAcmInterruptIn
 .text.USB_DeviceCdcAcmBulkIn
                0x00000000000094ac       0x52 ./usb/device/class/cdc/usb_device_cdc_acm.o
                0x00000000000094ac                USB_DeviceCdcAcmBulkIn
 .text.USB_DeviceCdcAcmBulkOut
                0x00000000000094fe       0x54 ./usb/device/class/cdc/usb_device_cdc_acm.o
                0x00000000000094fe                USB_DeviceCdcAcmBulkOut
 .text.USB_DeviceCdcAcmEndpointsDeinit
                0x0000000000009552       0xae ./usb/device/class/cdc/usb_device_cdc_acm.o
                0x0000000000009552                USB_DeviceCdcAcmEndpointsDeinit
 .text.USB_DeviceCdcAcmSend
                0x0000000000009600       0xa2 ./usb/device/class/cdc/usb_device_cdc_acm.o
                0x0000000000009600                USB_DeviceCdcAcmSend
 .text.USB_DeviceCdcAcmRecv
                0x00000000000096a2       0x7c ./usb/device/class/cdc/usb_device_cdc_acm.o
                0x00000000000096a2                USB_DeviceCdcAcmRecv
 .text.USB_DeviceClassCallback
                0x000000000000971e       0x62 ./usb/device/class/usb_device_class.o
                0x000000000000971e                USB_DeviceClassCallback
 .text.USB_DeviceClassGetSpeed
                0x0000000000009780       0x48 ./usb/device/class/usb_device_class.o
                0x0000000000009780                USB_DeviceClassGetSpeed
 .text.WDT_BOD_IRQHandler
                0x00000000000097c8        0x8 ./startup/startup_lpc54616.o
                0x00000000000097c8                WDT_BOD_IRQHandler
 .text.DMA0_IRQHandler
                0x00000000000097d0        0x8 ./startup/startup_lpc54616.o
                0x00000000000097d0                DMA0_IRQHandler
 .text.GINT0_IRQHandler
                0x00000000000097d8        0x8 ./startup/startup_lpc54616.o
                0x00000000000097d8                GINT0_IRQHandler
 .text.GINT1_IRQHandler
                0x00000000000097e0        0x8 ./startup/startup_lpc54616.o
                0x00000000000097e0                GINT1_IRQHandler
 .text.PIN_INT0_IRQHandler
                0x00000000000097e8        0x8 ./startup/startup_lpc54616.o
                0x00000000000097e8                PIN_INT0_IRQHandler
 .text.PIN_INT1_IRQHandler
                0x00000000000097f0        0x8 ./startup/startup_lpc54616.o
                0x00000000000097f0                PIN_INT1_IRQHandler
 .text.PIN_INT2_IRQHandler
                0x00000000000097f8        0x8 ./startup/startup_lpc54616.o
                0x00000000000097f8                PIN_INT2_IRQHandler
 .text.PIN_INT3_IRQHandler
                0x0000000000009800        0x8 ./startup/startup_lpc54616.o
                0x0000000000009800                PIN_INT3_IRQHandler
 .text.UTICK0_IRQHandler
                0x0000000000009808        0x8 ./startup/startup_lpc54616.o
                0x0000000000009808                UTICK0_IRQHandler
 .text.MRT0_IRQHandler
                0x0000000000009810        0x8 ./startup/startup_lpc54616.o
                0x0000000000009810                MRT0_IRQHandler
 .text.CTIMER0_IRQHandler
                0x0000000000009818        0x8 ./startup/startup_lpc54616.o
                0x0000000000009818                CTIMER0_IRQHandler
 .text.CTIMER1_IRQHandler
                0x0000000000009820        0x8 ./startup/startup_lpc54616.o
                0x0000000000009820                CTIMER1_IRQHandler
 .text.SCT0_IRQHandler
                0x0000000000009828        0x8 ./startup/startup_lpc54616.o
                0x0000000000009828                SCT0_IRQHandler
 .text.CTIMER3_IRQHandler
                0x0000000000009830        0x8 ./startup/startup_lpc54616.o
                0x0000000000009830                CTIMER3_IRQHandler
 .text.FLEXCOMM0_IRQHandler
                0x0000000000009838        0x8 ./startup/startup_lpc54616.o
                0x0000000000009838                FLEXCOMM0_IRQHandler
 .text.FLEXCOMM1_IRQHandler
                0x0000000000009840        0x8 ./startup/startup_lpc54616.o
                0x0000000000009840                FLEXCOMM1_IRQHandler
 .text.FLEXCOMM2_IRQHandler
                0x0000000000009848        0x8 ./startup/startup_lpc54616.o
                0x0000000000009848                FLEXCOMM2_IRQHandler
 .text.FLEXCOMM3_IRQHandler
                0x0000000000009850        0x8 ./startup/startup_lpc54616.o
                0x0000000000009850                FLEXCOMM3_IRQHandler
 .text.FLEXCOMM4_IRQHandler
                0x0000000000009858        0x8 ./startup/startup_lpc54616.o
                0x0000000000009858                FLEXCOMM4_IRQHandler
 .text.FLEXCOMM5_IRQHandler
                0x0000000000009860        0x8 ./startup/startup_lpc54616.o
                0x0000000000009860                FLEXCOMM5_IRQHandler
 .text.FLEXCOMM6_IRQHandler
                0x0000000000009868        0x8 ./startup/startup_lpc54616.o
                0x0000000000009868                FLEXCOMM6_IRQHandler
 .text.FLEXCOMM7_IRQHandler
                0x0000000000009870        0x8 ./startup/startup_lpc54616.o
                0x0000000000009870                FLEXCOMM7_IRQHandler
 .text.ADC0_SEQA_IRQHandler
                0x0000000000009878        0x8 ./startup/startup_lpc54616.o
                0x0000000000009878                ADC0_SEQA_IRQHandler
 .text.ADC0_SEQB_IRQHandler
                0x0000000000009880        0x8 ./startup/startup_lpc54616.o
                0x0000000000009880                ADC0_SEQB_IRQHandler
 .text.ADC0_THCMP_IRQHandler
                0x0000000000009888        0x8 ./startup/startup_lpc54616.o
                0x0000000000009888                ADC0_THCMP_IRQHandler
 .text.DMIC0_IRQHandler
                0x0000000000009890        0x8 ./startup/startup_lpc54616.o
                0x0000000000009890                DMIC0_IRQHandler
 .text.HWVAD0_IRQHandler
                0x0000000000009898        0x8 ./startup/startup_lpc54616.o
                0x0000000000009898                HWVAD0_IRQHandler
 .text.USB0_NEEDCLK_IRQHandler
                0x00000000000098a0        0x8 ./startup/startup_lpc54616.o
                0x00000000000098a0                USB0_NEEDCLK_IRQHandler
 .text.USB0_IRQHandler
                0x00000000000098a8        0x8 ./startup/startup_lpc54616.o
                0x00000000000098a8                USB0_IRQHandler
 .text.RTC_IRQHandler
                0x00000000000098b0        0x8 ./startup/startup_lpc54616.o
                0x00000000000098b0                RTC_IRQHandler
 .text.Reserved46_IRQHandler
                0x00000000000098b8        0x8 ./startup/startup_lpc54616.o
                0x00000000000098b8                Reserved46_IRQHandler
 .text.Reserved47_IRQHandler
                0x00000000000098c0        0x8 ./startup/startup_lpc54616.o
                0x00000000000098c0                Reserved47_IRQHandler
 .text.PIN_INT4_IRQHandler
                0x00000000000098c8        0x8 ./startup/startup_lpc54616.o
                0x00000000000098c8                PIN_INT4_IRQHandler
 .text.PIN_INT5_IRQHandler
                0x00000000000098d0        0x8 ./startup/startup_lpc54616.o
                0x00000000000098d0                PIN_INT5_IRQHandler
 .text.PIN_INT6_IRQHandler
                0x00000000000098d8        0x8 ./startup/startup_lpc54616.o
                0x00000000000098d8                PIN_INT6_IRQHandler
 .text.PIN_INT7_IRQHandler
                0x00000000000098e0        0x8 ./startup/startup_lpc54616.o
                0x00000000000098e0                PIN_INT7_IRQHandler
 .text.CTIMER2_IRQHandler
                0x00000000000098e8        0x8 ./startup/startup_lpc54616.o
                0x00000000000098e8                CTIMER2_IRQHandler
 .text.CTIMER4_IRQHandler
                0x00000000000098f0        0x8 ./startup/startup_lpc54616.o
                0x00000000000098f0                CTIMER4_IRQHandler
 .text.RIT_IRQHandler
                0x00000000000098f8        0x8 ./startup/startup_lpc54616.o
                0x00000000000098f8                RIT_IRQHandler
 .text.SPIFI0_IRQHandler
                0x0000000000009900        0x8 ./startup/startup_lpc54616.o
                0x0000000000009900                SPIFI0_IRQHandler
 .text.FLEXCOMM8_IRQHandler
                0x0000000000009908        0x8 ./startup/startup_lpc54616.o
                0x0000000000009908                FLEXCOMM8_IRQHandler
 .text.FLEXCOMM9_IRQHandler
                0x0000000000009910        0x8 ./startup/startup_lpc54616.o
                0x0000000000009910                FLEXCOMM9_IRQHandler
 .text.SDIO_IRQHandler
                0x0000000000009918        0x8 ./startup/startup_lpc54616.o
                0x0000000000009918                SDIO_IRQHandler
 .text.CAN0_IRQ0_IRQHandler
                0x0000000000009920        0x8 ./startup/startup_lpc54616.o
                0x0000000000009920                CAN0_IRQ0_IRQHandler
 .text.CAN0_IRQ1_IRQHandler
                0x0000000000009928        0x8 ./startup/startup_lpc54616.o
                0x0000000000009928                CAN0_IRQ1_IRQHandler
 .text.CAN1_IRQ0_IRQHandler
                0x0000000000009930        0x8 ./startup/startup_lpc54616.o
                0x0000000000009930                CAN1_IRQ0_IRQHandler
 .text.CAN1_IRQ1_IRQHandler
                0x0000000000009938        0x8 ./startup/startup_lpc54616.o
                0x0000000000009938                CAN1_IRQ1_IRQHandler
 .text.USB1_NEEDCLK_IRQHandler
                0x0000000000009940        0x8 ./startup/startup_lpc54616.o
                0x0000000000009940                USB1_NEEDCLK_IRQHandler
 .text.ETHERNET_IRQHandler
                0x0000000000009948        0x8 ./startup/startup_lpc54616.o
                0x0000000000009948                ETHERNET_IRQHandler
 .text.ETHERNET_PMT_IRQHandler
                0x0000000000009950        0x8 ./startup/startup_lpc54616.o
                0x0000000000009950                ETHERNET_PMT_IRQHandler
 .text.ETHERNET_MACLP_IRQHandler
                0x0000000000009958        0x8 ./startup/startup_lpc54616.o
                0x0000000000009958                ETHERNET_MACLP_IRQHandler
 .text.EEPROM_IRQHandler
                0x0000000000009960        0x8 ./startup/startup_lpc54616.o
                0x0000000000009960                EEPROM_IRQHandler
 .text.LCD_IRQHandler
                0x0000000000009968        0x8 ./startup/startup_lpc54616.o
                0x0000000000009968                LCD_IRQHandler
 .text.SHA_IRQHandler
                0x0000000000009970        0x8 ./startup/startup_lpc54616.o
                0x0000000000009970                SHA_IRQHandler
 .text.SMARTCARD0_IRQHandler
                0x0000000000009978        0x8 ./startup/startup_lpc54616.o
                0x0000000000009978                SMARTCARD0_IRQHandler
 .text.SMARTCARD1_IRQHandler
                0x0000000000009980        0x8 ./startup/startup_lpc54616.o
                0x0000000000009980                SMARTCARD1_IRQHandler
 .text.HardFault_Handler
                0x0000000000009988       0x2c ./source/semihost_hardfault.o
                0x0000000000009988                HardFault_Handler
 .text.EnableIRQ
                0x00000000000099b4       0x2c ./source/virtual_com.o
 .text.POWER_DisablePD
                0x00000000000099e0       0x2e ./source/virtual_com.o
 .text.USB_DeviceClockInit
                0x0000000000009a0e       0x38 ./source/virtual_com.o
                0x0000000000009a0e                USB_DeviceClockInit
 .text.USB_DeviceIsrEnable
                0x0000000000009a46       0x2c ./source/virtual_com.o
                0x0000000000009a46                USB_DeviceIsrEnable
 .text.interrupt_int0
                0x0000000000009a72       0x18 ./source/virtual_com.o
                0x0000000000009a72                interrupt_int0
 .text.DisableGlobalIRQ
                0x0000000000009a8a       0x20 ./osa/usb_osa_bm.o
 .text.EnableGlobalIRQ
                0x0000000000009aaa       0x1e ./osa/usb_osa_bm.o
 .text.USB_OsaEnterCritical
                0x0000000000009ac8       0x1c ./osa/usb_osa_bm.o
                0x0000000000009ac8                USB_OsaEnterCritical
 .text.USB_OsaExitCritical
                0x0000000000009ae4       0x16 ./osa/usb_osa_bm.o
                0x0000000000009ae4                USB_OsaExitCritical
 .text.USB_OsaMutexDestroy
                0x0000000000009afa       0x16 ./osa/usb_osa_bm.o
                0x0000000000009afa                USB_OsaMutexDestroy
 .text.CLOCK_SetFLASHAccessCycles
                0x0000000000009b10       0x34 ./drivers/fsl_clock.o
 .text.CLOCK_IsSystemPLLLocked
                0x0000000000009b44       0x24 ./drivers/fsl_clock.o
 .text.CLOCK_IsUsbPLLLocked
                0x0000000000009b68       0x24 ./drivers/fsl_clock.o
 .text.CLOCK_Enable_SysOsc
                0x0000000000009b8c       0x5c ./drivers/fsl_clock.o
 .text.POWER_EnablePD
                0x0000000000009be8       0x2e ./drivers/fsl_clock.o
 .text.POWER_DisablePD
                0x0000000000009c16       0x2e ./drivers/fsl_clock.o
 .text.CLOCK_GetMclkClkFreq
                0x0000000000009c44       0x62 ./drivers/fsl_clock.o
                0x0000000000009c44                CLOCK_GetMclkClkFreq
 .text.CLOCK_GetLcdClkIn
                0x0000000000009ca6       0x10 ./drivers/fsl_clock.o
                0x0000000000009ca6                CLOCK_GetLcdClkIn
 .text.CLOCK_GetOsc32KFreq
                0x0000000000009cb6       0x12 ./drivers/fsl_clock.o
                0x0000000000009cb6                CLOCK_GetOsc32KFreq
 .text.CLOCK_GetCoreSysClkFreq
                0x0000000000009cc8       0x8e ./drivers/fsl_clock.o
                0x0000000000009cc8                CLOCK_GetCoreSysClkFreq
 .text.CLOCK_GetI2SMClkFreq
                0x0000000000009d56       0x10 ./drivers/fsl_clock.o
                0x0000000000009d56                CLOCK_GetI2SMClkFreq
 .text.CLOCK_GetFrgClkFreq
                0x0000000000009d66       0x64 ./drivers/fsl_clock.o
                0x0000000000009d66                CLOCK_GetFrgClkFreq
 .text.CLOCK_GetUsbPLLOutFromSetup
                0x0000000000009dca       0xb8 ./drivers/fsl_clock.o
                0x0000000000009dca                CLOCK_GetUsbPLLOutFromSetup
 .text.CTIMER_GetStatusFlags
                0x0000000000009e82       0x18 ./drivers/fsl_ctimer.o
 .text.CTIMER_ClearStatusFlags
                0x0000000000009e9a       0x1c ./drivers/fsl_ctimer.o
 .text.CTIMER0_DriverIRQHandler
                0x0000000000009eb6       0x12 ./drivers/fsl_ctimer.o
                0x0000000000009eb6                CTIMER0_DriverIRQHandler
 .text.CTIMER1_DriverIRQHandler
                0x0000000000009ec8       0x12 ./drivers/fsl_ctimer.o
                0x0000000000009ec8                CTIMER1_DriverIRQHandler
 .text.CTIMER2_DriverIRQHandler
                0x0000000000009eda       0x12 ./drivers/fsl_ctimer.o
                0x0000000000009eda                CTIMER2_DriverIRQHandler
 .text.CTIMER3_DriverIRQHandler
                0x0000000000009eec       0x12 ./drivers/fsl_ctimer.o
                0x0000000000009eec                CTIMER3_DriverIRQHandler
 .text.CTIMER4_DriverIRQHandler
                0x0000000000009efe       0x12 ./drivers/fsl_ctimer.o
                0x0000000000009efe                CTIMER4_DriverIRQHandler
 .text.FLEXCOMM_PeripheralIsPresent
                0x0000000000009f10       0x64 ./drivers/fsl_flexcomm.o
 .text.FLEXCOMM_SetPeriph
                0x0000000000009f74       0x74 ./drivers/fsl_flexcomm.o
 .text.INPUTMUX_AttachSignal
                0x0000000000009fe8       0x36 ./drivers/fsl_inputmux.o
                0x0000000000009fe8                INPUTMUX_AttachSignal
 .text.MCAN_Reset
                0x000000000000a01e       0x3a ./drivers/fsl_mcan.o
 .text.MCAN_SetBaudRate
                0x000000000000a058       0x68 ./drivers/fsl_mcan.o
 .text.MCAN_SetBaudRateFD
                0x000000000000a0c0       0x64 ./drivers/fsl_mcan.o
 .text.MCAN_EnterNormalMode
                0x000000000000a124       0x2e ./drivers/fsl_mcan.o
                0x000000000000a124                MCAN_EnterNormalMode
 .text.MCAN_SetFilterConfig
                0x000000000000a152       0xae ./drivers/fsl_mcan.o
                0x000000000000a152                MCAN_SetFilterConfig
 .text.MCAN_SetRxFifo0Config
                0x000000000000a200       0x64 ./drivers/fsl_mcan.o
                0x000000000000a200                MCAN_SetRxFifo0Config
 .text.MCAN_SetRxFifo1Config
                0x000000000000a264       0x66 ./drivers/fsl_mcan.o
                0x000000000000a264                MCAN_SetRxFifo1Config
 .text.MCAN_SetRxBufferConfig
                0x000000000000a2ca       0x46 ./drivers/fsl_mcan.o
                0x000000000000a2ca                MCAN_SetRxBufferConfig
 .text.MCAN_SetTxEventFifoConfig
                0x000000000000a310       0x46 ./drivers/fsl_mcan.o
                0x000000000000a310                MCAN_SetTxEventFifoConfig
 .text.PINT_PinInterruptClrFallFlag
                0x000000000000a356       0x22 ./drivers/fsl_pint.o
 .text.PINT_PinInterruptClrRiseFlag
                0x000000000000a378       0x22 ./drivers/fsl_pint.o
 .text.PINT_PatternMatchResetDetectLogic
                0x000000000000a39a       0x34 ./drivers/fsl_pint.o
                0x000000000000a39a                PINT_PatternMatchResetDetectLogic
 .text.PINT_PinInterruptClrStatus
                0x000000000000a3ce       0x4e ./drivers/fsl_pint.o
                0x000000000000a3ce                PINT_PinInterruptClrStatus
 .text.RESET_PeripheralReset
                0x000000000000a41c       0x1c ./drivers/fsl_reset.o
                0x000000000000a41c                RESET_PeripheralReset
 .text.SCTIMER_SetupCounterLimitAction
                0x000000000000a438       0x56 ./drivers/fsl_sctimer.o
 .text.SPI_Enable
                0x000000000000a48e       0x40 ./drivers/fsl_spi.o
 .text.USART_EnableContinuousSCLK
                0x000000000000a4ce       0x38 ./drivers/fsl_usart.o
 .text.SystemInitHook
                0x000000000000a506        0xe ./device/system_LPC54616.o
                0x000000000000a506                SystemInitHook
 .text.POWER_DisablePD
                0x000000000000a514       0x2e ./board/clock_config.o
 .text.BOARD_InitBootClocks
                0x000000000000a542        0xc ./board/clock_config.o
                0x000000000000a542                BOARD_InitBootClocks
 .text.SCTIMER_StartTimer
                0x000000000000a54e       0x44 ./board/peripherals.o
 .text.GPIO_1_init
                0x000000000000a592        0xe ./board/peripherals.o
                0x000000000000a592                GPIO_1_init
 .text.BOARD_InitPeripherals
                0x000000000000a5a0       0x3c ./board/peripherals.o
                0x000000000000a5a0                BOARD_InitPeripherals
 .text.BOARD_InitBootPeripherals
                0x000000000000a5dc        0xc ./board/peripherals.o
                0x000000000000a5dc                BOARD_InitBootPeripherals
 .text.BOARD_InitBootPins
                0x000000000000a5e8        0xc ./board/pin_mux.o
                0x000000000000a5e8                BOARD_InitBootPins
 .text.__main   0x000000000000a5f4        0xe /storage/local/mcuxpressoide-11.0.0_2516/ide/plugins/com.nxp.mcuxpresso.tools.linux_11.0.0.201905131304/tools/bin/../lib/gcc/arm-none-eabi/8.2.1/../../../../arm-none-eabi/lib/thumb/v7e-m+fp/hard/libcr_semihost_nf.a(_cr__main.o)
                0x000000000000a5f4                __main
                0x000000000000a5f4                __CR_SEMIHOST
 .text.memset   0x000000000000a602        0x4 /storage/local/mcuxpressoide-11.0.0_2516/ide/plugins/com.nxp.mcuxpresso.tools.linux_11.0.0.201905131304/tools/bin/../lib/gcc/arm-none-eabi/8.2.1/../../../../arm-none-eabi/lib/thumb/v7e-m+fp/hard/libcr_c.a(memset.o)
                0x000000000000a602                memset
 .text._deferredlazyseek
                0x000000000000a606       0x40 /storage/local/mcuxpressoide-11.0.0_2516/ide/plugins/com.nxp.mcuxpresso.tools.linux_11.0.0.201905131304/tools/bin/../lib/gcc/arm-none-eabi/8.2.1/../../../../arm-none-eabi/lib/thumb/v7e-m+fp/hard/libcr_c.a(_deferredlazyseek.o)
                0x000000000000a606                _deferredlazyseek
 .text.__flsbuf
                0x000000000000a646      0x140 /storage/local/mcuxpressoide-11.0.0_2516/ide/plugins/com.nxp.mcuxpresso.tools.linux_11.0.0.201905131304/tools/bin/../lib/gcc/arm-none-eabi/8.2.1/../../../../arm-none-eabi/lib/thumb/v7e-m+fp/hard/libcr_c.a(_deferredlazyseek.o)
                0x000000000000a646                __flsbuf
 .text._fflush  0x000000000000a786       0x52 /storage/local/mcuxpressoide-11.0.0_2516/ide/plugins/com.nxp.mcuxpresso.tools.linux_11.0.0.201905131304/tools/bin/../lib/gcc/arm-none-eabi/8.2.1/../../../../arm-none-eabi/lib/thumb/v7e-m+fp/hard/libcr_c.a(_fflush.o)
                0x000000000000a786                _fflush
 .text.free     0x000000000000a7d8       0x30 /storage/local/mcuxpressoide-11.0.0_2516/ide/plugins/com.nxp.mcuxpresso.tools.linux_11.0.0.201905131304/tools/bin/../lib/gcc/arm-none-eabi/8.2.1/../../../../arm-none-eabi/lib/thumb/v7e-m+fp/hard/libcr_c.a(alloc.o)
                0x000000000000a7d8                free
 .text.fputs    0x000000000000a808       0x2c /storage/local/mcuxpressoide-11.0.0_2516/ide/plugins/com.nxp.mcuxpresso.tools.linux_11.0.0.201905131304/tools/bin/../lib/gcc/arm-none-eabi/8.2.1/../../../../arm-none-eabi/lib/thumb/v7e-m+fp/hard/libcr_c.a(fputs.o)
                0x000000000000a808                fputs
 .text.no_fp_display
                0x000000000000a834        0x4 /storage/local/mcuxpressoide-11.0.0_2516/ide/plugins/com.nxp.mcuxpresso.tools.linux_11.0.0.201905131304/tools/bin/../lib/gcc/arm-none-eabi/8.2.1/../../../../arm-none-eabi/lib/thumb/v7e-m+fp/hard/libcr_c.a(printf.o)
 .text.strlen   0x000000000000a838       0x4c /storage/local/mcuxpressoide-11.0.0_2516/ide/plugins/com.nxp.mcuxpresso.tools.linux_11.0.0.201905131304/tools/bin/../lib/gcc/arm-none-eabi/8.2.1/../../../../arm-none-eabi/lib/thumb/v7e-m+fp/hard/libcr_c.a(strlen.o)
                0x000000000000a838                strlen
 .text._fdopen  0x000000000000a884       0x68 /storage/local/mcuxpressoide-11.0.0_2516/ide/plugins/com.nxp.mcuxpresso.tools.linux_11.0.0.201905131304/tools/bin/../lib/gcc/arm-none-eabi/8.2.1/../../../../arm-none-eabi/lib/thumb/v7e-m+fp/hard/libcr_c.a(_fdopen.o)
                0x000000000000a884                _fdopen
 .text.fclose   0x000000000000a8ec       0x58 /storage/local/mcuxpressoide-11.0.0_2516/ide/plugins/com.nxp.mcuxpresso.tools.linux_11.0.0.201905131304/tools/bin/../lib/gcc/arm-none-eabi/8.2.1/../../../../arm-none-eabi/lib/thumb/v7e-m+fp/hard/libcr_c.a(fclose.o)
                0x000000000000a8ec                fclose
 .text.remove   0x000000000000a944       0x14 /storage/local/mcuxpressoide-11.0.0_2516/ide/plugins/com.nxp.mcuxpresso.tools.linux_11.0.0.201905131304/tools/bin/../lib/gcc/arm-none-eabi/8.2.1/../../../../arm-none-eabi/lib/thumb/v7e-m+fp/hard/libcr_c.a(remove.o)
                0x000000000000a944                remove
 .text._do_fflush
                0x000000000000a958       0x40 /storage/local/mcuxpressoide-11.0.0_2516/ide/plugins/com.nxp.mcuxpresso.tools.linux_11.0.0.201905131304/tools/bin/../lib/gcc/arm-none-eabi/8.2.1/../../../../arm-none-eabi/lib/thumb/v7e-m+fp/hard/libcr_c.a(_do_fflush.o)
                0x000000000000a958                _do_fflush
 .text.__aeabi_division_uldivmod
                0x000000000000a998      0x174 /storage/local/mcuxpressoide-11.0.0_2516/ide/plugins/com.nxp.mcuxpresso.tools.linux_11.0.0.201905131304/tools/bin/../lib/gcc/arm-none-eabi/8.2.1/thumb/v7e-m+fp/hard/libcr_eabihelpers.a(division_64.o)
                0x000000000000a998                __aeabi_uldivmod
                0x000000000000a99c                __bhs_ldivmod1
 .text.__aeabi_division_idiv0
                0x000000000000ab0c        0x2 /storage/local/mcuxpressoide-11.0.0_2516/ide/plugins/com.nxp.mcuxpresso.tools.linux_11.0.0.201905131304/tools/bin/../lib/gcc/arm-none-eabi/8.2.1/thumb/v7e-m+fp/hard/libcr_eabihelpers.a(division_idiv0.o)
                0x000000000000ab0c                __aeabi_idiv0
 .text.__aeabi_memset_lowlevel
                0x000000000000ab0e       0x32 /storage/local/mcuxpressoide-11.0.0_2516/ide/plugins/com.nxp.mcuxpresso.tools.linux_11.0.0.201905131304/tools/bin/../lib/gcc/arm-none-eabi/8.2.1/thumb/v7e-m+fp/hard/libcr_eabihelpers.a(memcpy.o)
                0x000000000000ab0e                __aeabi_lowlevel_memset
 .text.__sys_close
                0x000000000000ab40        0xc /storage/local/mcuxpressoide-11.0.0_2516/ide/plugins/com.nxp.mcuxpresso.tools.linux_11.0.0.201905131304/tools/bin/../lib/gcc/arm-none-eabi/8.2.1/../../../../arm-none-eabi/lib/thumb/v7e-m+fp/hard/libcr_semihost_nf.a(__sys_close.o)
                0x000000000000ab40                __sys_close
 .text.__sys_flen
                0x000000000000ab4c        0xc /storage/local/mcuxpressoide-11.0.0_2516/ide/plugins/com.nxp.mcuxpresso.tools.linux_11.0.0.201905131304/tools/bin/../lib/gcc/arm-none-eabi/8.2.1/../../../../arm-none-eabi/lib/thumb/v7e-m+fp/hard/libcr_semihost_nf.a(__sys_flen.o)
                0x000000000000ab4c                __sys_flen
 .text.__sys_istty
                0x000000000000ab58        0xc /storage/local/mcuxpressoide-11.0.0_2516/ide/plugins/com.nxp.mcuxpresso.tools.linux_11.0.0.201905131304/tools/bin/../lib/gcc/arm-none-eabi/8.2.1/../../../../arm-none-eabi/lib/thumb/v7e-m+fp/hard/libcr_semihost_nf.a(__sys_istty.o)
                0x000000000000ab58                __sys_istty
 .text.__sys_remove
                0x000000000000ab64        0xc /storage/local/mcuxpressoide-11.0.0_2516/ide/plugins/com.nxp.mcuxpresso.tools.linux_11.0.0.201905131304/tools/bin/../lib/gcc/arm-none-eabi/8.2.1/../../../../arm-none-eabi/lib/thumb/v7e-m+fp/hard/libcr_semihost_nf.a(__sys_remove.o)
                0x000000000000ab64                __sys_remove
 .text.__sys_seek
                0x000000000000ab70        0xc /storage/local/mcuxpressoide-11.0.0_2516/ide/plugins/com.nxp.mcuxpresso.tools.linux_11.0.0.201905131304/tools/bin/../lib/gcc/arm-none-eabi/8.2.1/../../../../arm-none-eabi/lib/thumb/v7e-m+fp/hard/libcr_semihost_nf.a(__sys_seek.o)
                0x000000000000ab70                __sys_seek
 .text.__sys_tmpnam
                0x000000000000ab7c        0xc /storage/local/mcuxpressoide-11.0.0_2516/ide/plugins/com.nxp.mcuxpresso.tools.linux_11.0.0.201905131304/tools/bin/../lib/gcc/arm-none-eabi/8.2.1/../../../../arm-none-eabi/lib/thumb/v7e-m+fp/hard/libcr_semihost_nf.a(__sys_tmpnam.o)
                0x000000000000ab7c                __sys_tmpnam
 .text.__sys_write
                0x000000000000ab88        0xc /storage/local/mcuxpressoide-11.0.0_2516/ide/plugins/com.nxp.mcuxpresso.tools.linux_11.0.0.201905131304/tools/bin/../lib/gcc/arm-none-eabi/8.2.1/../../../../arm-none-eabi/lib/thumb/v7e-m+fp/hard/libcr_semihost_nf.a(__sys_write.o)
                0x000000000000ab88                __sys_write
 *(SORT_BY_ALIGNMENT(.rodata) SORT_BY_ALIGNMENT(.rodata.*) SORT_BY_ALIGNMENT(.constdata) SORT_BY_ALIGNMENT(.constdata.*))
 .rodata.s_UsbDeviceStandardRequest
                0x000000000000ab94       0x34 ./usb/device/source/usb_device_ch9.o
 .rodata.s_UsbDeviceLpc3511IpInterface
                0x000000000000abc8       0x18 ./usb/device/source/usb_device_dci.o
 .rodata        0x000000000000abe0       0xb5 ./usb/device/class/cdc/usb_device_cdc_acm.o
 *fill*         0x000000000000ac95        0x3 ff
 .rodata.s_UsbDeviceClassInterfaceMap
                0x000000000000ac98       0x20 ./usb/device/class/usb_device_class.o
 .rodata        0x000000000000acb8       0x99 ./source/virtual_com.o
 *fill*         0x000000000000ad51        0x3 ff
 .rodata        0x000000000000ad54      0x197 ./drivers/fsl_adc.o
 *fill*         0x000000000000aeeb        0x1 ff
 .rodata.wdtFreqLookup
                0x000000000000aeec       0x20 ./drivers/fsl_clock.o
 .rodata        0x000000000000af0c       0xbb ./drivers/fsl_clock.o
 *fill*         0x000000000000afc7        0x1 ff
 .rodata.s_ctimerBases
                0x000000000000afc8       0x14 ./drivers/fsl_ctimer.o
 .rodata.s_ctimerClocks
                0x000000000000afdc        0xa ./drivers/fsl_ctimer.o
 *fill*         0x000000000000afe6        0x2 ff
 .rodata.s_ctimerResets
                0x000000000000afe8       0x14 ./drivers/fsl_ctimer.o
 .rodata        0x000000000000affc       0xb5 ./drivers/fsl_ctimer.o
 *fill*         0x000000000000b0b1        0x3 ff
 .rodata.s_flexcommBaseAddrs
                0x000000000000b0b4       0x28 ./drivers/fsl_flexcomm.o
 .rodata.s_flexcommClocks
                0x000000000000b0dc       0x14 ./drivers/fsl_flexcomm.o
 .rodata.s_flexcommResets
                0x000000000000b0f0       0x28 ./drivers/fsl_flexcomm.o
 .rodata        0x000000000000b118      0x258 ./drivers/fsl_flexcomm.o
 .rodata        0x000000000000b370      0x709 ./drivers/fsl_mcan.o
 *fill*         0x000000000000ba79        0x3 ff
 .rodata.s_mcanBases
                0x000000000000ba7c        0x8 ./drivers/fsl_mcan.o
 .rodata.s_mcanClock
                0x000000000000ba84        0x4 ./drivers/fsl_mcan.o
 .rodata.s_mcanResets
                0x000000000000ba88        0x8 ./drivers/fsl_mcan.o
 .rodata        0x000000000000ba90      0x161 ./drivers/fsl_pint.o
 *fill*         0x000000000000bbf1        0x3 ff
 .rodata        0x000000000000bbf4       0x55 ./drivers/fsl_reset.o
 *fill*         0x000000000000bc49        0x3 ff
 .rodata        0x000000000000bc4c      0x2c7 ./drivers/fsl_sctimer.o
 *fill*         0x000000000000bf13        0x1 ff
 .rodata        0x000000000000bf14      0x6ee ./drivers/fsl_spi.o
 *fill*         0x000000000000c602        0x2 ff
 .rodata.s_spiBaseAddrs
                0x000000000000c604       0x28 ./drivers/fsl_spi.o
 .rodata        0x000000000000c62c      0x5d0 ./drivers/fsl_usart.o
 .rodata        0x000000000000cbfc        0xc ./board/clock_config.o
 .rodata        0x000000000000cc08       0x85 ./board/peripherals.o
 *fill*         0x000000000000cc8d        0x3 ff
 .rodata.USART_1_config
                0x000000000000cc90       0x10 ./board/peripherals.o
                0x000000000000cc90                USART_1_config
 .rodata.ADC_1configStruct
                0x000000000000cca0       0x10 ./board/peripherals.o
                0x000000000000cca0                ADC_1configStruct
 .rodata.SPI_1_config
                0x000000000000ccb0       0x18 ./board/peripherals.o
                0x000000000000ccb0                SPI_1_config
 .rodata.SPI_2_config
                0x000000000000ccc8       0x18 ./board/peripherals.o
                0x000000000000ccc8                SPI_2_config
 .rodata.SPI_3_config
                0x000000000000cce0       0x18 ./board/peripherals.o
                0x000000000000cce0                SPI_3_config
 .rodata.SCTimer_1_initConfig
                0x000000000000ccf8        0x9 ./board/peripherals.o
                0x000000000000ccf8                SCTimer_1_initConfig
 *fill*         0x000000000000cd01        0x3 ff
 .rodata.SCTimer_1_pwmSignalsConfig
                0x000000000000cd04        0x3 ./board/peripherals.o
                0x000000000000cd04                SCTimer_1_pwmSignalsConfig
 *fill*         0x000000000000cd07        0x1 ff
 .rodata.CAN_1_config
                0x000000000000cd08       0x1c ./board/peripherals.o
                0x000000000000cd08                CAN_1_config
 .rodata.CAN_1_nominal_bit_time
                0x000000000000cd24        0xc ./board/peripherals.o
                0x000000000000cd24                CAN_1_nominal_bit_time
 .rodata.CAN_1_std_filter_config
                0x000000000000cd30        0xc ./board/peripherals.o
                0x000000000000cd30                CAN_1_std_filter_config
 .rodata.CAN_1_ext_filter_config
                0x000000000000cd3c        0xc ./board/peripherals.o
                0x000000000000cd3c                CAN_1_ext_filter_config
 .rodata.CAN_1_rx_fifo0_config
                0x000000000000cd48       0x10 ./board/peripherals.o
                0x000000000000cd48                CAN_1_rx_fifo0_config
 .rodata.CAN_1_rx_fifo1_config
                0x000000000000cd58       0x10 ./board/peripherals.o
                0x000000000000cd58                CAN_1_rx_fifo1_config
 .rodata.CAN_1_rx_buffers_config
                0x000000000000cd68        0x8 ./board/peripherals.o
                0x000000000000cd68                CAN_1_rx_buffers_config
 .rodata.CAN_1_tx_event_fifo_config
                0x000000000000cd70        0xc ./board/peripherals.o
                0x000000000000cd70                CAN_1_tx_event_fifo_config
 .rodata.CAN_1_tx_buffers_config
                0x000000000000cd7c       0x10 ./board/peripherals.o
                0x000000000000cd7c                CAN_1_tx_buffers_config
 .rodata.CAN_2_config
                0x000000000000cd8c       0x1c ./board/peripherals.o
                0x000000000000cd8c                CAN_2_config
 .rodata.CAN_2_nominal_bit_time
                0x000000000000cda8        0xc ./board/peripherals.o
                0x000000000000cda8                CAN_2_nominal_bit_time
 .rodata.CAN_2_std_filter_config
                0x000000000000cdb4        0xc ./board/peripherals.o
                0x000000000000cdb4                CAN_2_std_filter_config
 .rodata.CAN_2_ext_filter_config
                0x000000000000cdc0        0xc ./board/peripherals.o
                0x000000000000cdc0                CAN_2_ext_filter_config
 .rodata.CAN_2_rx_fifo0_config
                0x000000000000cdcc       0x10 ./board/peripherals.o
                0x000000000000cdcc                CAN_2_rx_fifo0_config
 .rodata.CAN_2_rx_fifo1_config
                0x000000000000cddc       0x10 ./board/peripherals.o
                0x000000000000cddc                CAN_2_rx_fifo1_config
 .rodata.CAN_2_rx_buffers_config
                0x000000000000cdec        0x8 ./board/peripherals.o
                0x000000000000cdec                CAN_2_rx_buffers_config
 .rodata.CAN_2_tx_event_fifo_config
                0x000000000000cdf4        0xc ./board/peripherals.o
                0x000000000000cdf4                CAN_2_tx_event_fifo_config
 .rodata.CAN_2_tx_buffers_config
                0x000000000000ce00       0x10 ./board/peripherals.o
                0x000000000000ce00                CAN_2_tx_buffers_config
 .rodata.CTIMER_1_config
                0x000000000000ce10        0x8 ./board/peripherals.o
                0x000000000000ce10                CTIMER_1_config
 .rodata.CTIMER_2_config
                0x000000000000ce18        0x8 ./board/peripherals.o
                0x000000000000ce18                CTIMER_2_config
 .rodata.CTIMER_3_config
                0x000000000000ce20        0x8 ./board/peripherals.o
                0x000000000000ce20                CTIMER_3_config
 .rodata.__num_Ciob_streams
                0x000000000000ce28        0x4 /storage/local/mcuxpressoide-11.0.0_2516/ide/plugins/com.nxp.mcuxpresso.tools.linux_11.0.0.201905131304/tools/bin/../lib/gcc/arm-none-eabi/8.2.1/../../../../arm-none-eabi/lib/thumb/v7e-m+fp/hard/libcr_semihost_nf.a(__ciob.o)
                0x000000000000ce28                __num_Ciob_streams
 .rodata.__assertion_failed.str1.1
                0x000000000000ce2c       0x15 /storage/local/mcuxpressoide-11.0.0_2516/ide/plugins/com.nxp.mcuxpresso.tools.linux_11.0.0.201905131304/tools/bin/../lib/gcc/arm-none-eabi/8.2.1/../../../../arm-none-eabi/lib/thumb/v7e-m+fp/hard/libcr_semihost_nf.a(_cr_assert.o)
 .rodata._Csys_alloc.str1.1
                0x000000000000ce41       0x18 /storage/local/mcuxpressoide-11.0.0_2516/ide/plugins/com.nxp.mcuxpresso.tools.linux_11.0.0.201905131304/tools/bin/../lib/gcc/arm-none-eabi/8.2.1/../../../../arm-none-eabi/lib/thumb/v7e-m+fp/hard/libcr_c.a(alloc.o)
 .rodata._initio.str1.1
                0x000000000000ce59        0x4 /storage/local/mcuxpressoide-11.0.0_2516/ide/plugins/com.nxp.mcuxpresso.tools.linux_11.0.0.201905131304/tools/bin/../lib/gcc/arm-none-eabi/8.2.1/../../../../arm-none-eabi/lib/thumb/v7e-m+fp/hard/libcr_c.a(initio.o)
 .rodata.__vfprintf.str1.1
                0x000000000000ce5d       0x35 /storage/local/mcuxpressoide-11.0.0_2516/ide/plugins/com.nxp.mcuxpresso.tools.linux_11.0.0.201905131304/tools/bin/../lib/gcc/arm-none-eabi/8.2.1/../../../../arm-none-eabi/lib/thumb/v7e-m+fp/hard/libcr_c.a(printf.o)
                                         0x38 (size before relaxing)
                0x000000000000ce94                . = ALIGN (0x4)
 *fill*         0x000000000000ce92        0x2 ff

.glue_7         0x000000000000ce94        0x0
 .glue_7        0x000000000000ce94        0x0 linker stubs

.glue_7t        0x000000000000ce94        0x0
 .glue_7t       0x000000000000ce94        0x0 linker stubs

.vfp11_veneer   0x000000000000ce94        0x0
 .vfp11_veneer  0x000000000000ce94        0x0 linker stubs

.v4_bx          0x000000000000ce94        0x0
 .v4_bx         0x000000000000ce94        0x0 linker stubs

.iplt           0x000000000000ce94        0x0
 .iplt          0x000000000000ce94        0x0 ./usb/device/source/lpcip3511/usb_device_lpcip3511.o

.rel.dyn        0x000000000000ce94        0x0
 .rel.iplt      0x000000000000ce94        0x0 ./usb/device/source/lpcip3511/usb_device_lpcip3511.o

.ARM.extab
 *(SORT_BY_ALIGNMENT(.ARM.extab*) SORT_BY_ALIGNMENT(.gnu.linkonce.armextab.*))
                0x000000000000ce94                __exidx_start = .

.ARM.exidx
 *(SORT_BY_ALIGNMENT(.ARM.exidx*) SORT_BY_ALIGNMENT(.gnu.linkonce.armexidx.*))
                0x000000000000ce94                __exidx_end = .
                0x000000000000ce94                _etext = .

.m_usb_data
 *(SORT_BY_ALIGNMENT(m_usb_global))

.data_RAM2      0x0000000004000000        0x0 load address 0x000000000000ce94
 FILL mask 0xff
                [!provide]                        PROVIDE (__start_data_RAM2 = .)
 *(SORT_BY_ALIGNMENT(.ramfunc.$RAM2))
 *(SORT_BY_ALIGNMENT(.ramfunc.$SRAMX))
 *(SORT_BY_ALIGNMENT(.data.$RAM2))
 *(SORT_BY_ALIGNMENT(.data.$SRAMX))
 *(SORT_BY_ALIGNMENT(.data.$RAM2.*))
 *(SORT_BY_ALIGNMENT(.data.$SRAMX.*))
                0x0000000004000000                . = ALIGN (0x4)
                [!provide]                        PROVIDE (__end_data_RAM2 = .)

.data_RAM3      0x0000000040100000        0x0 load address 0x000000000000ce94
 FILL mask 0xff
                [!provide]                        PROVIDE (__start_data_RAM3 = .)
 *(SORT_BY_ALIGNMENT(.ramfunc.$RAM3))
 *(SORT_BY_ALIGNMENT(.ramfunc.$USB_RAM))
 *(SORT_BY_ALIGNMENT(.data.$RAM3))
 *(SORT_BY_ALIGNMENT(.data.$USB_RAM))
 *(SORT_BY_ALIGNMENT(.data.$RAM3.*))
 *(SORT_BY_ALIGNMENT(.data.$USB_RAM.*))
                0x0000000040100000                . = ALIGN (0x4)
                [!provide]                        PROVIDE (__end_data_RAM3 = .)

.uninit_RESERVED
                0x0000000020000000        0x0
                0x0000000020000000                . = ALIGN (0x4)
 *(SORT_BY_ALIGNMENT(.bss.$RESERVED*))
                0x0000000020000000                . = ALIGN (0x4)
                0x0000000020000000                _end_uninit_RESERVED = .

.data           0x0000000020000000      0x234 load address 0x000000000000ce94
 FILL mask 0xff
                0x0000000020000000                _data = .
 *(SORT_BY_ALIGNMENT(vtable))
 *(SORT_BY_ALIGNMENT(.ramfunc*))
 *(SORT_BY_ALIGNMENT(.data*))
 .data.g_UsbDeviceDescriptor
                0x0000000020000000       0x12 ./source/usb_device_descriptor.o
                0x0000000020000000                g_UsbDeviceDescriptor
 *fill*         0x0000000020000012       0x2e ff
 .data.g_UsbDeviceConfigurationDescriptor
                0x0000000020000040       0x43 ./source/usb_device_descriptor.o
                0x0000000020000040                g_UsbDeviceConfigurationDescriptor
 *fill*         0x0000000020000083       0x3d ff
 .data.g_UsbDeviceString0
                0x00000000200000c0        0x4 ./source/usb_device_descriptor.o
                0x00000000200000c0                g_UsbDeviceString0
 *fill*         0x00000000200000c4       0x3c ff
 .data.g_UsbDeviceString1
                0x0000000020000100       0x26 ./source/usb_device_descriptor.o
                0x0000000020000100                g_UsbDeviceString1
 *fill*         0x0000000020000126       0x1a ff
 .data.g_UsbDeviceString2
                0x0000000020000140       0x2a ./source/usb_device_descriptor.o
                0x0000000020000140                g_UsbDeviceString2
 *fill*         0x000000002000016a       0x16 ff
 .data.s_lineCoding
                0x0000000020000180        0x7 ./source/virtual_com.o
 *fill*         0x0000000020000187        0x1 ff
 .data.g_UsbDeviceCdcVcomCicEndpoints
                0x0000000020000188        0x6 ./source/usb_device_descriptor.o
                0x0000000020000188                g_UsbDeviceCdcVcomCicEndpoints
 *fill*         0x000000002000018e        0x2 ff
 .data.g_UsbDeviceCdcVcomDicEndpoints
                0x0000000020000190        0xc ./source/usb_device_descriptor.o
                0x0000000020000190                g_UsbDeviceCdcVcomDicEndpoints
 .data.g_UsbDeviceCdcVcomCommunicationInterface
                0x000000002000019c       0x10 ./source/usb_device_descriptor.o
                0x000000002000019c                g_UsbDeviceCdcVcomCommunicationInterface
 .data.g_UsbDeviceCdcVcomDataInterface
                0x00000000200001ac       0x10 ./source/usb_device_descriptor.o
                0x00000000200001ac                g_UsbDeviceCdcVcomDataInterface
 .data.g_UsbDeviceCdcVcomInterfaces
                0x00000000200001bc       0x18 ./source/usb_device_descriptor.o
                0x00000000200001bc                g_UsbDeviceCdcVcomInterfaces
 .data.g_UsbDeviceCdcVcomInterfaceList
                0x00000000200001d4        0x8 ./source/usb_device_descriptor.o
                0x00000000200001d4                g_UsbDeviceCdcVcomInterfaceList
 .data.g_UsbDeviceCdcVcomConfig
                0x00000000200001dc        0x8 ./source/usb_device_descriptor.o
                0x00000000200001dc                g_UsbDeviceCdcVcomConfig
 .data.g_UsbDeviceStringDescriptorArray
                0x00000000200001e4        0xc ./source/usb_device_descriptor.o
                0x00000000200001e4                g_UsbDeviceStringDescriptorArray
 .data.g_UsbDeviceStringDescriptorLength
                0x00000000200001f0        0xc ./source/usb_device_descriptor.o
                0x00000000200001f0                g_UsbDeviceStringDescriptorLength
 .data.g_UsbDeviceLanguage
                0x00000000200001fc        0xc ./source/usb_device_descriptor.o
                0x00000000200001fc                g_UsbDeviceLanguage
 .data.g_UsbDeviceLanguageList
                0x0000000020000208       0x10 ./source/usb_device_descriptor.o
                0x0000000020000208                g_UsbDeviceLanguageList
 .data.s_cdcAcmConfig
                0x0000000020000218        0xc ./source/virtual_com.o
 .data.s_cdcAcmConfigList
                0x0000000020000224        0xc ./source/virtual_com.o
 .data.SystemCoreClock
                0x0000000020000230        0x4 ./device/system_LPC54616.o
                0x0000000020000230                SystemCoreClock
                0x0000000020000234                . = ALIGN (0x4)
                0x0000000020000234                _edata = .

.igot.plt       0x0000000020000234        0x0 load address 0x000000000000d0c8
 .igot.plt      0x0000000020000234        0x0 ./usb/device/source/lpcip3511/usb_device_lpcip3511.o

.bss_RAM2       0x0000000004000000        0x0
                0x0000000004000000                . = ALIGN (0x4)
                [!provide]                        PROVIDE (__start_bss_RAM2 = .)
 *(SORT_BY_ALIGNMENT(.bss.$RAM2))
 *(SORT_BY_ALIGNMENT(.bss.$SRAMX))
 *(SORT_BY_ALIGNMENT(.bss.$RAM2.*))
 *(SORT_BY_ALIGNMENT(.bss.$SRAMX.*))
                0x0000000004000000                . = ALIGN ((. != 0x0)?0x4:0x1)
                [!provide]                        PROVIDE (__end_bss_RAM2 = .)

.bss_RAM3       0x0000000040100000        0x0
                0x0000000040100000                . = ALIGN (0x4)
                [!provide]                        PROVIDE (__start_bss_RAM3 = .)
 *(SORT_BY_ALIGNMENT(.bss.$RAM3))
 *(SORT_BY_ALIGNMENT(.bss.$USB_RAM))
 *(SORT_BY_ALIGNMENT(.bss.$RAM3.*))
 *(SORT_BY_ALIGNMENT(.bss.$USB_RAM.*))
                0x0000000040100000                . = ALIGN ((. != 0x0)?0x4:0x1)
                [!provide]                        PROVIDE (__end_bss_RAM3 = .)

.bss            0x0000000020010000    0x11fc4
                0x0000000020010000                . = ALIGN (0x4)
                0x0000000020010000                _bss = .
 *(SORT_BY_ALIGNMENT(.bss*))
 .bss.CAN_1_RAM_BASE_ADDRESS
                0x0000000020010000       0x24 ./board/peripherals.o
                0x0000000020010000                CAN_1_RAM_BASE_ADDRESS
 *fill*         0x0000000020010024     0xffdc 
 .bss.CAN_2_RAM_BASE_ADDRESS
                0x0000000020020000       0x24 ./board/peripherals.o
                0x0000000020020000                CAN_2_RAM_BASE_ADDRESS
 *fill*         0x0000000020020024       0xdc 
 .bss.s_EpCommandStatusList1
                0x0000000020020100       0x60 ./usb/device/source/lpcip3511/usb_device_lpcip3511.o
 *fill*         0x0000000020020160       0x20 
 .bss.m_usb_global
                0x0000000020020180     0x14c0 ./usb/device/source/lpcip3511/usb_device_lpcip3511.o
 .bss.m_usb_global
                0x0000000020021640       0x44 ./usb/device/class/cdc/usb_device_cdc_acm.o
                0x0000000020021640                g_cdcAcmHandle
 *fill*         0x0000000020021684       0x3c 
 .bss.m_usb_global
                0x00000000200216c0       0x80 ./usb/device/class/usb_device_class.o
 .bss.s_abstractState
                0x0000000020021740        0x2 ./source/virtual_com.o
 *fill*         0x0000000020021742       0x3e 
 .bss.s_countryCode
                0x0000000020021780        0x2 ./source/virtual_com.o
 *fill*         0x0000000020021782       0x3e 
 .bss.s_usbCdcAcmInfo
                0x00000000200217c0       0x12 ./source/virtual_com.o
 *fill*         0x00000000200217d2       0x2e 
 .bss.s_currRecvBuf
                0x0000000020021800      0x200 ./source/virtual_com.o
 .bss.s_currSendBuf
                0x0000000020021a00      0x200 ./source/virtual_com.o
 .bss.s_UsbDeviceLpc3511IpState
                0x0000000020021c00      0x17c ./usb/device/source/lpcip3511/usb_device_lpcip3511.o
 .bss.m_usb_global
                0x0000000020021d7c       0x70 ./usb/device/source/usb_device_dci.o
 .bss.s_cdcVcom
                0x0000000020021dec       0x10 ./source/virtual_com.o
                0x0000000020021dec                s_cdcVcom
 .bss.s_recvSize
                0x0000000020021dfc        0x4 ./source/virtual_com.o
 .bss.s_sendSize
                0x0000000020021e00        0x4 ./source/virtual_com.o
 .bss.s_Pll_Freq
                0x0000000020021e04        0x4 ./drivers/fsl_clock.o
 .bss.s_Usb_Pll_Freq
                0x0000000020021e08        0x4 ./drivers/fsl_clock.o
 .bss.s_Audio_Pll_Freq
                0x0000000020021e0c        0x4 ./drivers/fsl_clock.o
 .bss.s_ctimerCallback
                0x0000000020021e10       0x14 ./drivers/fsl_ctimer.o
 .bss.ctimerCallbackType
                0x0000000020021e24        0x5 ./drivers/fsl_ctimer.o
 *fill*         0x0000000020021e29        0x3 
 .bss.s_flexcommIrqHandler
                0x0000000020021e2c       0x28 ./drivers/fsl_flexcomm.o
 .bss.s_flexcommHandle
                0x0000000020021e54       0x28 ./drivers/fsl_flexcomm.o
 .bss.s_mcanHandle
                0x0000000020021e7c        0x8 ./drivers/fsl_mcan.o
 .bss.s_mcanIsr
                0x0000000020021e84        0x4 ./drivers/fsl_mcan.o
 .bss.s_pintCallback
                0x0000000020021e88       0x20 ./drivers/fsl_pint.o
 .bss.s_eventCallback
                0x0000000020021ea8       0x28 ./drivers/fsl_sctimer.o
 .bss.s_currentEvent
                0x0000000020021ed0        0x4 ./drivers/fsl_sctimer.o
 .bss.s_currentState
                0x0000000020021ed4        0x4 ./drivers/fsl_sctimer.o
 .bss.s_currentMatch
                0x0000000020021ed8        0x4 ./drivers/fsl_sctimer.o
 .bss.s_sctimerIsr
                0x0000000020021edc        0x4 ./drivers/fsl_sctimer.o
 .bss.g_configs
                0x0000000020021ee0       0x14 ./drivers/fsl_spi.o
 .bss.s_dummyData
                0x0000000020021ef4        0xa ./drivers/fsl_spi.o
                0x0000000020021ef4                s_dummyData
 *fill*         0x0000000020021efe        0x2 
 .bss.SCTimer_1_pwmEvent
                0x0000000020021f00        0x4 ./board/peripherals.o
                0x0000000020021f00                SCTimer_1_pwmEvent
 .bss.__Ciob    0x0000000020021f04       0xb4 /storage/local/mcuxpressoide-11.0.0_2516/ide/plugins/com.nxp.mcuxpresso.tools.linux_11.0.0.201905131304/tools/bin/../lib/gcc/arm-none-eabi/8.2.1/../../../../arm-none-eabi/lib/thumb/v7e-m+fp/hard/libcr_semihost_nf.a(__ciob.o)
                0x0000000020021f04                __Ciob
 .bss.__end_of_heap
                0x0000000020021fb8        0x4 /storage/local/mcuxpressoide-11.0.0_2516/ide/plugins/com.nxp.mcuxpresso.tools.linux_11.0.0.201905131304/tools/bin/../lib/gcc/arm-none-eabi/8.2.1/../../../../arm-none-eabi/lib/thumb/v7e-m+fp/hard/libcr_c.a(__init_alloc.o)
                0x0000000020021fb8                __end_of_heap
 .bss.__heaps   0x0000000020021fbc        0x4 /storage/local/mcuxpressoide-11.0.0_2516/ide/plugins/com.nxp.mcuxpresso.tools.linux_11.0.0.201905131304/tools/bin/../lib/gcc/arm-none-eabi/8.2.1/../../../../arm-none-eabi/lib/thumb/v7e-m+fp/hard/libcr_c.a(__init_alloc.o)
                0x0000000020021fbc                __heaps
 .bss.errno     0x0000000020021fc0        0x4 /storage/local/mcuxpressoide-11.0.0_2516/ide/plugins/com.nxp.mcuxpresso.tools.linux_11.0.0.201905131304/tools/bin/../lib/gcc/arm-none-eabi/8.2.1/../../../../arm-none-eabi/lib/thumb/v7e-m+fp/hard/libcr_c.a(errno.o)
                0x0000000020021fc0                errno
 *(SORT_BY_ALIGNMENT(COMMON))
                0x0000000020021fc4                . = ALIGN (0x4)
                0x0000000020021fc4                _ebss = .
                [!provide]                        PROVIDE (end = .)

.noinit_RAM2    0x0000000004000000        0x0
                0x0000000004000000                . = ALIGN (0x4)
 *(SORT_BY_ALIGNMENT(.noinit.$RAM2))
 *(SORT_BY_ALIGNMENT(.noinit.$SRAMX))
 *(SORT_BY_ALIGNMENT(.noinit.$RAM2.*))
 *(SORT_BY_ALIGNMENT(.noinit.$SRAMX.*))
                0x0000000004000000                . = ALIGN (0x4)

.noinit_RAM3    0x0000000040100000        0x0
                0x0000000040100000                . = ALIGN (0x4)
 *(SORT_BY_ALIGNMENT(.noinit.$RAM3))
 *(SORT_BY_ALIGNMENT(.noinit.$USB_RAM))
 *(SORT_BY_ALIGNMENT(.noinit.$RAM3.*))
 *(SORT_BY_ALIGNMENT(.noinit.$USB_RAM.*))
                0x0000000040100000                . = ALIGN (0x4)

.noinit         0x0000000020021fc4        0x0